data/RDC_Inventory_Hotness_Metrics_Metro_History.csv
month_date_yyyymm,cbsa_code,cbsa_title,nielsen_hh_rank,hotness_rank,hotness_rank_mm,hotness_rank_yy,hotness_score,supply_score,demand_score,median_days_on_market,median_days_on_market_mm,median_dom_mm_day,median_days_on_market_yy,median_dom_yy_day,median_dom_vs_us,ldp_unique_viewers_per_property_mm,ldp_unique_viewers_per_property_yy,ldp_unique_viewers_per_property_vs_us,median_listing_price,median_listing_price_mm,median_listing_price_yy,median_listing_price_vs_us,quality_flag
202301,35980,"Norwich-New London, CT",183,88,9,-4,61.8729097,27.090301,96.6555184,81.5,0.164285714,11.5,0.253846154,16.5,6.5,0.38056093,-0.171441958,2.278961676,412450,0,0.213088235,1.031125,0
202301,14860,"Bridgeport-Stamford-Norwalk, CT",62,89,-44,-79,61.70568562,28.42809365,94.98327759,81,0.038461538,3,-0.047058824,-4,6,0.411005083,-0.206829711,2.076999882,807425,0.010544431,0.027261537,2.0185625,0
202301,17820,"Colorado Springs, CO",74,90,-60,85,61.70568562,68.89632107,54.51505017,69,0.061538462,4,1.338983051,39.5,-6,0.372083883,-0.569963438,1.176436758,493250,-0.003535354,0.008807766,1.233125,1
202301,33460,"Minneapolis-St. Paul-Bloomington, MN-WI",15,90,-23,-136,61.70568562,88.29431438,35.11705686,60.5,0.043103448,2.5,0.043103448,2.5,-14.5,0.294463917,-0.212432821,0.990613646,417450,0.043625,0.124858029,1.043625,0
202301,41940,"San Jose-Sunnyvale-Santa Clara, CA",37,92,-33,-34,61.53846154,95.98662207,27.090301,54.5,0.028301887,1.5,0.297619048,12.5,-20.5,0.467624095,-0.358144844,0.902112088,1349000,-0.03297491,0.039291217,3.3725,0
202301,11460,"Ann Arbor, MI",141,93,-66,-114,61.37123746,44.48160535,78.26086957,76,0.013333333,1,-0.2,-19,1,0.320772443,-0.325660367,1.506255829,427475,0.01804001,-0.002845846,1.0686875,0
202301,31180,"Lubbock, TX",165,94,-11,-4,61.0367893,98.66220736,23.41137124,53,0.039215686,2,0.204545455,9,-22,0.255175609,-0.472833488,0.859443309,299250,0.00083612,-0.0025,0.748125,0
202301,16700,"Charleston-North Charleston, SC",67,95,11,2,60.86956522,61.8729097,59.86622074,71,0.183333333,11,0.245614035,14,-4,0.356809331,-0.436610711,1.245618891,481466,0.005148225,0.000989626,1.203665,0
202301,42680,"Sebastian-Vero Beach, FL",238,96,-25,75,60.86956522,57.85953177,63.87959866,72.25,0.09469697,6.25,0.445,22.25,-2.75,0.310761284,-0.57144949,1.30653659,430000,0.011764706,0.011883751,1.075,0
202301,19820,"Detroit-Warren-Dearborn, MI",13,97,35,-27,60.70234114,77.25752508,44.14715719,65.5,0.169642857,9.5,0.190909091,10.5,-9.5,0.234692348,-0.437652182,1.078818735,224950,-0.0215311,0.097317073,0.562375,0
202301,41860,"San Francisco-Oakland-Berkeley, CA",12,98,-70,8,60.53511706,83.61204013,37.45819398,63.5,0.007936508,0.5,0.628205128,24.5,-11.5,0.456681653,-0.364584813,1.015757566,972382.5,-0.017795455,0.024639094,2.43095625,1
202301,16980,"Chicago-Naperville-Elgin, IL-IN-WI",3,99,-11,-146,60.36789298,83.61204013,37.12374582,63.5,0.114035088,6.5,0.040983607,2.5,-11.5,0.328614539,-0.234486643,1.012579713,327000,0.021875,0.041401274,0.8175,0
202301,32820,"Memphis, TN-MS-AR",46,100,31,42,60.2006689,59.86622074,60.53511706,71.5,0.172131148,10.5,0.489583333,23.5,-3.5,0.2201495,-0.414258614,1.256106879,323950,-0.003230769,0.473169623,0.809875,0
202301,16860,"Chattanooga, TN-GA",98,101,35,64,60.2006689,49.1638796,71.23745819,74.5,0.1640625,10.5,0.460784314,23.5,-0.5,0.184993946,-0.493514723,1.381379188,397950,0.007468354,0.153478261,0.994875,0
202301,14010,"Bloomington, IL",259,102,12,-158,60.03344482,52.17391304,67.89297659,73.5,0.1484375,9.5,0.097014925,6.5,-1.5,0.24675322,-0.066058267,1.331847931,302900,0.103460838,1.243703704,0.75725,1
202301,34940,"Naples-Marco Island, FL",124,103,-72,48,59.86622074,70.56856187,49.1638796,68.5,0.02238806,1.5,0.245454545,13.5,-6.5,0.330798967,-0.574788284,1.115483402,849750,0.062188828,0.110784314,2.124375,0
202301,48620,"Wichita, KS",90,104,39,-41,59.53177258,46.15384615,72.909699,75.5,0.1796875,11.5,0.247933884,15,0.5,0.198249009,-0.289009624,1.422131107,297375,0.028979239,0.208841463,0.7434375,0
202301,16620,"Charleston, WV",179,105,44,-143,59.03010033,43.14381271,74.91638796,76.5,0.1953125,12.5,0.026845638,2,1.5,0.196055625,-0.145164399,1.44329351,145000,0.035714286,0.003460208,0.3625,0
202301,48660,"Wichita Falls, TX",290,106,-33,2,58.69565217,79.26421405,38.1270903,65,0.031746032,2,0.274509804,14,-10,0.271565006,-0.449722931,1.022911352,199200,-0.003501751,0.120801215,0.498,0
202301,25940,"Hilton Head Island-Bluffton, SC",203,106,8,-41,58.69565217,40.46822743,76.92307692,77.5,0.165413534,11,-0.03125,-2.5,2.5,0.363345283,-0.439609812,1.50233245,613725,-0.01804,0.22897885,1.5343125,0
202301,16740,"Charlotte-Concord-Gastonia, NC-SC",22,108,7,75,58.36120401,66.55518395,50.16722408,70,0.166666667,10,0.707317073,29,-5,0.297255086,-0.515719443,1.121073975,389950,-0.012759817,-0.01278481,0.974875,1
202301,34980,"Nashville-Davidson--Murfreesboro--Franklin, TN",35,109,4,97,58.19397993,97.32441472,19.06354515,53.5,0.07,3.5,1.057692308,27.5,-21.5,0.19746542,-0.674325646,0.800815629,504949.5,-0.019515534,0.108028193,1.26237375,1
202301,45460,"Terre Haute, IN",240,110,-4,-120,58.02675585,48.82943144,67.22408027,74.75,0.099264706,6.75,-0.029220779,-2.25,-0.25,0.178906629,-0.282634116,1.329461069,154950,-0.030956848,0.336928387,0.387375,0
202301,42020,"San Luis Obispo-Paso Robles, CA",180,110,15,2,58.02675585,36.12040134,79.93311037,79,0.161764706,11,0.244094488,15.5,4,0.237125427,-0.383566305,1.550512622,941750,0.001914995,-0.102667937,2.354375,1
202301,25420,"Harrisburg-Carlisle, PA",93,112,54,-8,58.02675585,41.80602007,74.24749164,77,0.222222222,14,0.327586207,19,2,0.262503957,-0.311281986,1.431551898,308745,0.032591973,0.342953458,0.7718625,0
202301,21500,"Erie, PA",177,113,-18,-121,57.85953177,24.08026756,91.63879599,82.75,0.060897436,4.75,-0.026470588,-2.25,7.75,0.277312403,-0.068012739,1.886552676,187872,-0.0215,0.392676056,0.46968,0
202301,15380,"Buffalo-Cheektowaga, NY",47,114,14,-108,57.69230769,54.51505017,60.86956522,73,0.140625,9,-0.039473684,-3,-2,0.240976252,-0.329621839,1.27287295,224200,-0.003555556,0.063819692,0.5605,0
202301,31540,"Madison, WI",77,115,10,29,57.52508361,27.090301,87.95986622,81.5,0.147887324,10.5,0.325203252,20,6.5,0.295494884,-0.338705421,1.758248235,437450,0.041795666,0.121954347,1.093625,0
202301,20740,"Eau Claire, WI",243,116,14,-57,57.35785953,24.41471572,90.30100334,82.5,0.161971831,11.5,0.240601504,16,7.5,0.315429505,-0.106210667,1.834281161,357400,-0.006946374,0.23283891,0.8935,0
202301,44700,"Stockton, CA",94,117,-28,66,56.68896321,75.58528428,37.79264214,66,0.064516129,4,0.65,26,-9,0.333771109,-0.495540921,1.020489553,537000,-0.005555556,-0.021189337,1.3425,1
202301,47260,"Virginia Beach-Norfolk-Newport News, VA-NC",36,118,-6,-37,56.35451505,97.32441472,15.38461539,53.5,0.07,3.5,0.215909091,9.5,-21.5,0.33122935,-0.327670676,0.772538465,365000,0.014170603,0.177419355,0.9125,0
202301,34740,"Muskegon, MI",248,119,60,-94,56.18729097,88.29431438,24.08026756,60.5,0.222222222,11,0.1,5.5,-14.5,0.064054131,-0.254267199,0.865214733,192400,-0.037518759,-0.037518759,0.481,0
202301,45940,"Trenton-Princeton, NJ",148,120,-2,5,55.85284281,38.46153846,73.24414716,78,0.147058824,10,0.322033898,19,3,0.331934659,-0.341175283,1.423855065,361925,0.034366962,0.316090909,0.9048125,0
202301,42540,"Scranton--Wilkes-Barre, PA",99,121,49,40,55.68561873,28.42809365,82.94314381,81,0.227272727,15,0.285714286,18,6,0.253782099,-0.42110762,1.609591449,212450,0.011671484,0.214,0.531125,0
202301,21060,"Elizabethtown-Fort Knox, KY",282,122,44,-21,55.51839465,64.21404682,46.82274248,70.5,0.194915254,11.5,0.194915254,11.5,-4.5,0.232380589,-0.440121527,1.096217281,314950,0.050183394,0.2598,0.787375,0
202301,38940,"Port St. Lucie, FL",110,123,-32,94,55.35117057,70.56856187,40.13377926,68.5,0.053846154,3.5,0.457446809,21.5,-6.5,0.239647661,-0.59666116,1.040982521,445950,0.013522727,0.03951049,1.114875,0
202301,46060,"Tucson, AZ",53,124,-28,-7,55.01672241,86.28762542,23.7458194,62,0.033333333,2,0.377777778,17,-13,0.255772791,-0.401408062,0.861639724,376465,0.004174447,0.031693615,0.9411625,0
202301,31420,"Macon-Bibb County, GA",207,124,-47,-115,55.01672241,87.2909699,22.74247492,61.75,-0.01984127,-1.25,0.064655172,3.75,-13.25,0.218631754,-0.280486345,0.839788291,234725,-0.010642782,0.179848702,0.5868125,0
202301,36740,"Orlando-Kissimmee-Sanford, FL",25,126,-51,108,55.01672241,52.17391304,57.85953177,73.5,0.05,3.5,0.670454545,29.5,-1.5,0.329367551,-0.542849904,1.205165243,426500,-0.008116468,0.074307305,1.06625,1
202301,22900,"Fort Smith, AR-OK",195,127,-29,-14,54.84949833,56.52173913,53.17725753,72.5,0.066176471,4.5,0.294642857,16.5,-2.5,0.263662065,-0.366381084,1.156951907,226500,0.006666667,0.133066533,0.56625,0
202301,13780,"Binghamton, NY",189,128,20,-88,54.01337793,15.05016722,92.97658863,86.5,0.201388889,14.5,0.08125,6.5,11.5,0.334600462,-0.042058184,1.948487895,173925,-0.127101631,0.122821175,0.4348125,0
202301,45900,"Traverse City, MI",266,129,-57,-68,53.84615385,20.40133779,87.2909699,84.5,-0.050561798,-4.5,0.207142857,14.5,9.5,0.416925022,-0.121145006,1.756304628,457500,-0.036639292,0.035067873,1.14375,0
202301,19740,"Denver-Aurora-Lakewood, CO",18,130,-16,96,53.51170569,74.91638796,32.10702341,66.5,0.090163934,5.5,1.462962963,39.5,-8.5,0.319368347,-0.54761876,0.969290568,599995,-8.33E-06,-0.058092622,1.4999875,1
202301,41500,"Salinas, CA",154,131,9,65,53.17725753,21.73913044,84.61538462,83.5,0.143835616,10.5,0.391666667,23.5,8.5,0.244664925,-0.478906334,1.646466575,971500,0.042381974,-0.116014559,2.42875,1
202301,37980,"Philadelphia-Camden-Wilmington, PA-NJ-DE-MD",6,132,-8,-55,53.01003345,54.51505017,51.50501672,73,0.106060606,7,0.123076923,8,-2,0.243760802,-0.38440457,1.133145444,319450,-0.00171875,0.065188396,0.798625,0
202301,30100,"Lebanon, NH-VT",197,133,-13,-1,52.84280937,8.695652174,96.98996656,90,0.022727273,2,0.111111111,9,15,0.383842502,-0.296768673,2.327334563,402450,0.006125,0.119627208,1.006125,0
202301,19340,"Davenport-Moline-Rock Island, IA-IL",134,134,55,-142,52.84280937,44.48160535,61.20401338,76,0.1875,12,-0.025641026,-2,1,0.146752276,-0.110325602,1.276630805,194950,0.026592944,0.56022409,0.487375,1
202301,44300,"State College, PA",273,135,-29,-55,52.67558528,26.08695652,79.26421405,82,0.093333333,7,0.051282051,4,7,0.350351719,-0.289896853,1.534598738,318000,-0.07826087,0.074523983,0.795,0
202301,47900,"Washington-Arlington-Alexandria, DC-VA-MD-WV",7,136,-6,-29,52.5083612,83.61204013,21.40468227,63.5,0.114035088,6.5,0.295918367,14.5,-11.5,0.341321608,-0.336168891,0.829191736,562500,0.013513514,0.12500225,1.40625,0
202301,11700,"Asheville, NC",111,136,19,-29,52.5083612,16.72240803,88.29431438,86,0.178082192,13,0.023809524,2,11,0.278650419,-0.314574312,1.770120813,527500,-0.021335807,0.057114228,1.31875,0
202301,46140,"Tulsa, OK",54,138,3,-22,52.34113712,75.58528428,29.09698997,66,0.081967213,5,0.222222222,12,-9,0.19250409,-0.411947276,0.930046732,341750,0.050032876,0.314423077,0.854375,0
202301,34100,"Morristown, TN",300,139,47,91,52.34113712,26.08695652,78.59531773,82,0.171428571,12,0.59223301,30.5,7,0.077964475,-0.394882603,1.526497426,347751.25,-0.006425,0.056994681,0.869378125,1
202301,12580,"Baltimore-Columbia-Towson, MD",21,140,10,-80,52.17391304,90.96989967,13.37792642,59,0.113207547,6,0.053571429,3,-16,0.236131121,-0.362235801,0.743041265,319950,-0.030160655,0.083657917,0.799875,0
202301,17860,"Columbia, MO",214,141,25,124,52.00668896,28.42809365,75.58528428,81,0.246153846,16,0.840909091,37,6,0.444160632,-0.453882103,1.443688648,346175,0.018461312,0.098968254,0.8654375,1
202301,26980,"Iowa City, IA",234,142,-152,-52,52.00668896,92.97658863,11.0367893,58,-0.325581395,-28,0.16,8,-17,0.265797044,-0.18532246,0.703470804,357400,0.021434696,0.158508914,0.8935,0
202301,48540,"Wheeling, WV-OH",292,142,-40,-137,52.00668896,30.10033445,73.91304348,80.75,-0.032934132,-2.75,-0.032934132,-2.75,5.75,0.206010238,-0.017147835,1.431274989,160000,0.003134796,0.142857143,0.4,0
202301,27180,"Jackson, TN",245,142,16,58,52.00668896,34.11371238,69.89966555,79.5,0.135714286,9.5,0.292682927,18,4.5,0.224273626,-0.487506722,1.365958994,260175,0.001058099,0.30839829,0.6504375,0
202301,49700,"Yuba City, CA",286,145,-37,96,51.6722408,46.15384615,57.19063545,75.5,0.048611111,3.5,0.480392157,24.5,0.5,0.251761,-0.51348596,1.203294284,459000,0.02,0.02,1.1475,0
202301,23060,"Fort Wayne, IN",125,146,93,137,51.50501672,23.41137124,79.59866221,83.25,0.30078125,19.25,0.85,38.25,8.25,0.161883346,-0.540521974,1.535938743,291425,0.07975176,0.166166467,0.7285625,1
202301,48900,"Wilmington, NC",162,146,-15,25,51.50501672,27.090301,75.91973244,81.5,0.101351351,7.5,0.2734375,17.5,6.5,0.322306147,-0.401501842,1.452162542,509950,0,0.059507572,1.274875,0
202301,17980,"Columbus, GA-AL",159,148,-53,-96,51.17056856,71.90635452,30.43478261,68,0.03030303,2,0.123966942,7.5,-7,0.305199767,-0.291701795,0.935428281,229975,0.022111111,0.213588391,0.5749375,0
202301,26380,"Houma-Thibodaux, LA",227,149,-133,-151,50.8361204,100,1.672240803,33,-0.541666667,-39,-0.674876847,-68.5,-42,0.185623289,-0.525361258,0.505283959,246975,-0.0121,-0.0121,0.6174375,1
202301,30700,"Lincoln, NE",150,150,9,-88,50.66889632,94.98327759,6.35451505,55,0.037735849,2,-0.009009009,-0.5,-20,0.14136347,-0.118987485,0.638098876,437750,0.08649789,0.191318547,1.094375,0
202301,15540,"Burlington-South Burlington, VT",201,151,22,14,50.33444816,4.347826087,96.32107023,98.25,0.212962963,17.25,0.220496894,17.75,23.25,0.300200256,-0.230141584,2.261793591,461175,-0.027979766,0.075,1.1529375,0
202301,33260,"Midland, TX",242,152,-38,-116,49.83277592,64.21404682,35.45150502,70.5,0.1015625,6.5,0.1015625,6.5,-4.5,0.451346268,-0.100193103,0.998454078,364875,0.013541667,0.122692308,0.9121875,0
202301,27900,"Joplin, MO",254,153,110,72,49.66555184,41.80602007,57.52508361,77,0.425925926,23,0.425925926,23,2,0.225468191,-0.44956213,1.203720386,220434,0.054708134,0.002314425,0.551085,0
202301,22660,"Fort Collins, CO",140,154,27,64,49.33110368,58.19397993,40.46822743,72,0.125,8,0.358490566,19,-3,0.187154941,-0.494513357,1.041402918,585000,1.71E-05,-0.025418258,1.4625,0
202301,12700,"Barnstable Town, MA",192,154,17,-39,49.33110368,15.05016722,83.61204013,86.5,0.168918919,12.5,-0.151960784,-15.5,11.5,0.295531905,-0.317571297,1.633566641,799474.75,0.065966333,-0.053259814,1.998686875,0
202301,47940,"Waterloo-Cedar Falls, IA",244,156,74,-117,48.66220736,41.80602007,55.51839465,77,0.262295082,16,0.132352941,9,2,0.201437212,-0.089530507,1.191609117,217950,-0.008867667,0.36645768,0.544875,0
202301,48140,"Wausau-Weston, WI",258,157,19,-46,48.49498328,3.344481605,93.64548495,99,0.253164557,20,0.076086957,7,24,0.37265873,-0.098094863,2.035347804,262450,-0.027602816,-0.041803578,0.656125,0
202301,20260,"Duluth, MN-WI",164,157,26,-15,48.49498328,2.675585284,94.31438127,100.5,0.272151899,21.5,0.182352941,15.5,25.5,0.337974903,-0.197987106,2.055418158,260950,0.033465347,0.374144287,0.652375,0
202301,19660,"Deltona-Daytona Beach-Ormond Beach, FL",78,159,-49,107,48.49498328,67.55852843,29.43143813,69.5,0.037313433,2.5,0.478723404,22.5,-5.5,0.312921682,-0.575350905,0.930062232,390000,0.001283697,0.115560641,0.975,0
202301,26580,"Huntington-Ashland, WV-KY-OH",147,160,-8,-70,48.3277592,11.70568562,84.94983278,88,0.060240964,5,0.1,8,13,0.338555397,-0.120778082,1.6916253,159900,-0.000625,0.102758621,0.39975,0
202301,43620,"Sioux Falls, SD",173,161,18,-75,48.16053512,94.31438127,2.006688963,55.75,0.093137255,4.75,-0.021929825,-1.25,-19.25,0.119986638,-0.496634298,0.566541699,350000,0.017589766,0.167055685,0.875,0
202301,16540,"Chambersburg-Waynesboro, PA",277,162,88,-68,47.99331104,34.11371238,61.8729097,79.5,0.325,19.5,0.213740458,14,4.5,0.292161959,-0.181813754,1.278500996,296200,0.021731632,0.093412577,0.7405,0
202301,26140,"Homosassa Springs, FL",249,163,45,118,47.65886288,47.4916388,47.82608696,75,0.19047619,12,0.595744681,28,0,0.270797033,-0.524929226,1.102402856,319450,0.001410658,0.032315398,0.798625,1
202301,35660,"Niles, MI",270,164,-18,-32,47.4916388,19.73244147,75.25083612,85,0.133333333,10,0.180555556,13,10,0.365534555,-0.291473688,1.443404661,311250,-0.081858407,0.012524398,0.778125,0
202301,34060,"Morgantown, WV",283,165,7,-81,47.32441472,14.04682274,80.60200669,87,0.101265823,8,-0.043956044,-4,12,0.215600466,-0.21321336,1.559400644,299665,0.036903114,0.072338522,0.7491625,0
202301,13820,"Birmingham-Hoover, AL",50,166,-8,-76,47.15719064,61.8729097,32.44147157,71,0.092307692,6,0,0,-4,0.220764844,-0.435888371,0.970143297,269950,-0.007536765,0.018679245,0.674875,0
202301,30980,"Longview, TX",181,167,70,74,46.98996656,17.39130435,76.58862876,85.5,0.276119403,18.5,0.3359375,21.5,10.5,0.277766749,-0.453442713,1.471182719,299712.5,-0.000500229,0.278091684,0.74928125,0
202301,36420,"Oklahoma City, OK",41,168,-29,-12,46.82274248,82.27424749,11.37123746,64,0.032258065,2,0.219047619,11.5,-11,0.230202236,-0.459591865,0.705800843,336975,0.039972471,0.090181171,0.8424375,0
202301,36540,"Omaha-Council Bluffs, NE-IA",57,169,20,30,45.98662207,71.90635452,20.06688963,68,0.133333333,8,0.387755102,19,-7,0.174068096,-0.448925991,0.817590425,407500,0.021559288,0.101351351,1.01875,0
202301,24300,"Grand Junction, CO",278,170,-38,28,45.65217391,50.16722408,41.13712375,74,0.027777778,2,0.213114754,13,-1,0.237889934,-0.502022855,1.049370873,489950,0.031473684,0.020729167,1.224875,0
202301,45860,"Torrington, CT",229,171,15,-37,45.65217391,0.668896321,90.63545151,106.75,0.166666667,15.25,0.026442308,2.75,31.75,0.243882406,-0.178809297,1.859860652,562000,0.023679417,0.07047619,1.405,0
202301,45060,"Syracuse, NY",84,172,18,-77,45.31772575,8.695652174,81.93979933,90,0.184210526,14,0.125,10,15,0.326171005,-0.120353762,1.591078701,205000,-0.020310633,0.079515534,0.5125,0
202301,12620,"Bangor, ME",268,173,20,-33,45.15050167,0.334448161,89.96655518,107,0.229885057,20,0,0,32,0.223607837,-0.20499342,1.829058833,229900,-0.021285653,0.149505748,0.57475,0
