data/RDC_Inventory_Hotness_Metrics_Metro_History.csv
month_date_yyyymm,cbsa_code,cbsa_title,nielsen_hh_rank,hotness_rank,hotness_rank_mm,hotness_rank_yy,hotness_score,supply_score,demand_score,median_days_on_market,median_days_on_market_mm,median_dom_mm_day,median_days_on_market_yy,median_dom_yy_day,median_dom_vs_us,ldp_unique_viewers_per_property_mm,ldp_unique_viewers_per_property_yy,ldp_unique_viewers_per_property_vs_us,median_listing_price,median_listing_price_mm,median_listing_price_yy,median_listing_price_vs_us,quality_flag
202301,27140,"Jackson, MS",104,174,-14,65,44.98327759,30.76923077,59.19732442,80.5,0.102739726,7.5,0.412280702,23.5,5.5,0.263605016,-0.412239243,1.243753521,311000,-0.040715608,0.149722736,0.7775,0
202301,21660,"Eugene-Springfield, OR",127,175,32,-62,44.98327759,61.20401338,28.76254181,71.25,0.168032787,10.25,0.071428571,4.75,-3.75,0.227377565,-0.42481491,0.925468317,517450,0.034901035,0.118810811,1.293625,0
202301,12060,"Atlanta-Sandy Springs-Alpharetta, GA",9,176,0,0,44.81605351,73.24414716,16.38795987,67,0.116666667,7,0.264150943,14,-8,0.280441798,-0.44751351,0.773413801,399575,-0.000812703,0.02718509,0.9989375,0
202301,22220,"Fayetteville-Springdale-Rogers, AR",107,177,89,60,44.64882943,37.45819398,51.83946488,78.5,0.286885246,17.5,0.266129032,16.5,3.5,0.170349808,-0.509973677,1.134070316,397231.75,0.009470655,0.031770779,0.993079375,0
202301,23540,"Gainesville, FL",151,178,-51,-12,43.97993311,44.48160535,43.47826087,76,-0.025641026,-2,0.117647059,8,1,0.275890265,-0.465506576,1.07564639,349000,0.004316547,0.126169732,0.8725,0
202301,42100,"Santa Cruz-Watsonville, CA",194,178,74,111,43.97993311,24.41471572,63.5451505,82.5,0.231343284,15.5,0.473214286,26.5,7.5,0.147498888,-0.478295596,1.300706639,1297750,-0.037991105,0.054010152,3.244375,0
202301,25180,"Hagerstown-Martinsburg, MD-WV",172,180,-14,-9,43.81270903,70.23411371,17.39130435,68.75,0.07421875,4.75,0.206140351,11.75,-6.25,0.170985096,-0.471833711,0.782713356,323222.5,0.036002757,0.059589569,0.80805625,0
202301,49420,"Yakima, WA",213,181,-13,24,43.31103679,42.80936455,43.81270903,76.75,0.145522388,9.75,0.448113208,23.75,1.75,0.386050445,-0.302418452,1.077448336,370000,-0.037711313,-0.043060963,0.925,0
202301,20700,"East Stroudsburg, PA",272,181,-39,4,43.31103679,17.39130435,69.23076923,85.5,0.005882353,0.5,-0.039325843,-3.5,10.5,0.357447314,-0.466961751,1.35900788,327450,-0.004711246,0.03952381,0.818625,0
202301,37860,"Pensacola-Ferry Pass-Brent, FL",109,183,-25,139,43.14381271,50.16722408,36.12040134,74,0.121212121,8,0.494949495,24.5,-1,0.492403254,-0.590575022,1.001090757,383869.25,0.04029607,0.037764936,0.959673125,0
202301,42140,"Santa Fe, NM",257,184,19,23,42.64214047,7.692307692,77.59197324,91,0.151898734,12,-0.052083333,-5,16,0.218490245,-0.458412092,1.504682316,728250,-0.035430464,0.029328622,1.820625,0
202301,39460,"Punta Gorda, FL",204,185,-91,117,42.47491639,56.52173913,28.42809365,72.5,-0.147058824,-12.5,0.367924528,19.5,-2.5,0.256462635,-0.598533676,0.916216501,429000,0.009411765,0.095711274,1.0725,0
202301,22420,"Flint, MI",126,186,8,-65,42.14046823,44.48160535,39.7993311,76,0.169230769,11,0.134328358,9,1,0.327918051,-0.320699876,1.035416829,181550,-0.018648649,0.038021727,0.453875,0
202301,40340,"Rochester, MN",202,187,21,-60,41.47157191,12.04013378,70.90301003,87.5,0.174496644,13,0.305970149,20.5,12.5,0.278508782,-0.11610208,1.380133886,394900,0.039484075,0.097249236,0.98725,0
202301,47580,"Warner Robins, GA",232,188,-3,-68,41.30434783,67.55852843,15.05016722,69.5,0.069230769,4.5,0.139344262,8.5,-5.5,0.069673296,-0.325417366,0.771628164,309020,-0.012153877,0.111262946,0.77255,0
202301,20020,"Dothan, AL",271,189,-10,-13,40.96989967,43.14381271,38.79598662,76.5,0.040816327,3,0.254098361,15.5,1.5,0.113917613,-0.36227265,1.025091017,234600,-0.052121212,0.066363636,0.5865,0
202301,24780,"Greenville, NC",230,190,111,11,40.80267559,28.09364549,53.51170569,81.25,0.310483871,19.25,0.160714286,11.25,6.25,0.139140895,-0.45305234,1.162913679,343250,0.00985584,0.32044624,0.858125,0
202301,14500,"Boulder, CO",152,191,10,151,40.63545151,30.76923077,50.50167224,80.5,0.15,10.5,1.236111111,44.5,5.5,0.276234516,-0.462393863,1.126858124,842500,0.008982036,0.027439024,2.10625,1
202301,26420,"Houston-The Woodlands-Sugar Land, TX",5,191,-15,-80,40.63545151,80.60200669,0.668896321,64.5,0.075,4.5,0.023809524,1.5,-10.5,0.288331375,-0.395924879,0.454920516,354637.5,-0.014622117,-0.006234894,0.88659375,0
202301,38300,"Pittsburgh, PA",23,193,33,-36,40.46822743,15.05016722,65.88628763,86.5,0.184931507,13.5,0.108974359,8.5,11.5,0.23356627,-0.300677233,1.32300307,199937.25,-0.024696341,-0.024696341,0.499843125,0
202301,46700,"Vallejo, CA",137,194,-20,159,40.30100334,54.18060201,26.42140468,73.25,0.093283582,6.25,0.927631579,35.25,-1.75,0.297619695,-0.589083826,0.901818365,599000,-0.000834028,0.024807528,1.4975,1
202301,24580,"Green Bay, WI",153,195,17,36,39.96655518,1.003344482,78.92976589,102.75,0.208823529,17.75,0.427083333,30.75,27.75,0.214822485,-0.344755237,1.528483305,422450,0.056125,0.276669689,1.056125,0
202301,17300,"Clarksville, TN-KY",169,196,26,71,39.7993311,77.25752508,2.341137124,65.5,0.149122807,8.5,0.455555556,20.5,-9.5,0.151751318,-0.622294333,0.573962444,351450,0.004142857,0.04318789,0.878625,0
202301,27340,"Jacksonville, NC",250,197,25,-13,39.63210702,47.4916388,31.77257525,75,0.171875,11,0.229508197,14,0,0.258274221,-0.385666504,0.951786978,324975,-7.69E-05,0.203611111,0.8124375,0
202301,24860,"Greenville-Anderson, SC",60,198,25,47,39.63210702,37.45819398,41.80602007,78.5,0.189393939,12.5,0.353448276,20.5,3.5,0.294238799,-0.426240223,1.053965101,335015,-0.013021639,0.030815385,0.8375375,0
202301,22500,"Florence, SC",224,199,-3,-43,39.46488294,20.40133779,58.52842809,84.5,0.097402597,7.5,0.3203125,20.5,9.5,0.221630441,-0.202618386,1.215490148,260472.5,-0.034929604,0.122726293,0.65118125,0
202301,20100,"Dover, DE",246,200,39,-63,38.9632107,43.14381271,34.7826087,76.5,0.176923077,11.5,-0.061349693,-5,1.5,0.199069798,-0.4068988,0.98424458,399850,0.038571429,0.078053384,0.999625,0
202301,42660,"Seattle-Tacoma-Bellevue, WA",14,201,-6,57,38.29431438,75.58528428,1.003344482,66,0.1,6,0.783783784,29,-9,0.419156239,-0.4693938,0.475796832,724975,3.45E-05,0.058357664,1.8124375,1
202301,36837,"Ottawa, IL",284,202,10,-73,37.95986622,13.37792642,62.54180602,87.25,0.18707483,13.75,0.133116883,10.25,12.25,0.33484189,-0.095593844,1.295091097,164950,-0.040709509,0.178635227,0.412375,0
202301,16580,"Champaign-Urbana, IL",199,203,-18,-90,37.62541806,30.76923077,44.48160535,80.5,0.102739726,7.5,-0.018292683,-1.5,5.5,0.304904256,-0.100190617,1.081729689,201850,0.004228856,0.432068109,0.504625,0
202301,10580,"Albany-Schenectady-Troy, NY",55,204,19,-82,37.45819398,26.08695652,48.82943144,82,0.138888889,10,0,0,7,0.193578709,-0.188693211,1.113226529,358034,0.053041176,0.022954286,0.895085,0
202301,39380,"Pueblo, CO",252,205,44,83,37.2909699,61.8729097,12.7090301,71,0.203389831,12,0.543478261,25,-4,0.22401979,-0.523512689,0.727639311,347437.5,-0.007037725,0.053000455,0.86859375,1
202301,46220,"Tuscaloosa, AL",185,206,-44,-78,37.12374582,59.86622074,14.3812709,71.5,0.007042254,0.5,0.007042254,0.5,-3.5,0.197901041,-0.318351495,0.762492854,286697.5,-0.007967128,0.1472489,0.71674375,0
202301,27260,"Jacksonville, FL",40,206,-5,117,37.12374582,46.15384615,28.09364549,75.5,0.126865672,8.5,0.51,25.5,0.5,0.30482981,-0.530480465,0.915193588,380291.5,-0.017309233,0.019561924,0.95072875,1
202301,14020,"Bloomington, IN",251,208,-47,-44,36.95652174,30.76923077,43.14381271,80.5,0.073333333,5.5,0.183823529,12.5,5.5,0.450679019,-0.31567051,1.068686691,319900,0.02368,-0.092353525,0.79975,0
202301,30140,"Lebanon, PA",296,208,88,27,36.95652174,7.692307692,66.22073579,91,0.328467153,22.5,0.378787879,25,16,0.218917807,-0.331796067,1.324830101,389875,0.063924137,0.444516488,0.9746875,0
202301,36100,"Ocala, FL",135,208,-14,148,36.95652174,49.1638796,24.74916388,74.5,0.079710145,5.5,0.49,24.5,-0.5,0.230080544,-0.609386452,0.871178505,309950,0.000161342,0.03351117,0.774875,0
202301,26620,"Huntsville, AL",108,211,31,185,36.78929766,68.89632107,4.682274247,69,0.169491525,10,1.15625,37,-6,0.190409211,-0.713506008,0.628910565,389800,-0.000512821,0.053798324,0.9745,1
202301,25900,"Hilo, HI",222,212,8,128,36.62207358,17.39130435,55.85284281,85.5,0.049079755,4,0.461538462,27,10.5,0.151968573,-0.502124055,1.19370232,629500,0.050918197,0.189981096,1.57375,0
202301,29460,"Lakeland-Winter Haven, FL",80,213,-40,160,36.62207358,54.51505017,18.72909699,73,0.042857143,3,0.659090909,29,-2,0.308501085,-0.621734801,0.79583237,347341.25,-0.007312804,0.068742308,0.868353125,1
202301,35380,"New Orleans-Metairie, LA",45,214,-12,-8,36.4548495,30.76923077,42.14046823,80.5,0.073333333,5.5,0.052287582,4,5.5,0.267674229,-0.441243171,1.061291462,324750,-0.000769231,-0.058695652,0.811875,0
202301,20500,"Durham-Chapel Hill, NC",89,215,-20,112,35.6187291,38.1270903,33.11036789,78.25,0.086805556,6.25,0.349137931,20.25,3.25,0.368421694,-0.562291782,0.971843299,460977.5,0.004308279,0.008703501,1.15244375,0
202301,33100,"Miami-Fort Lauderdale-Pompano Beach, FL",8,215,-10,-34,35.6187291,50.16722408,21.07023411,74,0.088235294,6,0.121212121,8,-1,0.259772464,-0.445433718,0.828619621,590000,0,0.191919192,1.475,0
202301,10740,"Albuquerque, NM",58,215,22,-26,35.6187291,23.7458194,47.4916388,83,0.136986301,10,0.152777778,11,8,0.181326458,-0.375733529,1.100788868,367218.75,0.006078767,-0.004611433,0.918046875,0
202301,36500,"Olympia-Lacey-Tumwater, WA",168,218,18,87,35.45150502,61.8729097,9.030100334,71,0.173553719,10.5,0.868421053,33,-4,0.358279845,-0.450925662,0.674790634,546195,0.004241682,0.114741686,1.3654875,1
202301,12100,"Atlantic City-Hammonton, NJ",188,219,-21,-39,35.28428094,14.04682274,56.52173913,87,0.0875,7,0.0875,7,12,0.417527557,-0.278448588,1.197411895,325000,0,0.12281914,0.8125,0
202301,24540,"Greeley, CO",166,219,0,104,35.28428094,58.19397993,12.37458194,72,0.125,8,0.894736842,34,-3,0.298400157,-0.474735685,0.719677062,515425,0.010637255,0.033855418,1.2885625,1
202301,46540,"Utica-Rome, NY",167,221,4,-66,35.11705686,14.04682274,56.18729097,87,0.0875,7,-0.011363636,-1,12,0.218061478,-0.143610843,1.195449315,173450,-0.008573878,-0.019779599,0.433625,0
202301,12020,"Athens-Clarke County, GA",219,221,-36,142,35.11705686,40.46822743,29.76588629,77.5,-0.018987342,-1.5,0.761363636,33.5,2.5,0.179250081,-0.484170768,0.931460159,411950,0.030132533,0.128630137,1.029875,1
202301,43900,"Spartanburg, SC",163,223,-33,45,34.94983278,50.16722408,19.73244147,74,0.042253521,3,0.345454545,19,-1,0.336473109,-0.457521101,0.815727637,299945,0.00015005,0.074613337,0.7498625,0
202301,41060,"St. Cloud, MN",220,223,36,-62,34.94983278,28.42809365,41.47157191,81,0.14084507,10,0.031847134,2.5,6,0.186409155,-0.170035126,1.051405642,334900,0.030461538,0.063174603,0.83725,0
202301,42220,"Santa Rosa-Petaluma, CA",116,225,22,97,34.44816054,6.688963211,62.20735786,92.5,0.114457831,9.5,0.468253968,29.5,17.5,0.220960317,-0.439825777,1.291642553,913250,0.015850945,-0.016953714,2.283125,0
202301,28660,"Killeen-Temple, TX",121,226,10,57,34.11371238,54.51505017,13.71237458,73,0.123076923,8,0.177419355,11,-2,0.213714574,-0.6121621,0.745582375,309900,0.007968775,0.147777778,0.77475,0
202301,29740,"Las Cruces, NM",216,226,30,-8,34.11371238,56.52173913,11.70568562,72.5,0.169354839,10.5,0.271929825,15.5,-2.5,0.232060975,-0.375614994,0.709194961,369625,0.000338295,0.103358209,0.9240625,0
202301,22520,"Florence-Muscle Shoals, AL",267,226,37,-32,34.11371238,34.11371238,34.11371238,79.5,0.186567164,12.5,0.169117647,11.5,4.5,0.219698298,-0.354472846,0.977866087,279675,0.035948439,0.338478105,0.6991875,0
202301,11260,"Anchorage, AK",143,229,-6,-40,33.44481605,20.40133779,46.48829431,84.5,0.05625,4.5,0.030487805,2.5,9.5,0.285116092,-0.313454156,1.090757587,425000,-0.030233885,0.103896104,1.0625,0
202301,33740,"Monroe, LA",225,230,134,46,33.44481605,24.41471572,42.47491639,82.5,0.352459016,21.5,0.352459016,21.5,7.5,0.183409437,-0.390784225,1.063156634,238500,0.000209688,-0.032454361,0.59625,0
202301,15180,"Brownsville-Harlingen, TX",161,231,-2,26,33.11036789,32.77591973,33.44481605,80,0.081081081,6,0.176470588,12,5,0.242174104,-0.485808645,0.972082043,317450,-0.00796565,0.041161036,0.793625,0
202301,46520,"Urban Honolulu, HI",70,232,-22,-28,31.77257525,59.86622074,3.678929766,71.5,0.059259259,4,0.191666667,11.5,-3.5,0.25924536,-0.273711409,0.622934113,805000,0.001580133,0.175182482,2.0125,0
202301,38900,"Portland-Vancouver-Hillsboro, OR-WA",24,233,-13,-32,31.27090301,56.52173913,6.02006689,72.5,0.098484848,6.5,0.150793651,9.5,-2.5,0.358262275,-0.426121523,0.635415592,596225,0.012266553,0.08424259,1.4905625,0
202301,32580,"McAllen-Edinburg-Mission, TX",91,234,-8,-23,31.10367893,50.16722408,12.04013378,74,0.072463768,5,0.15625,10,-1,0.166300887,-0.461553849,0.710688824,280200,0.001071811,0.081853282,0.7005,0
202301,38060,"Phoenix-Mesa-Chandler, AZ",11,235,-29,148,31.10367893,49.1638796,13.04347826,74.5,0.064285714,4.5,0.960526316,36.5,-0.5,0.371470921,-0.543166151,0.736016287,478395,0.008208641,-0.03936747,1.1959875,1
202301,39100,"Poughkeepsie-Newburgh-Middletown, NY",92,236,5,-28,30.93645485,17.05685619,44.81605351,85.75,0.113636364,8.75,0.008823529,0.75,10.75,0.318567665,-0.356624163,1.083532129,459450,0.004097689,0.09399369,1.148625,0
202301,34820,"Myrtle Beach-Conway-North Myrtle Beach, SC-NC",102,237,0,54,30.76923077,34.11371238,27.42474916,79.5,0.11971831,8.5,0.204545455,13.5,4.5,0.33090867,-0.54360655,0.903075345,361891.5,-0.008244725,-0.022694068,0.90472875,0
202301,31080,"Los Angeles-Long Beach-Anaheim, CA",2,238,-11,132,30.10033445,38.46153846,21.73913044,78,0.114285714,8,0.695652174,32,3,0.352716653,-0.493141249,0.830970627,883500,-0.008417508,-0.039673913,2.20875,1
202301,36220,"Odessa, TX",281,239,-47,-55,29.76588629,58.19397993,1.337792642,72,-0.01369863,-1,-0.01369863,-1,-3,0.339783465,-0.275007347,0.49692617,264593.75,0.017668269,0.150407609,0.661484375,0
202301,39150,"Prescott Valley-Prescott, AZ",187,240,7,144,29.59866221,8.361204013,50.8361204,90.75,0.134375,10.75,0.538135593,31.75,15.75,0.308405421,-0.51608871,1.127222111,622500,-0.004,0.004032258,1.55625,1
202301,39580,"Raleigh-Cary, NC",42,241,-6,233,29.43143813,38.46153846,20.40133779,78,0.098591549,7,1.108108108,41,3,0.279290266,-0.683673681,0.825623642,441875,-0.009248879,0.039705882,1.1046875,1
202301,33860,"Montgomery, AL",144,242,28,78,29.26421405,36.12040134,22.40802676,79,0.196969697,13,0.462962963,25,4,0.26456325,-0.459763895,0.835172497,272500,0.052123552,0.317061382,0.68125,0
202301,17660,"Coeur d'Alene, ID",239,243,-1,184,29.09698997,17.39130435,40.80267559,85.5,0.096153846,7.5,0.5,28.5,10.5,0.301050176,-0.612461336,1.045511348,699000,0.013043478,-0.172781065,1.7475,1
202301,19460,"Decatur, AL",275,244,17,115,28.92976589,43.14381271,14.71571906,76.5,0.116788321,8,0.53,26.5,1.5,0.170002525,-0.525132633,0.767422245,301169,0.038872025,0.181332863,0.7529225,1
202301,14740,"Bremerton-Silverdale-Port Orchard, WA",176,245,27,89,28.76254181,47.4916388,10.03344482,75,0.171875,11,0.648351648,29.5,0,0.250751527,-0.412762861,0.696376609,550000,0.000181851,-0.08318053,1.375,1
202301,17020,"Chico, CA",215,246,18,94,28.26086957,17.39130435,39.13043478,85.5,0.14,10.5,0.5,28.5,10.5,0.240333529,-0.412503273,1.031408017,422481,-0.02877931,-0.045240678,1.0562025,0
202301,28420,"Kennewick-Richland, WA",178,246,16,-9,28.26086957,30.76923077,25.75250836,80.5,0.166666667,11.5,0.2578125,16.5,5.5,0.393799094,-0.324832911,0.891753828,549410,-0.000891071,-0.000891071,1.373525,0
202301,18580,"Corpus Christi, TX",133,248,-19,27,27.75919732,21.73913044,33.77926421,83.5,0.070512821,5.5,0.27480916,18,8.5,0.393990372,-0.400105333,0.974725062,318500,0.012718601,0.099413186,0.79625,0
202301,10180,"Abilene, TX",261,249,-28,99,27.25752508,24.41471572,30.10033445,82.5,0.044303797,3.5,0.65,32.5,7.5,0.394294228,-0.359338591,0.935024949,277000,0.007272727,0.087553985,0.6925,1
202301,28740,"Kingston, NY",231,250,-8,-31,27.090301,1.337792642,52.84280937,102,0.139664804,12.5,-0.009708738,-1,27,0.352651333,-0.259926859,1.148834956,467200,-0.045459189,0.074024223,1.168,0
202301,14540,"Bowling Green, KY",236,251,46,-3,26.58862876,21.73913044,31.43812709,83.5,0.246268657,16.5,0.265151515,17.5,8.5,0.323170288,-0.327004436,0.950210033,311749.5,-0.010160359,0.075369093,0.77937375,0
202301,32900,"Merced, CA",218,252,-10,27,26.58862876,37.12374582,16.05351171,78.75,0.10915493,7.75,0.334745763,19.75,3.75,0.326227432,-0.432497056,0.773364318,421495,-0.013931454,-0.035480549,1.0537375,0
202301,25060,"Gulfport-Biloxi, MS",129,253,9,37,26.42140468,4.682274247,48.16053512,96,0.11627907,10,0.432835821,29,21,0.271855536,-0.374416042,1.107023378,284000,0.032731028,0.136,0.71,0
202301,22180,"Fayetteville, NC",112,253,55,144,26.42140468,36.12040134,16.72240803,79,0.234375,15,0.549019608,28,4,0.17144303,-0.574902499,0.774862246,335000,0.015151515,0.3429545,0.8375,1
202301,46180,"Tupelo, MS",269,255,-9,-22,26.08695652,6.02006689,46.15384615,93,0.04494382,4,0.148148148,12,18,0.333566583,-0.265647865,1.090311564,251250,0.01782459,0.069148936,0.628125,0
202301,41540,"Salisbury, MD-DE",120,256,-10,-15,25.91973244,3.344481605,48.49498328,99,0.207317073,17,0.151162791,13,24,0.45921736,-0.315940951,1.110191443,497375,0.00500101,0.085971616,1.2434375,0
202301,30460,"Lexington-Fayette, KY",105,257,10,-17,25.08361204,19.06354515,31.10367893,85.25,0.136666667,10.25,0.200704225,14.25,10.25,0.24144538,-0.297719156,0.946134429,386500.25,0.04487767,0.171567899,0.966250625,0
202301,40140,"Riverside-San Bernardino-Ontario, CA",16,258,-3,122,24.91638796,40.46822743,9.364548495,77.5,0.123188406,8.5,0.722222222,32.5,2.5,0.352970248,-0.511649741,0.693260994,550000,-0.014336918,0.009174312,1.375,1
202301,13140,"Beaumont-Port Arthur, TX",145,258,-2,-4,24.91638796,32.77591973,17.05685619,80,0.111111111,8,0.25,16,5,0.251105572,-0.386763417,0.777569038,234200,0.018703784,0.089302326,0.5855,0
