data/RDC_Inventory_Hotness_Metrics_Metro_History.csv
month_date_yyyymm,cbsa_code,cbsa_title,nielsen_hh_rank,hotness_rank,hotness_rank_mm,hotness_rank_yy,hotness_score,supply_score,demand_score,median_days_on_market,median_days_on_market_mm,median_dom_mm_day,median_days_on_market_yy,median_dom_yy_day,median_dom_vs_us,ldp_unique_viewers_per_property_mm,ldp_unique_viewers_per_property_yy,ldp_unique_viewers_per_property_vs_us,median_listing_price,median_listing_price_mm,median_listing_price_yy,median_listing_price_vs_us,quality_flag
202301,21340,"El Paso, TX",82,260,-15,41,24.74916388,46.15384615,3.344481605,75.5,0.048611111,3.5,0.258333333,15.5,0.5,0.153778891,-0.571370345,0.619289521,293000,0.007045884,0.120458891,0.7325,0
202301,41700,"San Antonio-New Braunfels, TX",26,261,23,86,24.24749164,32.77591973,15.71906355,80,0.176470588,12,0.454545455,25,5,0.305757615,-0.493511499,0.772750415,345495,-0.01004298,0.017658321,0.8637375,0
202301,36260,"Ogden-Clearfield, UT",100,262,10,187,24.08026756,40.46822743,7.692307692,77.5,0.156716418,10.5,1.039473684,39.5,2.5,0.336073927,-0.599664508,0.662330214,542450,0.033238095,0.09596929,1.356125,1
202301,16060,"Carbondale-Marion, IL",298,263,39,-20,23.91304348,11.0367893,36.78929766,88.5,0.195945946,14.5,0.237762238,17,13.5,0.222926508,-0.116246172,1.011076794,128950,0.044129555,0.432777778,0.322375,0
202301,39820,"Redding, CA",237,264,26,55,23.57859532,21.73913044,25.4180602,83.5,0.136054422,10,0.346774194,21.5,8.5,0.192800151,-0.446225788,0.883401327,406700,-0.023529412,-0.115677321,1.01675,1
202301,21700,"Eureka-Arcata, CA",299,265,25,67,23.41137124,1.672240803,45.15050167,101.75,0.105978261,9.75,0.365771812,27.25,26.75,0.183031227,-0.471602214,1.085287197,478000,-0.022494888,-0.084291188,1.195,0
202301,16300,"Cedar Rapids, IA",171,266,43,-13,23.41137124,28.42809365,18.39464883,81,0.191176471,13,0.208955224,14,6,0.190233945,-0.220364111,0.793396129,299800,0.082310469,0.201603206,0.7495,0
202301,16820,"Charlottesville, VA",210,267,54,-2,23.24414716,10.03344482,36.4548495,89,0.271428571,19,0.065868263,5.5,14,0.260546757,-0.371626008,1.005753731,531989,0.023055769,-0.000865809,1.3299725,0
202301,41100,"St. George, UT",263,268,-17,203,22.909699,38.46153846,7.357859532,78,0.068493151,5,0.733333333,33,3,0.369966392,-0.673664609,0.659848114,630112.5,-0.029849885,-0.13087931,1.57528125,1
202301,45500,"Texarkana, TX-AR",291,269,-5,77,22.40802676,12.04013378,32.77591973,87.5,0.080246914,6.5,0.388888889,24.5,12.5,0.364741669,-0.435445692,0.970954226,207225,0.041331658,0.062692308,0.5180625,0
202301,19300,"Daphne-Fairhope-Foley, AL",191,270,0,88,22.0735786,19.73244147,24.41471572,85,0.133333333,10,0.416666667,25,10,0.341298016,-0.483511488,0.869149372,485000,-0.010002041,0.141176471,1.2125,0
202301,43340,"Shreveport-Bossier City, LA",136,271,12,-20,21.73913044,38.46153846,5.016722408,78,0.138686131,9.5,0.083333333,6,3,0.205410904,-0.235735149,0.630165126,229000,0,0.387878788,0.5725,0
202301,41620,"Salt Lake City, UT",51,272,-1,154,21.40468227,38.46153846,4.347826087,78,0.114285714,8,0.95,38,3,0.339454373,-0.549542863,0.627927638,552330,0.004784428,-0.013520271,1.380825,1
202301,12260,"Augusta-Richmond County, GA-SC",95,273,5,43,21.23745819,32.77591973,9.698996656,80,0.118881119,8.5,0.355932203,21,5,0.259824099,-0.455614236,0.696038858,323950,0.015517241,0.156964286,0.809875,0
202301,10780,"Alexandria, LA",295,274,-4,-14,20.56856187,19.06354515,22.0735786,85.25,0.085987261,6.75,0.152027027,11.25,10.25,0.353896554,-0.225144078,0.832925395,199950,-0.074305556,0.080810811,0.499875,0
202301,12420,"Austin-Round Rock-Georgetown, TX",27,274,-9,196,20.56856187,34.11371238,7.023411371,79.5,0.089041096,6.5,0.691489362,32.5,4.5,0.355361677,-0.65055465,0.655634379,521500,-0.006666667,-0.048357664,1.30375,1
202301,39900,"Reno, NV",117,276,6,158,19.89966555,5.351170569,34.44816054,94,0.119047619,10,0.773584906,41,19,0.302916849,-0.464299081,0.979016633,609995,0.017930747,-0.049852025,1.5249875,1
202301,13900,"Bismarck, ND",297,277,65,-4,19.06354515,15.05016722,23.07692308,86.5,0.272058824,18.5,0.272058824,18.5,11.5,0.142226654,-0.251655941,0.841436292,399900,0.01898331,0.335448322,0.99975,0
202301,29820,"Las Vegas-Henderson-Paradise, NV",33,278,-10,201,18.56187291,34.11371238,3.010033445,79.5,0.074324324,5.5,0.9875,39.5,4.5,0.377218201,-0.628958364,0.616987306,439999,-2.27E-06,-0.053763556,1.0999975,1
202301,40580,"Rocky Mount, NC",293,279,48,126,18.39464883,10.03344482,26.75585284,89,0.236111111,17,0.561403509,32,14,0.243700571,-0.483294808,0.9018566,274998.5,0.01889033,0.234616593,0.68749625,1
202301,18880,"Crestview-Fort Walton Beach-Destin, FL",170,280,-8,69,18.06020067,11.0367893,25.08361204,88.5,0.029069767,2.5,0.264285714,18.5,13.5,0.391401847,-0.527399988,0.883164211,622604.25,-0.019520866,0.037846724,1.556510625,0
202301,28140,"Kansas City, MO-KS",30,281,38,4,17.89297659,9.698996656,26.08695652,89.5,0.162337662,12.5,0.26056338,18.5,14.5,0.118439952,-0.297494377,0.896842248,428945,0.046462552,0.175191781,1.0723625,0
202301,30940,"London, KY",288,282,32,70,17.39130435,7.023411371,27.75919732,92.25,0.23,17.25,0.44140625,28.25,17.25,0.2042984,-0.44435136,0.915144518,244950,0.021050438,0.088666667,0.612375,0
202301,14260,"Boise City, ID",75,283,-9,95,16.22073579,21.73913044,10.70234114,83.5,0.056962025,4.5,0.575471698,30.5,8.5,0.335990469,-0.44054373,0.70283915,519945,0.019699941,-0.069865832,1.2998625,1
202301,23580,"Gainesville, GA",241,284,3,57,15.71906355,12.04013378,19.39799331,87.5,0.136363636,10.5,0.458333333,27.5,12.5,0.381066365,-0.407599114,0.814210888,479890,0.001858038,0.046307541,1.199725,0
202301,17780,"College Station-Bryan, TX",186,284,1,99,15.71906355,13.37792642,18.06020067,87.25,0.06402439,5.25,0.558035714,31.25,12.25,0.212914947,-0.451684151,0.791236804,366000,-0.01054339,0.300880049,0.915,1
202301,27100,"Jackson, MI",276,286,17,-4,15.38461539,0,30.76923077,109.75,0.192934783,17.75,0.268786127,23.25,34.75,0.172712387,-0.306222455,0.945026887,170000,-0.093333333,0.063164478,0.425,0
202301,13380,"Bellingham, WA",196,287,24,101,13.5451505,24.41471572,2.675585284,82.5,0.213235294,14.5,0.65,32.5,7.5,0.36547823,-0.432926191,0.612152688,603450,-0.0091133,0.031538462,1.508625,1
202301,12940,"Baton Rouge, LA",69,288,-3,21,13.37792642,6.02006689,20.73578595,93,0.081395349,7,0.256756757,19,18,0.354374591,-0.437592299,0.825776965,323650,0.008286863,-0.019227564,0.809125,0
202301,41420,"Salem, OR",131,289,9,86,12.7090301,21.40468227,4.013377926,84.25,0.170138889,12.25,0.531818182,29.25,9.25,0.393040986,-0.500702318,0.624550067,491395,0.004897751,0.003051643,1.2284875,1
202301,35620,"New York-Newark-Jersey City, NY-NJ-PA",1,290,0,-9,12.04013378,10.03344482,14.04682274,89,0.098765432,8,0.034883721,3,14,0.334597147,-0.293494214,0.747639076,659000,8.50E-05,0.054568731,1.6475,0
202301,12220,"Auburn-Opelika, AL",255,291,4,51,11.70568562,15.05016722,8.361204013,86.5,0.108974359,8.5,0.51754386,29.5,11.5,0.211827002,-0.402756756,0.666650471,379900,0,0.067434673,0.94975,1
202301,32780,"Medford, OR",200,292,-1,1,10.86956522,4.013377926,17.72575251,98.5,0.094444444,8.5,0.223602484,18,23.5,0.330842709,-0.332836799,0.790850291,512475,0.00505001,-0.066530055,1.2811875,0
202301,22020,"Fargo, ND-MN",175,293,23,4,10.36789298,12.04013378,8.695652174,87.5,0.206896552,15,0.09375,7.5,12.5,0.20355172,-0.437391089,0.670332449,364477.5,0.028145275,0.060730188,0.91119375,0
202301,37460,"Panama City, FL",247,294,-2,145,7.023411371,8.695652174,5.351170569,90,0.071428571,6,0.666666667,36,15,0.408350155,-0.615529499,0.632273776,437400,0.005517241,0.1664,1.0935,1
202301,29180,"Lafayette, LA",114,295,0,0,6.688963211,3.010033445,10.36789298,99.5,0.069892473,6.5,0.275641026,21.5,24.5,0.228066189,-0.337331775,0.701141684,286975,0.043545455,0.076829268,0.7174375,0
202301,19780,"Des Moines-West Des Moines, IA",79,296,17,-2,6.52173913,7.357859532,5.685618729,91.5,0.236486486,17.5,0.115853659,9.5,16.5,0.176544545,-0.348324486,0.633871787,356945,0.025704023,0.094411357,0.8923625,0
202301,29420,"Lake Havasu City-Kingman, AZ",211,297,0,31,6.02006689,5.351170569,6.688963211,94,0.056179775,5,0.382352941,26,19,0.333275512,-0.534720518,0.642024018,400724.5,-0.005523018,-0.057118824,1.00181125,0
202301,13460,"Bend, OR",212,298,0,1,5.183946488,2.341137124,8.026755853,100.75,0.083333333,7.75,0.095108696,8.75,25.75,0.354634646,-0.456521555,0.66481809,648947.25,-0.001619615,-0.058131713,1.622368125,0
202301,39340,"Provo-Orem, UT",115,299,0,81,2.675585284,5.016722408,0.334448161,95.5,0.073033708,6.5,0.801886792,42.5,20.5,0.357049365,-0.515206806,0.40043141,556950,0.012820513,0.006128541,1.392375,1
202301,29340,"Lake Charles, LA",217,300,0,4,1.003344482,2.006688963,0,101,0.074468085,7,0.346666667,26,26,0.283443364,-0.434531413,0.393461586,236225,0.005212766,0.05129061,0.5905625,0
202212,31700,"Manchester-Nashua, NH",123,1,0,0,99.66555184,99.66555184,99.66555184,44,0.333333333,11,0.189189189,7,-23,-0.115777881,-0.324933315,2.710452874,495000,0.015436689,0.131558539,1.2375,0
202212,40380,"Rochester, NY",49,2,0,-1,98.82943144,99.66555184,97.99331104,44,0.419354839,13,0.121019108,4.75,-23,-0.104734695,-0.302979359,2.351399165,237000,0.048904625,0.203351104,0.5925,0
202212,18140,"Columbus, OH",31,3,0,-1,95.48494983,94.64882943,96.32107023,51,0.378378378,14,0.228915663,9.5,-16,-0.064954734,-0.316139183,2.186742519,329450,-0.001666667,0.136681215,0.823625,0
202212,44140,"Springfield, MA",81,4,-2,-11,95.31772575,93.31103679,97.32441472,52,0.253012048,10.5,0.155555556,7,-15,-0.080610246,-0.271797471,2.306321966,334950,-0.027721335,0.102171767,0.837375,0
202212,36780,"Oshkosh-Neenah, WI",235,5,-30,-68,95.15050167,92.64214047,97.65886288,52.5,0.034482759,1.75,-0.054054054,-3,-14.5,-0.096196979,-0.048319763,2.3284147,275000,-0.034918407,0.19578215,0.6875,0
202212,19430,"Dayton-Kettering, OH",63,6,-5,-20,93.81270903,97.99331104,89.63210702,47,0.175,7,0.068181818,3,-20,-0.065506093,-0.204704499,1.848279879,214900,-0.044888889,0.205103042,0.53725,0
202212,49340,"Worcester, MA-CT",59,7,3,-4,93.31103679,91.30434783,95.31772575,53,0.394736842,15,0.218390805,9.5,-14,-0.013296462,-0.309075758,2.14878875,440000,-0.016649905,0.135630404,1.1,0
202212,39300,"Providence-Warwick, RI-MA",38,8,0,-32,93.14381271,98.66220736,87.62541806,46.5,0.207792208,8,-0.051020408,-2.5,-20.5,-0.101226459,-0.241179516,1.753421323,469900,-0.010632698,0.106362941,1.17475,0
202212,44100,"Springfield, IL",208,9,-2,-87,92.30769231,98.99665552,85.6187291,46,0.277777778,10,-0.111111111,-5.75,-21,-0.081041265,-0.110482524,1.725563159,162450,-0.047074351,0.371464753,0.406125,0
202212,10420,"Akron, OH",76,10,-6,-33,91.47157191,95.98662207,86.95652174,50,0.25,10,0.123595506,5.5,-17,-0.057492087,-0.132136429,1.738693699,179900,-0.032155673,0.142947903,0.44975,0
202212,33340,"Milwaukee-Waukesha, WI",39,11,-4,-188,90.96989967,95.98662207,85.95317726,50,0.265822785,10.5,-0.242424242,-16,-17,-0.063070894,-0.096459247,1.727816575,375000,0.018329939,0.462130812,0.9375,0
202212,15940,"Canton-Massillon, OH",128,12,-9,-63,90.80267559,97.99331104,83.61204013,47,0.160493827,6.5,0.032967033,1.5,-20,-0.052392707,-0.09095406,1.649234944,190000,0.013603628,0.134667065,0.475,0
202212,40420,"Rockford, IL",157,13,4,-84,90.46822743,86.62207358,94.31438127,56,0.302325581,13,0.098039216,5,-11,-0.072041166,0.073946714,2.052657919,169900,-0.0020558,0.192908548,0.42475,0
202212,40220,"Roanoke, VA",155,14,-13,-140,89.63210702,86.62207358,92.64214047,56,0.217391304,10,-0.125,-8,-11,-0.085902295,-0.09792373,1.912961905,339950,0.030424734,0.13327055,0.849875,0
202212,45820,"Topeka, KS",198,15,-5,7,88.62876254,99.33110368,77.92642141,45,0.232876712,8.5,0.084337349,3.5,-22,-0.084893867,-0.457046046,1.528753117,224900,-0.027249135,0.385376852,0.56225,0
202212,28700,"Kingsport-Bristol, TN-VA",156,16,-6,-5,88.46153846,78.59531773,98.3277592,59,0.242105263,11.5,0.235602094,11.25,-8,-0.162838,-0.339716527,2.35849751,299949.5,0.024855215,0.200278111,0.74987375,0
202212,29540,"Lancaster, PA",106,17,-2,-74,88.1270903,89.96655518,86.28762542,54,0.234285714,10.25,-0.064935065,-3.75,-13,-0.083515566,-0.229509012,1.732967552,394900,0.021007705,0.128608174,0.98725,0
202212,25860,"Hickory-Lenoir-Morganton, NC",146,18,-14,2,87.95986622,83.94648829,91.97324415,57,0.1875,9,0.266666667,12,-10,-0.049166829,-0.376453474,1.908662213,329900,-0.030838946,0.199854519,0.82475,0
202212,13740,"Billings, MT",221,19,-12,-65,86.95652174,81.60535117,92.30769231,58,0.260869565,12,-0.053061224,-3.25,-9,-0.021404333,-0.411561813,1.912834988,470000,-0.02134305,-0.058587882,1.175,0
202212,17140,"Cincinnati, OH-KY-IN",28,20,-5,-50,86.62207358,93.31103679,79.93311037,52,0.238095238,10,0.06122449,3,-15,-0.095671013,-0.205870536,1.568631451,324900,-0.000307692,0.09412359,0.81225,0
202212,38860,"Portland-South Portland, ME",97,21,-7,-53,85.95317726,72.909699,98.99665552,60,0.237113402,11.5,0.008403361,0.5,-7,-0.073769746,-0.319199048,2.699492948,550000,0.023351009,0.123136614,1.375,0
202212,18180,"Concord, NH",279,22,9,-27,85.45150502,72.24080268,98.66220736,60.5,0.351955307,15.75,0.095022624,5.25,-6.5,-0.126621195,-0.355000867,2.455173563,480000,-0.005078246,0.087941976,1.2,0
202212,21140,"Elkhart-Goshen, IN",233,23,5,6,84.7826087,95.98662207,73.57859532,50,0.282051282,11,0.176470588,7.5,-17,-0.169798104,-0.39522035,1.445631322,247000,-0.071951907,0.191366213,0.6175,0
202212,29100,"La Crosse-Onalaska, WI-MN",294,24,17,1,84.44816054,72.909699,95.98662207,60,0.437125749,18.25,0.325966851,14.75,-7,-0.027510094,-0.161599495,2.170767676,359900,-0.003874896,0.291468557,0.89975,0
202212,35300,"New Haven-Milford, CT",64,25,11,-51,83.77926421,72.909699,94.64882943,60,0.348314607,15.5,0.043478261,2.5,-7,-0.113584575,-0.162961096,2.095976397,345000,-0.014004001,0.078125,0.8625,0
202212,40980,"Saginaw, MI",226,26,-21,-105,83.11036789,89.96655518,76.2541806,54,0.186813187,8.5,0,0,-13,-0.014365907,-0.181401088,1.474380234,149900,0.071479628,0.307742639,0.37475,0
202212,39540,"Racine, WI",223,26,-13,-163,83.11036789,83.94648829,82.27424749,57,0.252747253,11.5,-0.161764706,-11,-10,-0.058910434,-0.18327977,1.618418757,335900,0.033856571,0.370041807,0.83975,0
202212,11540,"Appleton, WI",193,28,3,-52,82.94314381,69.23076923,96.6555184,61,0.311827957,14.5,0.184466019,9.5,-6,-0.008944969,0.094957776,2.219685264,399000,0,0.172150411,0.9975,0
202212,31140,"Louisville/Jefferson County, KY-IN",44,29,-5,2,82.77591973,94.64882943,70.90301003,51,0.236363636,9.75,0.243902439,10,-16,-0.062720709,-0.333423558,1.403374222,290000,0,0.133033796,0.725,0
202212,14460,"Boston-Cambridge-Newton, MA-NH",10,30,7,-21,82.60869565,78.59531773,86.62207358,59,0.372093023,16,0.134615385,7,-8,-0.024736836,-0.28782861,1.738513971,745000,0.006892823,0.0844645,1.8625,0
202212,17460,"Cleveland-Elyria, OH",32,31,-6,-74,82.10702341,83.94648829,80.26755853,57,0.225806452,10.5,0.050691244,2.75,-10,-0.141420183,-0.207646519,1.574210412,189900,-0.050025013,0.02676399,0.47475,0
202212,11100,"Amarillo, TX",190,32,-15,-15,81.93979933,93.31103679,70.56856187,52,0.155555556,7,0.04,2,-15,-0.029352478,-0.369457917,1.399694128,340000,0.038326462,0.075268817,0.85,0
202212,28940,"Knoxville, TN",61,33,-9,5,81.10367893,72.909699,89.29765886,60,0.237113402,11.5,0.263157895,12.5,-7,-0.066331112,-0.283460282,1.815803194,429000,0.009411765,0.266794626,1.0725,0
202212,30780,"Little Rock-North Little Rock-Conway, AR",73,34,-3,-11,80.43478261,93.31103679,67.55852843,52,0.268292683,11,0.130434783,6,-15,-0.068836503,-0.337458242,1.369386759,299900,0.043130435,0.276170213,0.74975,0
202212,45780,"Toledo, OH",87,35,-10,-90,80.26755853,89.29765886,71.23745819,55.5,0.233333333,10.5,0.037383178,2,-11.5,-0.092298305,-0.22214713,1.407785738,166833.5,0.035429015,0.094348967,0.41708375,0
202212,15500,"Burlington, NC",256,36,-18,13,78.76254181,92.64214047,64.88294314,52.5,0.117021277,5.5,0.363636364,14,-14.5,-0.129273364,-0.38232937,1.32183597,349000,-0.037904893,0.110916586,0.8725,0
202212,27740,"Johnson City, TN",209,37,13,-20,78.59531773,57.19063545,100,64,0.32642487,15.75,0.113043478,6.5,-3,-0.161771594,-0.294758205,2.801930628,376017.5,0.037432749,0.212959677,0.94004375,0
202212,44180,"Springfield, MO",113,38,-5,4,77.92642141,86.62207358,69.23076923,56,0.272727273,12,0.244444444,11,-11,-0.099650037,-0.386555036,1.37603023,314900,-0.008032761,0.065020715,0.78725,0
202212,37900,"Peoria, IL",130,39,-42,-182,77.090301,78.59531773,75.58528428,59,0.123809524,6.5,-0.044534413,-2.75,-8,-0.114695162,-0.103095805,1.462548754,133900,-0.075914424,0.34034034,0.33475,0
202212,29200,"Lafayette-West Lafayette, IN",205,40,23,28,76.58862876,69.23076923,83.94648829,61,0.386363636,17,0.469879518,19.5,-6,-0.174206446,-0.36320912,1.680597963,299900,-0.008431146,0.333333333,0.74975,0
202212,25540,"Hartford-East Hartford-Middletown, CT",48,41,32,-15,75.91973244,52.5083612,99.33110368,65,0.460674157,20.5,0.176470588,9.75,-2,-0.131079271,-0.107190618,2.709358284,359000,-0.035982814,0.048175948,0.8975,0
202212,39740,"Reading, PA",132,42,6,-40,74.41471572,72.909699,75.91973244,60,0.333333333,15,0.153846154,8,-7,-0.134037601,-0.282920212,1.467469998,274950,0.014762871,0.195434783,0.687375,0
202212,27900,"Joplin, MO",254,43,3,-49,74.08026756,89.96655518,58.19397993,54,0.255813953,11,0.043478261,2.25,-13,-0.166346277,-0.356199592,1.259375682,209000,-0.070150266,-0.034642032,0.5225,0
202212,41180,"St. Louis, MO-IL",20,44,-6,-132,73.91304348,86.62207358,61.20401338,56,0.272727273,12,0.018181818,1,-11,-0.069851516,-0.204338436,1.285099891,265228,-0.028468864,0.105462124,0.66307,0
202212,35840,"North Port-Sarasota-Bradenton, FL",56,45,-114,-49,73.7458194,83.94648829,63.5451505,57,-0.033898305,-2,-0.073170732,-4.5,-10,-0.031006306,-0.518087957,1.316155967,525000,-0.003795066,0.024590164,1.3125,0
202212,27500,"Janesville-Beloit, WI",264,46,17,-4,73.41137124,56.52173913,90.30100334,64.5,0.336787565,16.25,0.216981132,11.5,-2.5,-0.198166333,-0.259481078,1.86971734,289900,-0.027589099,0.249838327,0.72475,0
