data/RDC_Inventory_Hotness_Metrics_Metro_History.csv
month_date_yyyymm,cbsa_code,cbsa_title,nielsen_hh_rank,hotness_rank,hotness_rank_mm,hotness_rank_yy,hotness_score,supply_score,demand_score,median_days_on_market,median_days_on_market_mm,median_dom_mm_day,median_days_on_market_yy,median_dom_yy_day,median_dom_vs_us,ldp_unique_viewers_per_property_mm,ldp_unique_viewers_per_property_yy,ldp_unique_viewers_per_property_vs_us,median_listing_price,median_listing_price_mm,median_listing_price_yy,median_listing_price_vs_us,quality_flag
202212,29620,"Lansing-East Lansing, MI",101,47,-6,-89,73.07692308,81.60535117,64.54849498,58,0.274725275,12.5,0.045045045,2.5,-9,-0.079013415,-0.299955062,1.321137179,189900,-0.023399331,0.22516129,0.47475,0
202212,33780,"Monroe, MI",285,48,-24,-90,72.909699,57.19063545,88.62876254,64,0.153153153,8.5,0.066666667,4,-3,-0.102802095,-0.125988226,1.798810476,269450,0.012969925,0.147083866,0.673625,0
202212,43780,"South Bend-Mishawaka, IN-MI",160,49,8,-88,71.90635452,81.60535117,62.20735786,58,0.318181818,14,-0.060728745,-3.75,-9,-0.167320396,-0.38703845,1.303319455,274900,-0.034252591,0.22750614,0.68725,0
202212,45220,"Tallahassee, FL",138,50,-12,-170,71.57190636,86.62207358,56.52173913,56,0.244444444,11,-0.034482759,-2,-11,-0.027229329,-0.132297103,1.21542742,319450,-0.001562744,0.151378627,0.798625,0
202212,21780,"Evansville, IN-KY",158,51,-14,5,71.23745819,83.61204013,58.86287625,57.5,0.223404255,10.5,0.292134831,13,-9.5,-0.084228897,-0.354971997,1.26590442,245000,0.038465614,0.419672606,0.6125,0
202212,31340,"Lynchburg, VA",182,52,-16,-127,70.90301003,56.52173913,85.28428094,64.5,0.228571429,12,0.084033613,5,-2.5,-0.056795034,-0.052200945,1.714655999,324950,-0.034108642,0.122646398,0.812375,0
202212,42340,"Savannah, GA",139,53,-20,-78,70.73578595,72.909699,68.56187291,60,0.2,10,0.025641026,1.5,-7,-0.039673272,-0.315329323,1.371093192,399900,0.001199236,0.146062827,0.99975,0
202212,23060,"Fort Wayne, IN",125,53,48,51,70.73578595,57.19063545,84.28093646,64,0.684210526,26,0.802816901,28.5,-3,-0.20049894,-0.482768738,1.694896172,269900,-0.068989307,0.166300442,0.67475,1
202212,47300,"Visalia, CA",149,55,-60,41,69.89966555,66.55518395,73.24414716,62.5,0.10619469,6,0.420454545,18.5,-4.5,-0.060492352,-0.528159856,1.43896296,399000,-0.001126549,0.054857898,0.9975,0
202212,49620,"York-Hanover, PA",118,56,-40,-88,69.56521739,72.909699,66.22073579,60,0.121495327,6.5,0.142857143,7.5,-7,-0.129166425,-0.185135772,1.352550086,340000,0.001701419,0.215583784,0.85,0
202212,24660,"Greensboro-High Point, NC",72,57,-2,-28,69.39799331,66.88963211,71.90635452,62,0.24,12,0.227722772,11.5,-5,-0.101233503,-0.271781681,1.409217696,313950,-0.01887559,0.210059742,0.784875,0
202212,25420,"Harrisburg-Carlisle, PA",93,58,1,-83,69.39799331,64.21404682,74.5819398,63,0.26,13,0.115044248,6.5,-4,-0.086311377,-0.213263807,1.453804735,299000,-0.018062397,0.218418908,0.7475,0
202212,34740,"Muskegon, MI",248,59,-40,-148,68.72909699,97.65886288,39.7993311,49.5,0.112359551,5,-0.043478261,-2.25,-17.5,-0.022139184,-0.136402953,1.042538048,199900,-0.085962506,0.041417036,0.49975,0
202212,49660,"Youngstown-Warren-Boardman, OH-PA",103,60,-15,-68,68.22742475,57.19063545,79.26421405,64,0.174311927,9.5,0.113043478,6.5,-3,-0.182161118,-0.204471015,1.557144095,149900,-0.013653561,0.185448794,0.37475,0
202212,16620,"Charleston, WV",179,61,1,-188,68.06020067,57.19063545,78.92976589,64,0.254901961,13,-0.111111111,-8,-3,-0.086555367,-0.091416468,1.547159224,140000,-0.034482759,-0.066511085,0.35,0
202212,19820,"Detroit-Warren-Dearborn, MI",13,62,-1,-17,67.89297659,86.62207358,49.1638796,56,0.272727273,12,0.244444444,11,-11,-0.070440212,-0.354034104,1.120266768,229900,-0.069230769,0.059691173,0.57475,0
202212,49180,"Winston-Salem, NC",86,63,-34,-64,67.39130435,72.909699,61.8729097,60,0.165048544,8.5,0.132075472,7,-7,-0.070994082,-0.27279772,1.29249022,319900,-0.000546747,0.187795301,0.79975,0
202212,42200,"Santa Maria-Santa Barbara, CA",142,63,-13,54,67.39130435,41.13712375,93.64548495,68,0.192982456,11,0.619047619,26,1,-0.039895533,-0.336103742,1.96571851,1150000,-0.088206145,-0.108527132,2.875,1
202212,48620,"Wichita, KS",90,65,35,-37,67.39130435,57.19063545,77.59197324,64,0.454545455,20,0.230769231,12,-3,-0.123293578,-0.205350219,1.521683347,289000,-0.006872852,0.256794955,0.7225,0
202212,16860,"Chattanooga, TN-GA",98,66,-24,44,67.05685619,57.19063545,76.92307692,64,0.20754717,11,0.406593407,18.5,-3,-0.044966203,-0.449629097,1.494612145,395000,-0.003783102,0.112989575,0.9875,0
202212,45300,"Tampa-St. Petersburg-Clearwater, FL",17,66,-69,7,67.05685619,78.59531773,55.51839465,59,0.092592593,5,0.092592593,5,-8,-0.04940739,-0.518524359,1.186305199,405000,-0.024096386,0.0729898,1.0125,0
202212,47380,"Waco, TX",184,68,-18,63,66.88963211,64.21404682,69.56521739,63,0.223300971,11.5,0.473684211,20.25,-4,-0.070768503,-0.602574694,1.38154366,319949.5,0.004314526,0.068278798,0.79987375,0
202212,32820,"Memphis, TN-MS-AR",46,69,-8,28,66.72240803,69.23076923,64.21404682,61,0.22,11,0.355555556,16,-6,-0.063469182,-0.363619433,1.319912912,325000,0.00015387,0.340206186,0.8125,0
202212,23420,"Fresno, CA",71,70,-45,60,66.38795987,83.94648829,48.82943144,57,0.225806452,10.5,0.628571429,22,-10,0.052255002,-0.52788978,1.119198367,420000,0.00035727,0.005988024,1.05,1
202212,44060,"Spokane-Spokane Valley, WA",96,71,-12,-175,66.22073579,81.60535117,50.8361204,58,0.318181818,14,-0.224080268,-16.75,-9,0.002963463,-0.361774378,1.131554785,446500,-0.007115855,-0.02297593,1.11625,0
202212,42540,"Scranton--Wilkes-Barre, PA",99,72,39,-6,66.22073579,49.1638796,83.27759197,66,0.360824742,17.5,0.147826087,8.5,-1,-0.191752813,-0.334515787,1.645982909,209999,-0.0452421,0.199994286,0.5249975,0
202212,26900,"Indianapolis-Carmel-Anderson, IN",34,72,-6,-18,66.22073579,89.63210702,42.80936455,55,0.195652174,9,0.195652174,9,-12,-0.113456701,-0.369317264,1.070878349,290000,-0.016949153,0.054737225,0.725,0
202212,16540,"Chambersburg-Waynesboro, PA",277,74,-7,-88,66.05351171,72.909699,59.19732442,60,0.188118812,9.5,0.132075472,7,-7,-0.120161782,-0.208792613,1.268574127,289900,-0.01543582,0.11255025,0.72475,0
202212,40060,"Richmond, VA",43,75,14,-110,65.88628763,86.62207358,45.15050167,56,0.258426966,11.5,0.027522936,1.5,-11,-0.116196582,-0.273549284,1.087664881,375000,-0.009181584,0.062992963,0.9375,0
202212,24340,"Grand Rapids-Kentwood, MI",52,75,9,-32,65.88628763,81.60535117,50.16722408,58,0.348837209,15,0.221052632,10.5,-9,-0.042220952,-0.297107802,1.123652015,359900,0.004437498,0.160967742,0.89975,0
202212,13980,"Blacksburg-Christiansburg, VA",265,77,-10,-108,65.55183947,41.13712375,89.96655518,68,0.182608696,10.5,-0.30964467,-30.5,1,-0.031431376,-0.186751846,1.856073957,325000,0.004264261,0.300520208,0.8125,0
202212,21060,"Elizabethtown-Fort Knox, KY",282,78,-9,-7,65.38461539,78.59531773,52.17391304,59,0.282608696,13,0.268817204,12.5,-8,-0.030218327,-0.354248198,1.140469106,299900,-0.019934641,0.193750622,0.74975,0
202212,35980,"Norwich-New London, CT",183,79,34,13,64.88294314,34.7826087,94.98327759,70,0.359223301,18.5,0.255605381,14.25,3,-0.115472419,-0.168488272,2.116475148,412450,-0.045144114,0.227712457,1.031125,0
202212,24780,"Greenville, NC",230,79,-51,-144,64.88294314,66.88963211,62.87625418,62,0.107142857,6,-0.178807947,-13.5,-5,-0.062119039,-0.320747463,1.308885829,339900,-0.03772383,0.335586161,0.84975,0
202212,19340,"Davenport-Moline-Rock Island, IA-IL",134,79,11,-187,64.88294314,57.19063545,72.57525084,64,0.267326733,13.5,-0.03030303,-2,-3,-0.078161753,0.032696285,1.427340007,189900,0.025101215,0.466409266,0.47475,0
202212,47940,"Waterloo-Cedar Falls, IA",244,82,-22,-115,64.3812709,69.23076923,59.53177258,61,0.184466019,9.5,0.060869565,3.5,-6,-0.050421215,-0.189798371,1.271640843,219900,-0.041621268,0.478567827,0.54975,0
202212,19100,"Dallas-Fort Worth-Arlington, TX",4,83,-32,47,64.21404682,78.59531773,49.83277592,59,0.204081633,10,0.388235294,16.5,-8,0.011902118,-0.453136389,1.123445234,435213,-0.027216776,0.0880325,1.0880325,0
202212,16700,"Charleston-North Charleston, SC",67,84,4,21,63.71237458,72.909699,54.51505017,60,0.25,12,0.304347826,14,-7,-0.076334707,-0.396111632,1.177058627,479000,-0.012360952,0.024343119,1.1975,0
202212,17900,"Columbia, SC",68,85,-27,66,63.5451505,78.59531773,48.49498328,59,0.145631068,7.5,0.552631579,21,-8,-0.089515542,-0.48525639,1.117484044,296990,-0.011297225,0.014334359,0.742475,1
202212,28020,"Kalamazoo-Portage, MI",174,85,21,-48,63.5451505,89.96655518,37.12374582,54,0.317073171,13,0.102040816,5,-13,-0.108600204,-0.302179822,1.024948596,275000,-0.017585224,0.066098081,0.6875,0
202212,45540,"The Villages, FL",253,87,-71,-13,63.37792642,64.21404682,62.54180602,63,0.090909091,5.25,0.063291139,3.75,-4,0.008653189,-0.436517323,1.307317439,407500,0.005863009,0.061958434,1.01875,0
202212,22220,"Fayetteville-Springdale-Rogers, AR",107,88,22,21,63.21070234,69.23076923,57.19063545,61,0.270833333,13,0.196078431,10,-6,-0.124473854,-0.414440917,1.242384501,393505,-0.02434761,0.063410627,0.9837625,0
202212,41740,"San Diego-Chula Vista-Carlsbad, CA",19,89,-6,-9,63.04347826,86.62207358,39.46488294,56,0.272727273,12,0.204301075,9.5,-11,-0.021981558,-0.375606296,1.042437767,899000,0.016968326,0.096341463,2.2475,0
202212,14010,"Bloomington, IL",259,90,20,-89,62.54180602,57.19063545,67.89297659,64,0.242718447,12.5,0.163636364,9,-3,-0.160344642,-0.128530545,1.369638237,274500,-0.001818182,0.962115797,0.68625,1
202212,29700,"Laredo, TX",228,91,-29,37,62.20735786,72.909699,51.50501672,60,0.148325359,7.75,0.333333333,15,-7,-0.069865654,-0.418962918,1.133877401,238000,-0.006263048,0.055678151,0.595,0
202212,34100,"Morristown, TN",300,92,45,21,61.8729097,34.7826087,88.9632107,70,0.37254902,19,0.272727273,15,3,-0.052384185,-0.236555943,1.81561331,350000,0.000403734,0.047198743,0.875,0
202212,10900,"Allentown-Bethlehem-Easton, PA-NJ",65,93,41,5,61.70568562,45.15050167,78.26086957,67,0.381443299,18.5,0.218181818,12,0,-0.063251232,-0.281675927,1.529804845,359000,0.024887055,0.197065689,0.8975,0
202212,25620,"Hattiesburg, MS",262,94,-86,-87,61.53846154,57.19063545,65.88628763,64,0.011857708,0.75,0.062240664,3.75,-3,-0.039504538,-0.264925234,1.349052016,279075,-0.036675872,0.350471812,0.6976875,0
202212,42020,"San Luis Obispo-Paso Robles, CA",180,95,-30,18,61.20401338,41.13712375,81.27090301,68,0.128630705,7.75,0.198237885,11.25,1,-0.048963123,-0.333324425,1.606916473,939950,-0.010578947,-0.046945501,2.349875,0
202212,33740,"Monroe, LA",225,96,-50,-85,61.0367893,69.23076923,52.84280937,61,0.161904762,8.5,0.004115226,0.25,-6,-0.016420096,-0.376268602,1.151844772,238450,-0.004176237,0.028910464,0.596125,0
202212,30980,"Longview, TX",181,97,8,60,60.86956522,45.15050167,76.58862876,67,0.252336449,13.5,0.326732673,16.5,0,-0.078953958,-0.450563086,1.476205307,299862.5,-0.000455834,0.19945,0.74965625,0
202212,25940,"Hilton Head Island-Bluffton, SC",203,98,-24,-49,60.53511706,48.82943144,72.24080268,66.5,0.127118644,7.5,-0.014814815,-1,-0.5,-0.117432202,-0.374157484,1.412836539,625000,0,0.241927471,1.5625,0
202212,37100,"Oxnard-Thousand Oaks-Ventura, CA",85,99,-19,57,60.53511706,57.19063545,63.87959866,64,0.201877934,10.75,0.422222222,19,-3,-0.014829759,-0.361132642,1.318638371,869762,-0.005986286,-0.027655674,2.174405,0
202212,15380,"Buffalo-Cheektowaga, NY",47,100,-1,-131,60.2006689,57.19063545,63.21070234,64,0.20754717,11,-0.022900763,-1.5,-3,-0.121250244,-0.21247634,1.315083464,225000,-0.062109212,0.053987586,0.5625,0
202212,16740,"Charlotte-Concord-Gastonia, NC-SC",22,101,10,83,60.03344482,72.909699,47.15719064,60,0.25,12,0.518987342,20.5,-7,-0.07257252,-0.503103981,1.10800219,394990,-0.015692011,0.014225189,0.987475,1
202212,20740,"Eau Claire, WI",243,102,59,-28,60.03344482,31.77257525,88.29431438,71,0.427135678,21.25,0.193277311,11.5,4,-0.077780355,-0.131997183,1.787845793,359900,0.00692453,0.212192658,0.89975,0
202212,27620,"Jefferson City, MO",287,103,18,71,59.86622074,34.7826087,84.94983278,70,0.28440367,15.5,0.465968586,22.25,3,-0.0421111,-0.312153749,1.696633536,249900,0.086521739,0.298519096,0.62475,0
202212,42100,"Santa Cruz-Watsonville, CA",194,104,-8,-98,59.69899666,45.15050167,74.24749164,67,0.229357798,12.5,-0.180428135,-14.75,0,-0.002800518,-0.305713216,1.453311846,1349000,-0.035739814,0.041698842,3.3725,0
202212,31180,"Lubbock, TX",165,105,-2,-16,59.53177258,94.64882943,24.41471572,51,0.159090909,7,0.025125628,1.25,-16,-0.111085446,-0.444716736,0.877898837,299000,-0.017617986,0.020477816,0.7475,0
202212,34980,"Nashville-Davidson--Murfreesboro--Franklin, TN",35,105,7,92,59.53177258,95.98662207,23.07692308,50,0.333333333,12.5,0.785714286,22,-17,-0.05372846,-0.619764124,0.857435163,515000,-0.016941064,0.119808654,1.2875,1
202212,31540,"Madison, WI",77,105,27,-61,59.53177258,31.77257525,87.2909699,71,0.290909091,16,0.163934426,10,4,-0.076504116,-0.11740274,1.740108058,419900,0.003465169,0.083892617,1.04975,0
202212,40900,"Sacramento-Roseville-Folsom, CA",29,108,15,77,59.3645485,57.19063545,61.53846154,64,0.267326733,13.5,0.471264368,20.5,-3,-0.012632179,-0.396211399,1.285325851,585000,-0.008432561,-0.020100503,1.4625,0
202212,13780,"Binghamton, NY",189,108,52,-53,59.3645485,28.09364549,90.63545151,72,0.339534884,18.25,0.107692308,7,5,-0.185133847,-0.116636759,1.871880721,199250,-0.025672372,0.287768622,0.498125,0
202212,16980,"Chicago-Naperville-Elgin, IL-IN-WI",3,110,1,-128,58.86287625,83.94648829,33.77926421,57,0.266666667,12,0.04587156,2.5,-10,-0.022006592,-0.137752034,0.977151609,320000,-0.033159604,0.024001638,0.8,0
202212,49740,"Yuma, AZ",260,111,-41,81,58.19397993,68.89632107,47.4916388,61.5,0.182692308,9.5,0.5,20.5,-5.5,-0.01382578,-0.463407277,1.110573152,304402.5,-0.015340698,0.087443065,0.76100625,0
202212,39060,"Pottsville, PA",289,111,-20,24,58.19397993,49.1638796,67.22408027,66,0.189189189,10.5,0.466666667,21,-1,-0.008932588,-0.185953959,1.369085215,125000,0.002606778,0.141031493,0.3125,0
202212,33460,"Minneapolis-St. Paul-Bloomington, MN-WI",15,113,-1,-100,58.02675585,81.60535117,34.44816054,58,0.274725275,12.5,0.137254902,7,-9,-0.016881742,-0.132927898,0.981174126,400000,0.000250063,0.11919418,1,0
202212,45460,"Terre Haute, IN",240,114,12,-122,57.52508361,41.13712375,73.91304348,68,0.192982456,11,0.003690037,0.25,1,-0.154686549,-0.141870255,1.445865664,159900,-0.000312598,0.333333333,0.39975,0
202212,37340,"Palm Bay-Melbourne-Titusville, FL",88,115,-24,-57,56.68896321,66.88963211,46.48829431,62,0.153488372,8.25,0,0,-5,-0.092759775,-0.441847032,1.101057145,370000,-0.015956138,0.01369863,0.925,0
202212,17860,"Columbia, MO",214,116,61,83,56.52173913,52.5083612,60.53511706,65,0.413043478,19,0.420765027,19.25,-2,-0.116664071,-0.447071757,1.281709991,339900,-0.01499674,0.225085601,0.84975,0
202212,11700,"Asheville, NC",111,117,23,-53,56.35451505,24.74916388,87.95986622,73,0.25862069,15,-0.006802721,-0.5,6,-0.062344289,-0.219541984,1.774936471,539000,0.007476636,0.123255984,1.3475,0
202212,26140,"Homosassa Springs, FL",249,118,15,70,56.02006689,64.21404682,47.82608696,63,0.247524752,12.5,0.3125,15,-4,-0.090214691,-0.471378867,1.112233233,319000,-0.025210084,0.063599233,0.7975,0
202212,46340,"Tyler, TX",206,119,19,61,55.68561873,31.77257525,79.59866221,71,0.302752294,16.5,0.285067873,15.75,4,-0.027386877,-0.458701284,1.557283972,403750,0.010764802,0.116429417,1.009375,0
202212,30140,"Lebanon, PA",296,120,49,26,55.18394649,40.13377926,70.23411371,68.5,0.36318408,18.25,0.397959184,19.5,1.5,-0.041232476,-0.219972386,1.393533763,366450,0.064882418,0.488575201,0.916125,0
202212,42680,"Sebastian-Vero Beach, FL",238,121,-88,60,54.68227425,49.1638796,60.2006689,66,0,0,0.211009174,11.5,-1,-0.011606713,-0.486797454,1.277996609,425000,-0.010362091,-0.004683841,1.0625,0
202212,41500,"Salinas, CA",154,122,11,-29,54.68227425,24.74916388,84.61538462,73,0.18699187,11.5,-0.081761006,-6.5,6,-0.138214542,-0.35146838,1.696024796,932000,0.014697877,-0.087169442,2.33,0
202212,45940,"Trenton-Princeton, NJ",148,122,-20,-100,54.68227425,41.13712375,68.22742475,68,0.172413793,10,0.070866142,4.5,1,-0.042037877,-0.186330368,1.370612204,349900,-0.066684449,0.189326988,0.87475,0
202212,47260,"Virginia Beach-Norfolk-Newport News, VA-NC",36,124,-2,-17,54.51505017,95.98662207,13.04347826,50,0.265822785,10.5,0.298701299,11.5,-17,-0.033638858,-0.215951762,0.744044582,359900,0.001391208,0.191820515,0.89975,0
202212,41940,"San Jose-Sunnyvale-Santa Clara, CA",37,125,-7,-160,54.51505017,91.30434783,17.72575251,53,0.308641975,12.5,-0.237410072,-16.5,-14,0.036073299,-0.361265869,0.788092871,1395000,-0.002859185,0.125958881,3.4875,0
202212,27180,"Jackson, TN",245,126,0,91,53.84615385,34.7826087,72.909699,70,0.25,14,0.443298969,21.5,3,0.014748257,-0.424659353,1.430510001,259900,-0.000384615,0.300150075,0.64975,0
202212,22660,"Fort Collins, CO",140,127,43,-118,53.84615385,57.19063545,50.50167224,64,0.391304348,18,0.049180328,3,-3,-0.054276443,-0.194358985,1.124716628,584990,-1.71E-05,0.144497757,1.462475,0
202212,39660,"Rapid City, SD",280,127,-61,7,53.84615385,52.5083612,55.18394649,65,0.074380165,4.5,0,0,-2,-0.020618577,-0.510056439,1.182953166,402500,-0.062754686,0.134122288,1.00625,0
202212,15540,"Burlington-South Burlington, VT",201,129,79,0,53.34448161,9.698996656,96.98996656,81,0.528301887,28,0.165467626,11.5,14,-0.090170513,-0.135402382,2.230357351,474450,0.031637312,0.133150227,1.186125,0
202212,12580,"Baltimore-Columbia-Towson, MD",21,130,-19,-75,53.17725753,91.30434783,15.05016722,53,0.171270718,7.75,0.070707071,3.5,-14,-0.049718995,-0.242011774,0.770690708,329900,-0.028133746,0.06436522,0.82475,0
202212,20260,"Duluth, MN-WI",164,131,25,-23,53.01003345,12.04013378,93.97993311,79,0.295081967,18,0.060402685,4.5,12,-0.02660007,-0.203921156,1.969626831,252500,0.01,0.332457342,0.63125,0
202212,21500,"Erie, PA",177,131,5,-97,53.01003345,14.71571906,91.30434783,78,0.190839695,12.5,0.064846416,4.75,11,-0.069800742,0.015691654,1.893666676,192000,-0.03951976,0.372408864,0.48,0
