data/RDC_Inventory_Hotness_Metrics_Metro_History.csv
month_date_yyyymm,cbsa_code,cbsa_title,nielsen_hh_rank,hotness_rank,hotness_rank_mm,hotness_rank_yy,hotness_score,supply_score,demand_score,median_days_on_market,median_days_on_market_mm,median_dom_mm_day,median_days_on_market_yy,median_dom_yy_day,median_dom_vs_us,ldp_unique_viewers_per_property_mm,ldp_unique_viewers_per_property_yy,ldp_unique_viewers_per_property_vs_us,median_listing_price,median_listing_price_mm,median_listing_price_yy,median_listing_price_vs_us,quality_flag
202212,14860,"Bridgeport-Stamford-Norwalk, CT",62,133,41,-41,52.84280937,14.71571906,90.96989967,78,0.322033898,19,0.054054054,4,11,-0.0589707,-0.157435065,1.88729428,799000,-0.003957989,0.073203492,1.9975,0
202212,33700,"Modesto, CA",119,134,-12,90,52.5083612,52.5083612,52.5083612,65,0.203703704,11,0.547619048,23,-2,-0.045139983,-0.398249238,1.151414759,479000,0.013756614,-0.005723834,1.1975,1
202212,46140,"Tulsa, OK",54,135,-25,-13,52.34113712,69.23076923,35.45150502,61,0.173076923,9,0.201970443,10.25,-6,-0.068185532,-0.344064292,0.999946176,325466,0.027982685,0.297347932,0.813665,0
202212,27980,"Kahului-Wailuku-Lahaina, HI",274,136,-61,71,52.00668896,38.46153846,65.55183947,69.5,-0.04137931,-3,0.376237624,19,2.5,-0.120149676,-0.362058273,1.332170959,1300000,-0.020715631,0.050717317,3.25,0
202212,12700,"Barnstable Town, MA",192,137,64,-88,51.83946488,21.73913044,81.93979933,74,0.38317757,20.5,-0.218997361,-20.75,7,-0.114741748,-0.184910488,1.616666628,750000,-0.060150376,-0.090909091,1.875,0
202212,48140,"Wausau-Weston, WI",258,138,80,-68,51.83946488,12.04013378,91.63879599,79,0.476635514,25.5,0.144927536,10,12,-0.070458102,-0.009442221,1.901112365,269900,-0.025464655,0.038876059,0.67475,0
202212,48660,"Wichita Falls, TX",290,139,15,80,51.50501672,64.21404682,38.79598662,63,0.266331658,13.25,0.431818182,19,-4,-0.037807179,-0.441026364,1.031409581,199900,0.049619323,0.145887074,0.49975,0
202212,37980,"Philadelphia-Camden-Wilmington, PA-NJ-DE-MD",6,140,3,-52,51.33779264,49.1638796,53.51170569,66,0.211009174,11.5,0.137931034,8,-1,-0.078087134,-0.283779555,1.168101339,320000,-0.030156084,0.066846252,0.8,0
202212,30700,"Lincoln, NE",150,141,20,-132,51.33779264,91.30434783,11.37123746,53,0.341772152,13.5,-0.086206897,-5,-14,-0.094968136,-0.175476503,0.716796277,402900,0.039976769,0.15130733,1.00725,0
202212,47900,"Washington-Arlington-Alexandria, DC-VA-MD-WV",7,142,9,-53,51.17056856,83.94648829,18.39464883,57,0.310344828,13.5,0.1875,9,-10,-0.001783688,-0.214621895,0.792599464,555000,-0.017699115,0.110111011,1.3875,0
202212,43620,"Sioux Falls, SD",173,143,-17,-58,50.66889632,94.64882943,6.688963211,51,0.159090909,7,0.0625,3,-16,-0.065452567,-0.275271397,0.64856091,343950,-0.006499133,0.198849773,0.859875,0
202212,21660,"Eugene-Springfield, OR",127,143,20,-31,50.66889632,69.23076923,32.10702341,61,0.29787234,14,0.201970443,10.25,-6,-0.049952899,-0.291768094,0.966752058,499999.5,9.95E-05,0.085480597,1.24999875,0
202212,44700,"Stockton, CA",94,145,-26,77,50.50167224,66.88963211,34.11371238,62,0.215686275,11,0.377777778,17,-5,0.014144058,-0.467470816,0.980977367,540000,-0.018181818,-0.002187335,1.35,0
202212,30100,"Lebanon, NH-VT",197,146,36,-2,49.83277592,4.013377926,95.65217391,88,0.353846154,23,0.086419753,7,21,-0.121538753,-0.284444321,2.156273693,400000,-0.058768163,0.090093503,1,0
202212,12540,"Bakersfield, CA",83,146,17,126,49.83277592,57.19063545,42.47491639,64,0.267326733,13.5,0.570552147,23.25,-3,-0.04664371,-0.521722192,1.069937356,369625,-0.014332019,0.087932303,0.9240625,1
202212,19740,"Denver-Aurora-Lakewood, CO",18,146,2,107,49.83277592,69.23076923,30.43478261,61,0.29787234,14,0.525,21,-6,0.020304067,-0.51413293,0.941932228,600000,-0.008338223,-0.039535135,1.5,1
202212,36540,"Omaha-Council Bluffs, NE-IA",57,149,41,-39,49.49832776,72.909699,26.08695652,60,0.348314607,15.5,0.176470588,9,-7,-0.097279487,-0.317011314,0.892841236,398900,0.030416532,0.318677686,0.99725,0
202212,17820,"Colorado Springs, CO",74,150,13,143,49.33110368,52.5083612,46.15384615,65,0.262135922,13.5,0.96969697,32,-2,-0.032449903,-0.536310034,1.099308669,495000,-0.008016032,0.02399669,1.2375,1
202212,33660,"Mobile, AL",122,150,-14,-4,49.33110368,49.1638796,49.49832776,66,0.222222222,12,0.333333333,16.5,-1,-0.024696897,-0.193132739,1.121758815,240000,-0.021506472,0.201443234,0.6,0
202212,46060,"Tucson, AZ",53,152,-21,18,48.82943144,72.909699,24.74916388,60,0.2,10,0.363636364,16,-7,0.001797158,-0.289404777,0.879723866,374900,-0.000266667,0.038604851,0.93725,0
202212,12620,"Bangor, ME",268,153,1,-37,48.66220736,4.347826087,92.97658863,87,0.328244275,21.5,0.074074074,6,20,0.050803811,-0.115568064,1.916536767,234900,-0.030740664,0.162874166,0.58725,0
202212,45060,"Syracuse, NY",84,154,11,-82,48.3277592,18.06020067,78.59531773,76,0.1875,12,-0.019354839,-1.5,9,-0.136983957,-0.168575889,1.538239162,209250,-0.015062368,0.163146192,0.523125,0
202212,38940,"Port St. Lucie, FL",110,155,-59,102,48.16053512,52.5083612,43.81270903,65,0.083333333,5,0.397849462,18.5,-2,0.00496939,-0.466868444,1.076655844,440000,-0.011124845,0.035294118,1.1,0
202212,45860,"Torrington, CT",229,156,-12,-60,47.4916388,1.672240803,93.31103679,91.5,0.2,15.25,0.005494505,0.5,24.5,-0.03833678,-0.056271808,1.917047225,549000,0.045714286,0.098714164,1.3725,0
202212,22900,"Fort Smith, AR-OK",195,156,-34,39,47.4916388,41.13712375,53.84615385,68,0.133333333,8,0.253456221,13.75,1,-0.010323504,-0.381395388,1.173859416,225000,-0.027027027,0.07398568,0.5625,0
202212,34060,"Morgantown, WV",283,158,-11,-82,47.4916388,12.04013378,82.94314381,79,0.116607774,8.25,-0.015576324,-1.25,12,-0.105118495,-0.102256139,1.644745025,289000,0.033989267,0.034451902,0.7225,0
202212,11460,"Ann Arbor, MI",141,159,54,-60,46.82274248,18.39464883,75.25083612,75,0.333333333,18.75,-0.171270718,-15.5,8,-0.08730587,-0.272454926,1.462185496,419900,-0.038525388,0.032342131,1.04975,0
202212,38300,"Pittsburgh, PA",23,160,24,-58,46.82274248,24.74916388,68.89632107,73,0.237288136,14,0.118773946,7.75,6,-0.090430989,-0.21595204,1.375086747,205000,-0.06264289,-0.02334445,0.5125,0
202212,48900,"Wilmington, NC",162,161,13,10,46.6555184,21.73913044,71.57190636,74,0.208163265,12.75,0.218106996,13.25,7,-0.104338241,-0.302840321,1.408039841,509950,-0.028665742,0.073833276,1.274875,0
202212,20100,"Dover, DE",246,161,1,-81,46.6555184,52.5083612,40.80267559,65,0.19266055,10.5,-0.051094891,-3.5,-2,-0.109335415,-0.362217871,1.052422921,385000,0.013424585,0.051912568,0.9625,0
202212,39380,"Pueblo, CO",252,161,-2,68,46.6555184,78.59531773,14.71571906,59,0.282608696,13,0.456790123,18.5,-8,-0.048993216,-0.451536982,0.762183328,349900,-0.024601017,0.012002892,0.87475,0
202212,44300,"State College, PA",273,164,45,-62,46.6555184,18.39464883,74.91638796,75,0.260504202,15.5,0.079136691,5.5,8,-0.142436222,-0.201907988,1.457067479,345000,-0.014144878,0.150191699,0.8625,0
202212,42140,"Santa Fe, NM",257,165,-7,-29,46.32107023,12.04013378,80.60200669,79,0.196969697,13,-0.240384615,-25,12,-0.040633559,-0.287391797,1.583268204,755000,0.038514443,0.102994887,1.8875,0
202212,40340,"Rochester, MN",202,166,22,-42,45.65217391,21.40468227,69.89966555,74.5,0.268085106,15.75,0.268085106,15.75,7.5,-0.028298989,-0.107826005,1.384041887,379900,-0.0176482,0.074149996,0.94975,0
202212,15980,"Cape Coral-Fort Myers, FL",66,167,-89,98,45.48494983,52.5083612,38.46153846,65,-0.127516779,-9.5,0.274509804,14,-2,-0.087876026,-0.51200612,1.03088567,465000,0.010979454,0.066648316,1.1625,0
202212,41860,"San Francisco-Oakland-Berkeley, CA",12,168,12,4,45.31772575,64.21404682,26.42140468,63,0.369565217,17,0.3125,15,-4,0.038649559,-0.316556725,0.894040403,990000,-0.04301595,0.046248407,2.475,0
202212,26580,"Huntington-Ashland, WV-KY-OH",147,168,11,-23,45.31772575,8.026755853,82.60869565,83,0.220588235,15,0.243445693,16.25,16,-0.135936055,-0.17182396,1.620315373,160000,-0.085714286,0.073825503,0.4,0
202212,17300,"Clarksville, TN-KY",169,170,-36,68,45.15050167,83.94648829,6.35451505,57,0.128712871,6.5,0.425,17,-10,-0.081174087,-0.53066346,0.638934719,350000,-0.007021775,0.076923077,0.875,0
202212,31420,"Macon-Bibb County, GA",207,171,6,-104,44.81605351,64.21404682,25.4180602,63,0.235294118,12,0.032786885,2,-4,-0.106877851,-0.238489324,0.883545776,237250,0.054444444,0.143401046,0.593125,0
202212,27340,"Jacksonville, NC",250,172,20,-41,44.81605351,57.19063545,32.44147157,64,0.312820513,15.25,0.153153153,8.5,-3,0.01003831,-0.295491467,0.969831286,325000,-0.011181258,0.268416431,0.8125,0
202212,24860,"Greenville-Anderson, SC",60,173,33,65,44.64882943,49.1638796,40.13377926,66,0.257142857,13.5,0.300492611,15.25,-1,-0.117423958,-0.418803852,1.044103486,339435,-0.007935116,0.035502101,0.8485875,0
202212,13820,"Birmingham-Hoover, AL",50,174,8,-52,44.48160535,52.5083612,36.4548495,65,0.238095238,12.5,0.069958848,4.25,-2,-0.061495881,-0.338441288,1.018909481,272000,-0.017083593,-0.010727424,0.68,0
202212,34940,"Naples-Marco Island, FL",124,175,-67,114,44.31438127,45.15050167,43.47826087,67,-0.042857143,-3,0.31372549,16,0,-0.067770213,-0.508760675,1.07468797,799999,0.001250313,0.0800216,1.9999975,0
202212,12060,"Atlanta-Sandy Springs-Alpharetta, GA",9,176,-10,6,44.14715719,72.909699,15.38461539,60,0.188118812,9.5,0.237113402,11.5,-7,-0.057738825,-0.39573993,0.774432918,399900,-0.004821601,0.025516092,0.99975,0
202212,36740,"Orlando-Kissimmee-Sanford, FL",25,177,-19,67,43.97993311,34.7826087,53.17725753,70,0.138211382,8.5,0.166666667,10,3,-0.029490387,-0.486364614,1.162340189,429990,-0.021428929,0.102821236,1.074975,0
202212,24580,"Green Bay, WI",153,178,0,56,43.81270903,6.02006689,81.60535117,85,0.188811189,13.5,0.328125,21,18,-0.053800986,-0.313154279,1.613168036,400000,0.000250063,0.194386384,1,0
202212,22420,"Flint, MI",126,178,29,-50,43.81270903,52.5083612,35.11705686,65,0.256038647,13.25,0.087866109,5.25,-2,-0.092245326,-0.31753577,0.999713772,185000,-0.063291139,0.057747284,0.4625,0
202212,26620,"Huntsville, AL",108,180,-31,155,43.31103679,78.59531773,8.026755853,59,0.156862745,8,1.070175439,30.5,-8,-0.023508972,-0.672211567,0.677367479,390000,-0.012533232,0.071575766,0.975,1
202212,14500,"Boulder, CO",152,181,26,92,42.97658863,34.7826087,51.17056856,70,0.386138614,19.5,0.505376344,23.5,3,0.080086512,-0.346836957,1.132062708,835000,0.001499551,0.039235819,2.0875,1
202212,48540,"Wheeling, WV-OH",292,182,-1,-71,42.47491639,7.692307692,77.25752508,83.5,0.192857143,13.5,0.269961977,17.75,16.5,-0.02424406,-0.010644239,1.521611626,159500,-0.016949153,0.095467033,0.39875,0
202212,35660,"Niles, MI",270,182,16,-61,42.47491639,18.39464883,66.55518395,75,0.209677419,13,0.094890511,6.5,8,-0.098035633,-0.173514041,1.355242895,339000,-0.051549276,0.003998223,0.8475,0
202212,49700,"Yuba City, CA",286,182,-41,128,42.47491639,28.09364549,56.85618729,72,0.125,8,0.425742574,21.5,5,0.071066924,-0.435711253,1.232486489,450000,-0.014076792,0.018733375,1.125,0
202212,10580,"Albany-Schenectady-Troy, NY",55,185,-10,-82,42.14046823,28.09364549,56.18729097,72,0.11627907,7.5,0.035971223,2.5,5,-0.091311861,-0.180280392,1.195815598,340000,0.00014708,-0.012489108,0.85,0
202212,45900,"Traverse City, MI",266,186,10,14,41.80602007,2.675585284,80.93645485,89,0.236111111,17,0.271428571,19,22,-0.091722897,-0.272015358,1.589222504,474900,-0.009490041,0.10847873,1.18725,0
202212,41060,"St. Cloud, MN",220,187,-17,-84,41.80602007,31.77257525,51.83946488,71,0.229437229,13.25,0.163934426,10,4,0.074094211,-0.039448307,1.13623338,325000,0,0.083694565,0.8125,0
202212,27140,"Jackson, MS",104,188,11,124,41.63879599,24.74916388,58.52842809,73,0.196721311,12,0.474747475,23.5,6,-0.061897926,-0.384426732,1.261986509,324200,0.060492563,0.223396226,0.8105,0
202212,22520,"Florence-Muscle Shoals, AL",267,189,49,-26,41.30434783,45.15050167,37.45819398,67,0.307317073,15.75,0.218181818,12,0,-0.054149806,-0.243675725,1.027918535,269970,0.000259355,0.351708599,0.674925,0
202212,33260,"Midland, TX",242,190,9,-84,41.13712375,57.19063545,25.08361204,64,0.267326733,13.5,0.075630252,4.5,-3,0.030671551,-0.151964674,0.882041023,360000,0.021349032,0.107692308,0.9,0
202212,47580,"Warner Robins, GA",232,191,-13,-95,40.96989967,52.5083612,29.43143813,65,0.140350877,8,-0.007633588,-0.5,-2,-0.098683915,-0.18155975,0.924886939,312822,-0.020748161,0.170762926,0.782055,0
202212,36837,"Ottawa, IL",284,192,10,-73,40.63545151,23.7458194,57.52508361,73.5,0.190283401,11.75,0.122137405,8,6.5,-0.041403588,-0.096383253,1.243947985,171950,0.033042956,0.146715572,0.429875,0
202212,10740,"Albuquerque, NM",58,193,-5,-19,40.30100334,24.74916388,55.85284281,73,0.177419355,11,0.216666667,13,6,-0.003472667,-0.266811248,1.194719158,365000,-0.033611777,0.042857143,0.9125,0
202212,49420,"Yakima, WA",213,194,60,123,39.96655518,45.15050167,34.7826087,67,0.333333333,16.75,0.505617978,22.5,0,-0.069346152,-0.435624016,0.996664864,384500,-0.006459948,-0.00436835,0.96125,1
202212,25180,"Hagerstown-Martinsburg, MD-WV",172,194,1,76,39.96655518,57.19063545,22.74247492,64,0.20754717,11,0.391304348,18,-3,-0.090931607,-0.406950057,0.857004509,311990,-0.009555556,0.062102656,0.779975,0
202212,29740,"Las Cruces, NM",216,196,-21,-65,39.7993311,66.88963211,12.7090301,62,0.180952381,9.5,0.082969432,4.75,-5,-0.06101453,-0.287090243,0.738014967,369500,0.018748277,0.264328486,0.92375,0
202212,36420,"Oklahoma City, OK",41,197,5,39,39.63210702,66.88963211,12.37458194,62,0.24,12,0.305263158,14.5,-5,-0.043942562,-0.43835431,0.735592667,324023,-0.003006154,0.11732069,0.8100575,0
202212,22180,"Fayetteville, NC",112,198,-22,97,39.63210702,57.19063545,22.0735786,64,0.132743363,7.5,0.306122449,15,-3,-0.068403378,-0.511810046,0.848076557,330000,-0.023939366,0.375286518,0.825,0
202212,20020,"Dothan, AL",271,199,-13,-55,39.29765886,23.7458194,54.84949833,73.5,0.139534884,9,0.065217391,4.5,6.5,-0.012823982,-0.252590692,1.179888822,247500,0.019987637,0.140684411,0.61875,0
202212,36500,"Olympia-Lacey-Tumwater, WA",168,200,-3,54,39.13043478,72.24080268,6.02006689,60.5,0.241025641,11.75,0.592105263,22.5,-6.5,0.052065297,-0.284702323,0.63695906,543888,0.013629036,0.103221095,1.35972,1
202212,17980,"Columbus, GA-AL",159,201,11,-45,38.9632107,49.1638796,28.76254181,66,0.23364486,12.5,0.157894737,9,-1,-0.069661161,-0.211755355,0.918893625,225000,-0.026711366,0.184834123,0.5625,0
202212,22500,"Florence, SC",224,202,-5,-7,38.29431438,16.72240803,59.86622074,77,0.175572519,11.5,0.439252336,23.5,10,0.036288305,-0.022821311,1.275684642,269900,-0.016747891,0.199414291,0.67475,0
202212,42220,"Santa Rosa-Petaluma, CA",116,203,-15,-48,37.45819398,8.026755853,66.88963211,83,0.198555957,13.75,0.133105802,9.75,16,0.085647074,-0.208366656,1.356352354,899000,-0.035640537,-0.018285658,2.2475,0
202212,25900,"Hilo, HI",222,204,-15,64,37.2909699,9.364548495,65.2173913,81.5,0.101351351,7.5,0.358333333,21.5,14.5,-0.029089148,-0.352561022,1.328578246,599000,-0.007867495,0.108233118,1.4975,0
202212,14540,"Bowling Green, KY",236,205,35,1,37.12374582,45.15050167,29.09698997,67,0.288461538,15,0.27014218,14.25,0,-0.135949923,-0.288079779,0.920737013,314949.5,-0.041607011,0.060882526,0.78737375,0
202212,26420,"Houston-The Woodlands-Sugar Land, TX",5,206,-23,-51,36.95652174,72.909699,1.003344482,60,0.165048544,8.5,0.111111111,6,-7,-0.013221945,-0.340253932,0.452730413,359900,-0.007842975,-0.000125019,0.89975,0
202212,42660,"Seattle-Tacoma-Bellevue, WA",14,207,22,48,36.78929766,72.909699,0.668896321,60,0.318681319,14.5,0.518987342,20.5,-7,0.044960771,-0.392876862,0.429856071,724950,-0.016950302,0.094264151,1.812375,1
202212,37860,"Pensacola-Ferry Pass-Brent, FL",109,208,-17,156,36.4548495,49.1638796,23.7458194,66,0.168141593,9.5,0.353846154,17.25,-1,-0.024237909,-0.586792745,0.860040681,369000,-0.009129968,0.018071458,0.9225,0
202212,19660,"Deltona-Daytona Beach-Ormond Beach, FL",78,208,-42,97,36.4548495,45.15050167,27.75919732,67,0.063492063,4,0.276190476,14.5,0,-0.054739426,-0.517841959,0.908248979,389500,-0.013924051,0.113175193,0.97375,0
202212,24300,"Grand Junction, CO",278,208,-7,51,36.4548495,28.09364549,44.81605351,72,0.170731707,10.5,0.285714286,16,5,-0.037682723,-0.398072047,1.086872759,475000,0.018766756,0.058557743,1.1875,0
202212,27260,"Jacksonville, FL",40,211,-24,89,36.12040134,45.15050167,27.090301,67,0.116666667,7,0.326732673,16.5,0,-0.060528514,-0.456128409,0.899271498,386990,-0.026440252,0.053177303,0.967475,0
202212,13900,"Bismarck, ND",297,212,23,-22,35.95317726,41.13712375,30.76923077,68,0.295238095,15.5,0.242009132,13.25,1,-0.002330306,-0.199837506,0.94449721,392450,0.066512671,0.480943396,0.981125,0
202212,16820,"Charlottesville, VA",210,213,39,-47,35.78595318,34.7826087,36.78929766,70,0.255605381,14.25,0.007194245,0.5,3,-0.109029826,-0.350438036,1.022973593,520000,0.041051462,0.041043125,1.3,0
202212,46700,"Vallejo, CA",137,214,21,176,35.45150502,45.15050167,25.75250836,67,0.288461538,15,0.614457831,25.5,0,0.000993597,-0.549048008,0.891052672,599500,0.000250271,0.017481331,1.49875,1
202212,33860,"Montgomery, AL",144,214,39,46,35.45150502,49.1638796,21.73913044,66,0.281553398,14.5,0.263157895,13.75,-1,-0.142579065,-0.440571041,0.846773694,259000,-0.003558719,0.204791255,0.6475,0
202212,28660,"Killeen-Temple, TX",121,216,-9,100,34.94983278,52.5083612,17.39130435,65,0.171171171,9.5,0.214953271,11.5,-2,-0.07619531,-0.58249273,0.787609229,307450,-0.019298246,0.153658537,0.768625,0
202212,46540,"Utica-Rome, NY",167,217,17,-75,34.28093646,10.70234114,57.85953177,80,0.216730038,14.25,-0.033232628,-2.75,13,-0.064262458,-0.071927081,1.258327503,174950,-0.025076623,-0.022352612,0.437375,0
202212,14740,"Bremerton-Silverdale-Port Orchard, WA",176,218,-3,49,33.94648829,57.19063545,10.70234114,64,0.230769231,12,0.454545455,20,-3,0.013771558,-0.271874105,0.713846547,549900,-0.076715785,-0.0830721,1.37475,0
202212,24540,"Greeley, CO",166,219,40,75,33.61204013,57.19063545,10.03344482,64,0.361702128,17,0.542168675,22.5,-3,-0.052504325,-0.359131411,0.710658298,510000,-0.008837862,0.122798984,1.275,1
