data/RDC_Inventory_Hotness_Metrics_Metro_History.csv
month_date_yyyymm,cbsa_code,cbsa_title,nielsen_hh_rank,hotness_rank,hotness_rank_mm,hotness_rank_yy,hotness_score,supply_score,demand_score,median_days_on_market,median_days_on_market_mm,median_dom_mm_day,median_days_on_market_yy,median_dom_yy_day,median_dom_vs_us,ldp_unique_viewers_per_property_mm,ldp_unique_viewers_per_property_yy,ldp_unique_viewers_per_property_vs_us,median_listing_price,median_listing_price_mm,median_listing_price_yy,median_listing_price_vs_us,quality_flag
202212,20700,"East Stroudsburg, PA",272,220,4,22,33.44481605,6.02006689,60.86956522,85,0.180555556,13,-0.078590786,-7.25,18,-0.047118235,-0.399425546,1.283602998,329000,-0.017910448,0.097764431,0.8225,0
202212,16580,"Champaign-Urbana, IL",199,221,20,-68,33.27759197,24.74916388,41.80602007,73,0.237288136,14,0.114503817,7.5,6,-0.026369101,0.018568119,1.062849645,201000,-0.0064261,0.322803554,0.5025,0
202212,36100,"Ocala, FL",135,222,-13,45,33.11036789,38.79598662,27.42474916,69,0.159663866,9.5,0.159663866,9.5,2,-0.034774324,-0.505300912,0.908040736,309900,-0.014626391,0.074362975,0.77475,0
202212,16300,"Cedar Rapids, IA",171,223,74,-12,31.77257525,41.13712375,22.40802676,68,0.416666667,20,0.247706422,13.5,1,-0.077549855,-0.260504958,0.854652319,277000,0.029984829,0.185026738,0.6925,0
202212,16060,"Carbondale-Marion, IL",298,224,22,-60,31.60535117,21.73913044,41.47157191,74,0.223140496,13.5,0.096296296,6.5,7,-0.079742126,-0.107099198,1.060023551,123500,-0.01180236,0.247474748,0.30875,0
202212,33100,"Miami-Fort Lauderdale-Pompano Beach, FL",8,225,-43,-46,31.27090301,41.13712375,21.40468227,68,0.0625,4,0.079365079,5,1,-0.056834979,-0.337832849,0.843324721,590000,-0.015025042,0.204081633,1.475,0
202212,35380,"New Orleans-Metairie, LA",45,226,2,-6,30.76923077,18.39464883,43.14381271,75,0.171875,11,-0.056603774,-4.5,8,-0.051638173,-0.434551379,1.073392951,325000,-0.006116208,-0.044082503,0.8125,0
202212,19460,"Decatur, AL",275,227,-25,103,30.60200669,40.13377926,21.07023411,68.5,0.151260504,9,0.593023256,25.5,1.5,0.016192372,-0.347713647,0.840967698,289900,-0.008719439,0.118225651,0.72475,1
202212,17020,"Chico, CA",215,228,-10,90,30.26755853,18.39464883,42.14046823,75,0.162790698,10.5,0.382488479,20.75,8,-0.01460093,-0.402489925,1.066163349,435000,0.000114956,-0.031180401,1.0875,0
202212,23540,"Gainesville, FL",151,229,-20,-33,29.43143813,14.71571906,44.14715719,78,0.106382979,7.5,0.016286645,1.25,11,-0.019969221,-0.348538101,1.080906007,347500,0.014746678,0.137938628,0.86875,0
202212,28420,"Kennewick-Richland, WA",178,230,47,37,29.26421405,38.79598662,19.73244147,69,0.333333333,17.25,0.326923077,17,2,-0.097082836,-0.378957686,0.820307221,549900,0.009175996,0.036593699,1.37475,0
202212,40580,"Rocky Mount, NC",293,231,33,20,28.92976589,28.09364549,29.76588629,72,0.274336283,15.5,0.377990431,19.75,5,-0.116421854,-0.229960414,0.929722592,269900,-0.02703677,0.288643797,0.67475,0
202212,39100,"Poughkeepsie-Newburgh-Middletown, NY",92,231,19,-37,28.92976589,16.72240803,41.13712375,77,0.203125,13,0.047619048,3.5,10,-0.112421169,-0.307437452,1.053588696,457575,0.000574006,0.102656787,1.1439375,0
202212,15180,"Brownsville-Harlingen, TX",161,233,-7,46,28.76254181,21.73913044,35.78595318,74,0.142857143,9.25,0.254237288,15,7,-0.071015385,-0.419709012,1.003349363,319999,-0.009291022,0.07743771,0.7999975,0
202212,39150,"Prescott Valley-Prescott, AZ",187,233,3,115,28.76254181,10.70234114,46.82274248,80,0.176470588,12,0.391304348,22.5,13,-0.064146603,-0.452821677,1.104584371,625000,-0.001597444,0.07161197,1.5625,0
202212,20500,"Durham-Chapel Hill, NC",89,235,3,206,28.09364549,28.09364549,28.09364549,72,0.2,12,0.694117647,29.5,5,-0.063302054,-0.57722651,0.910558858,459000,-0.01040263,0.007636856,1.1475,1
202212,11260,"Anchorage, AK",143,235,1,-35,28.09364549,10.70234114,45.48494983,80,0.25984252,16.5,0.151079137,10.5,13,0.018932177,-0.236944368,1.088222273,438250,0.028550641,0.18445946,1.095625,0
202212,34820,"Myrtle Beach-Conway-North Myrtle Beach, SC-NC",102,237,-20,53,27.92642141,31.77257525,24.08026756,71,0.075757576,5,0.224137931,13,4,-0.145889006,-0.486655228,0.86997638,364900,-0.022948919,-0.0129835,0.91225,0
202212,41700,"San Antonio-New Braunfels, TX",26,238,-7,75,27.59197324,41.13712375,14.04682274,68,0.182608696,10.5,0.373737374,18.5,1,-0.050787138,-0.448572286,0.758766956,349000,-0.002852869,0.034752412,0.8725,0
202212,39820,"Redding, CA",237,238,-24,104,27.59197324,23.7458194,31.43812709,73.5,0.171314741,10.75,0.462686567,23.25,6.5,0.078787067,-0.38172738,0.9495593,416500,0.007986447,-0.045819015,1.04125,0
202212,12100,"Atlantic City-Hammonton, NJ",188,240,33,-38,27.59197324,10.70234114,44.48160535,80,0.194029851,13,0.134751773,9.5,13,-0.167223824,-0.217429582,1.083038232,325000,-0.007482058,0.140350877,0.8125,0
202212,21700,"Eureka-Arcata, CA",299,240,2,127,27.59197324,1.003344482,54.18060201,92,0.222591362,16.75,0.495934959,30.5,25,-0.03504355,-0.495664093,1.176197364,489000,0.005138746,-0.02004008,1.2225,0
202212,32580,"McAllen-Edinburg-Mission, TX",91,242,-21,2,27.42474916,38.79598662,16.05351171,69,0.131147541,8,0.254545455,14,2,-0.027830989,-0.31446826,0.781269032,279900,0.003765465,0.089316988,0.69975,0
202212,28140,"Kansas City, MO-KS",30,243,12,-12,27.25752508,16.72240803,37.79264214,77,0.232,14.5,0.316239316,18.5,10,-0.036137649,-0.155045832,1.028099426,409900,0.025006252,0.196788321,1.02475,0
202212,25060,"Gulfport-Biloxi, MS",129,244,1,66,26.42140468,4.682274247,48.16053512,86,0.170068027,12.5,0.47008547,27.5,19,-0.061415506,-0.359409287,1.115965421,274999,-0.028958333,0.085558078,0.6874975,0
202212,17660,"Coeur d'Alene, ID",239,244,17,118,26.42140468,14.71571906,38.1270903,78,0.233201581,14.75,0.253012048,15.75,11,-0.054148005,-0.537020371,1.030306489,690000,-0.012875536,-0.150246305,1.725,1
202212,38900,"Portland-Vancouver-Hillsboro, OR-WA",24,246,13,29,26.2541806,49.1638796,3.344481605,66,0.269230769,14,0.306930693,15.5,-1,-0.015685928,-0.378085267,0.599799307,589000,0.011202198,0.072859745,1.4725,0
202212,39580,"Raleigh-Cary, NC",42,247,19,241,25.91973244,31.77257525,20.06688963,71,0.234782609,13.5,1.028571429,36,4,-0.064871306,-0.661655387,0.827455706,446000,-0.007676049,0.056872038,1.115,1
202212,30460,"Lexington-Fayette, KY",105,247,38,-21,25.91973244,18.39464883,33.44481605,75,0.260504202,15.5,0.185770751,11.75,8,-0.093315432,-0.245329698,0.977140379,369900,-0.01333689,0.156931738,0.92475,0
202212,31080,"Los Angeles-Long Beach-Anaheim, CA",2,249,63,99,25.91973244,34.7826087,17.05685619,70,0.359223301,18.5,0.414141414,20.5,3,-0.122877429,-0.444591531,0.787608811,891000,-0.045527584,-0.018181277,2.2275,0
202212,30940,"London, KY",288,250,13,0,25.58528428,18.39464883,32.77591973,75,0.136363636,9,0.25,15,8,-0.145122614,-0.285798073,0.974287887,239900,-0.040016006,0.056828194,0.59975,0
202212,46220,"Tuscaloosa, AL",185,250,-28,-33,25.58528428,31.77257525,19.39799331,71,0.059701493,4,0.136,8.5,4,-0.061404746,-0.220391234,0.816105991,289000,-0.012046875,0.104851982,0.7225,0
202212,36260,"Ogden-Clearfield, UT",100,252,-6,171,25.4180602,45.15050167,5.685618729,67,0.175438596,10,0.763157895,29,0,-0.044255554,-0.554920496,0.635588175,525000,0.010684378,0.055329414,1.3125,1
202212,29460,"Lakeland-Winter Haven, FL",80,253,-13,141,25.25083612,34.7826087,15.71906355,70,0.138211382,8.5,0.359223301,18.5,3,-0.052576477,-0.569810891,0.779792839,349900,-0.003133903,0.068560086,0.87475,0
202212,46520,"Urban Honolulu, HI",70,254,1,2,25.08361204,44.81605351,5.351170569,67.5,0.216216216,12,0.261682243,14,0.5,-0.036309682,-0.204667353,0.634254395,803730,-0.018045205,0.162299349,2.009325,0
202212,14020,"Bloomington, IN",251,255,15,-4,24.74916388,18.39464883,31.10367893,75,0.239669421,14.5,0.171875,11,8,-0.022697684,-0.34331233,0.944519223,312500,-0.023284888,-0.094071605,0.78125,0
202212,43900,"Spartanburg, SC",163,256,12,147,24.24749164,31.77257525,16.72240803,71,0.193277311,11.5,0.577777778,26,4,-0.134174788,-0.471443242,0.782558264,299900,-0.011324114,0.102289852,0.74975,1
202212,12020,"Athens-Clarke County, GA",219,257,3,29,24.08026756,12.04013378,36.12040134,79,0.20610687,13.5,0.284552846,17.5,12,-0.020236226,-0.355814173,1.01272166,399900,0.018853503,0.142571429,0.99975,0
202212,28740,"Kingston, NY",231,258,8,-30,24.08026756,2.341137124,45.81939799,89.5,0.125786164,10,0.104938272,8.5,22.5,-0.07958549,-0.200287342,1.088938886,489450,-0.019138277,0.164109882,1.223625,0
202212,43340,"Shreveport-Bossier City, LA",136,259,-10,-21,23.7458194,40.13377926,7.357859532,68.5,0.161016949,9.5,0.161016949,9.5,1.5,-0.025000093,-0.193325993,0.670271848,229000,-0.001961212,0.393367813,0.5725,0
202212,13140,"Beaumont-Port Arthur, TX",145,260,-6,-17,23.41137124,28.09364549,18.72909699,72,0.180327869,11,0.156626506,9.75,5,-0.008056899,-0.330852007,0.796850283,229900,0.006567426,0.094761905,0.57475,0
202212,40140,"Riverside-San Bernardino-Ontario, CA",16,261,1,101,22.909699,38.79598662,7.023411371,69,0.189655172,11,0.516483516,23.5,2,-0.059007061,-0.457285523,0.656961999,558000,-0.019332162,0.015930815,1.395,1
202212,32900,"Merced, CA",218,262,1,79,22.57525084,31.77257525,13.37792642,71,0.203389831,12,0.405940594,20.5,4,-0.014297077,-0.42776095,0.747649167,427450,0.017738095,-0.004772992,1.068625,0
202212,13380,"Bellingham, WA",196,263,-7,30,21.73913044,41.13712375,2.341137124,68,0.172413793,10,0.32038835,16.5,1,-0.055638063,-0.323774043,0.5747867,609000,-0.034099921,0.01593127,1.5225,0
202212,46180,"Tupelo, MS",269,264,-8,-12,21.57190636,2.675585284,40.46822743,89,0.1125,9,0.227586207,16.5,22,-0.019298212,-0.273208569,1.048256693,246850,-0.0126,0.04035402,0.617125,0
202212,38060,"Phoenix-Mesa-Chandler, AZ",11,264,-1,181,21.57190636,34.7826087,8.361204013,70,0.206896552,12,0.944444444,34,3,0.025534505,-0.504928978,0.688069886,474500,-0.00524109,-0.023662551,1.18625,1
202212,41540,"Salisbury, MD-DE",120,266,45,3,20.90301003,8.695652174,33.11036789,82,0.28125,18,0.205882353,14,15,-0.153135286,-0.334734914,0.975460343,494900,-0.010135659,0.107282694,1.23725,0
202212,18580,"Corpus Christi, TX",133,267,-8,64,20.73578595,14.71571906,26.75585284,78,-0.006369427,-0.5,0.344827586,20,11,-0.109006202,-0.424661124,0.896507833,314500,0.010669066,0.101576182,0.78625,0
202212,12260,"Augusta-Richmond County, GA-SC",95,268,21,44,20.56856187,31.43812709,9.698996656,71.5,0.265486726,15,0.324074074,17.5,4.5,-0.074155485,-0.405182787,0.70836208,319000,0.00027437,0.137457657,0.7975,0
202212,27100,"Jackson, MI",276,269,-6,-21,20.06688963,1.003344482,39.13043478,92,0.057471264,5,0.268965517,19.5,25,-0.017846286,-0.175018081,1.033199964,187500,-0.029628671,0.213985108,0.46875,0
202212,39900,"Reno, NV",117,270,-1,156,19.39799331,7.023411371,31.77257525,84,0.208633094,14.5,0.663366337,33.5,17,-0.000772014,-0.434863,0.96339658,599250,-0.000750375,-0.033467742,1.498125,1
202212,22020,"Fargo, ND-MN",175,270,11,-25,19.39799331,27.75919732,11.0367893,72.5,0.218487395,13,-0.121212121,-10,5.5,-0.096481033,-0.37538883,0.714097011,354500,0.002948726,0.049126961,0.88625,0
202212,19300,"Daphne-Fairhope-Foley, AL",191,270,-11,26,19.39799331,18.39464883,20.40133779,75,0.041666667,3,0.271186441,16,8,-0.082863265,-0.366021024,0.83080838,489900,-0.018186792,0.157843985,1.22475,0
202212,41620,"Salt Lake City, UT",51,273,27,174,19.23076923,34.7826087,3.678929766,70,0.308411215,16.5,0.917808219,33.5,3,-0.028190676,-0.541599216,0.601053879,549700,-0.000545455,-0.018392857,1.37425,1
202212,45500,"Texarkana, TX-AR",291,274,1,64,19.06354515,9.698996656,28.42809365,81,0.16967509,11.75,0.39055794,22.75,14,-0.035505877,-0.394391554,0.912178925,199000,-0.003502763,0.10586274,0.4975,0
202212,21340,"El Paso, TX",82,275,-10,-4,18.39464883,28.09364549,8.695652174,72,0.11627907,7.5,0.021276596,1.5,5,-0.045023425,-0.500199084,0.688181308,290950,0.001640425,0.136745458,0.727375,0
202212,39460,"Punta Gorda, FL",204,276,-1,123,18.06020067,6.02006689,30.10033445,85,0.08974359,7,0.465517241,27,18,-0.057956909,-0.510624664,0.934932509,425000,-0.037708251,0.075196729,1.0625,0
202212,10180,"Abilene, TX",261,277,29,136,17.72575251,12.04013378,23.41137124,79,0.295081967,18,0.549019608,28,12,-0.06546464,-0.455042809,0.859806055,275000,-0.020245295,0.083316919,0.6875,1
202212,10780,"Alexandria, LA",295,278,-8,-3,16.22073579,14.3812709,18.06020067,78.5,0.109540636,7.75,0.207692308,13.5,11.5,-0.045955606,-0.346778843,0.788773572,216000,-0.027027027,0.169147497,0.54,0
202212,19780,"Des Moines-West Des Moines, IA",79,279,-1,-8,15.38461539,21.73913044,9.030100334,74,0.165354331,10.5,0.174603175,11,7,-0.051905117,-0.267359404,0.690756178,348000,-0.005430123,0.1110579,0.87,0
202212,41420,"Salem, OR",131,280,25,114,15.38461539,28.09364549,2.675585284,72,0.297297297,16.5,0.591160221,26.75,5,-0.093402153,-0.500706932,0.574824268,489000,0.00882984,0.019333993,1.2225,1
202212,23580,"Gainesville, GA",241,281,-1,25,15.2173913,16.72240803,13.71237458,77,0.166666667,11,0.305084746,18,10,-0.05279398,-0.40407634,0.755882146,479000,0.004245506,0.037414607,1.1975,0
202212,26380,"Houma-Thibodaux, LA",227,282,-16,-18,14.88294314,28.09364549,1.672240803,72,-0.061889251,-4.75,-0.373913043,-43,5,-0.13996821,-0.451391927,0.546412366,250000,-0.007079523,-0.024390244,0.625,0
202212,17780,"College Station-Bryan, TX",186,283,1,44,14.71571906,8.695652174,20.73578595,82,0.154929577,11,0.355371901,21.5,15,-0.040975234,-0.402790752,0.836388132,369900,0.017047017,0.283261058,0.92475,0
202212,12420,"Austin-Round Rock-Georgetown, TX",27,283,4,169,14.71571906,24.74916388,4.682274247,73,0.20661157,12.5,0.586956522,27,6,-0.008194394,-0.583262528,0.62020926,525000,-0.010646387,-0.033876433,1.3125,1
202212,41100,"St. George, UT",263,285,11,183,14.54849498,24.74916388,4.347826087,73,0.20661157,12.5,0.622222222,28,6,-0.11224015,-0.601471313,0.617541,649500,7.70E-05,-0.015834533,1.62375,1
202212,36220,"Odessa, TX",281,286,-6,-13,13.04347826,24.74916388,1.337792642,73,0.114503817,7.5,-0.006802721,-0.5,6,-0.016365828,-0.186788771,0.475542116,260000,0.011673152,0.14600551,0.65,0
202212,12220,"Auburn-Opelika, AL",255,287,24,23,12.04013378,14.71571906,9.364548495,78,0.294605809,17.75,0.322033898,19,11,-0.098997365,-0.381370107,0.705325028,379900,0.016913311,0.082207458,0.94975,0
202212,18880,"Crestview-Fort Walton Beach-Destin, FL",170,288,-1,42,11.8729097,4.682274247,19.06354515,86,0.146666667,11,0.376,23.5,19,-0.06942805,-0.442340488,0.813805492,635000,-0.018926226,0.058421535,1.5875,0
202212,29820,"Las Vegas-Henderson-Paradise, NV",33,288,0,182,11.8729097,21.73913044,2.006688963,74,0.184,11.5,0.78313253,32.5,7,0.012123763,-0.582485738,0.574387798,440000,-0.018952062,-0.022222222,1.1,1
202212,35620,"New York-Newark-Jersey City, NY-NJ-PA",1,290,3,-6,10.70234114,9.698996656,11.70568562,81,0.227272727,15,0.065789474,5,14,-0.078778678,-0.244297959,0.71824652,658944,-0.01503139,0.064529887,1.64736,0
202212,12940,"Baton Rouge, LA",69,291,7,9,10.53511706,4.682274247,16.38795987,86,0.211267606,15,0.202797203,14.5,19,-0.092605274,-0.420361606,0.781728052,320990,-0.002362082,-0.018229087,0.802475,0
202212,14260,"Boise City, ID",75,292,1,92,9.866220736,12.04013378,7.692307692,79,0.144927536,10,0.58,29,12,-0.006136727,-0.395302078,0.674503667,509900,-0.024035448,-0.06000553,1.27475,1
202212,32780,"Medford, OR",200,293,-1,-1,8.193979933,2.006688963,14.3812709,90,0.071428571,6,0.290322581,20.25,23,-0.034929497,-0.295891206,0.76190229,509900,-0.023974733,0.000812584,1.27475,0
202212,26980,"Iowa City, IA",234,294,4,1,7.525083612,4.682274247,10.36789298,86,0.241877256,16.75,0.365079365,23,19,-0.079535916,-0.103428048,0.712547352,349900,0.024672377,0.187510606,0.87475,0
202212,29180,"Lafayette, LA",114,295,3,4,6.18729097,0.334448161,12.04013378,93,0.148148148,12,0.398496241,26.5,26,-0.10824921,-0.31794269,0.732007858,275000,-0.001814882,0.022304833,0.6875,0
202212,37460,"Panama City, FL",247,296,-1,100,5.016722408,7.023411371,3.010033445,84,0.135135135,10,0.58490566,31,17,-0.060671608,-0.578241686,0.575607248,435000,-0.011138895,0.177266577,1.0875,1
202212,29420,"Lake Havasu City-Kingman, AZ",211,297,1,40,3.344481605,2.675585284,4.013377926,89,0.141025641,11,0.534482759,31,22,-0.08796892,-0.480141101,0.617394993,402950,-0.022440563,0.021548992,1.007375,1
202212,13460,"Bend, OR",212,298,3,0,2.675585284,0.334448161,5.016722408,93,0.235880399,17.75,0.107142857,9,26,-0.048487646,-0.374743484,0.629234287,650000,-0.031007752,-0.070698406,1.625,0
202212,39340,"Provo-Orem, UT",115,299,0,134,1.337792642,2.675585284,0,89,0.227586207,16.5,1.119047619,47,22,-0.080671015,-0.576072907,0.378324286,549900,0,-0.004660394,1.37475,1
202212,29340,"Lake Charles, LA",217,300,0,3,0.16722408,0,0.334448161,94,0.189873418,15,0.305555556,22,27,-0.038978274,-0.392057031,0.393058651,235000,-0.014003252,0.078538236,0.5875,0
202211,31700,"Manchester-Nashua, NH",123,1,0,-1,99.49832776,99.66555184,99.33110368,33,0.222222222,6,0.137931034,4,-23,-0.139453399,-0.333633184,2.868572333,487475,-0.01520202,0.178472138,1.172519543,0
202211,40380,"Rochester, NY",49,2,0,1,98.99665552,100,97.99331104,31,0.24,6,0.24,6,-25,-0.140251815,-0.340584055,2.457875749,225950,0.004222222,0.130315158,0.543475646,0
202211,18140,"Columbus, OH",31,3,-2,-2,97.15719064,98.66220736,95.65217391,37,0.15625,5,0.138461538,4.5,-19,-0.113475204,-0.329390706,2.18851906,330000,-0.026261434,0.140203578,0.793746242,0
202211,49340,"Worcester, MA-CT",59,4,-5,-9,95.65217391,97.65886288,93.64548495,38,0.055555556,2,0.013333333,0.5,-18,-0.081301957,-0.364935611,2.037944513,447450,-0.003452116,0.138903171,1.076247745,0
202211,23060,"Fort Wayne, IN",125,5,-2,2,95.48494983,97.65886288,93.31103679,38,0.266666667,8,0.407407407,11,-18,-0.114743577,-0.417994953,1.983852476,289900,-0.017288136,0.249838327,0.697294047,0
202211,44140,"Springfield, MA",81,6,-6,0,95.31772575,93.31103679,97.32441472,41.5,0.092105263,3.5,0.276923077,9,-14.5,-0.041371971,-0.232619542,2.347499969,344500,-0.015432981,0.135193469,0.828622971,0
