data/RDC_Inventory_Hotness_Metrics_Metro_History.csv
month_date_yyyymm,cbsa_code,cbsa_title,nielsen_hh_rank,hotness_rank,hotness_rank_mm,hotness_rank_yy,hotness_score,supply_score,demand_score,median_days_on_market,median_days_on_market_mm,median_dom_mm_day,median_days_on_market_yy,median_dom_yy_day,median_dom_vs_us,ldp_unique_viewers_per_property_mm,ldp_unique_viewers_per_property_yy,ldp_unique_viewers_per_property_vs_us,median_listing_price,median_listing_price_mm,median_listing_price_yy,median_listing_price_vs_us,quality_flag
202211,29100,"La Crosse-Onalaska, WI-MN",294,7,4,-47,93.64548495,92.97658863,94.31438127,41.75,0.391666667,11.75,-0.102150538,-4.75,-14.25,-0.142399428,-0.313267751,2.088880342,361300,0.003889969,0.21527077,0.86903187,0
202211,39300,"Providence-Warwick, RI-MA",38,8,-9,-1,92.80936455,97.32441472,88.29431438,38.5,0.040540541,1.5,0.203125,6.5,-17.5,-0.064026252,-0.328821571,1.825665985,474950,0.010746967,0.098277257,1.142393265,0
202211,25540,"Hartford-East Hartford-Middletown, CT",48,9,3,-38,92.64214047,85.6187291,99.66555184,44.5,0.236111111,8.5,-0.032608696,-1.5,-11.5,-0.093569865,-0.096986265,2.917908043,372400,-0.006933333,0.106688123,0.895730607,0
202211,40420,"Rockford, IL",157,9,-12,-118,92.64214047,91.30434783,93.97993311,43,0.061728395,2.5,-0.075268817,-3.5,-13,-0.05843146,0.022082371,2.070013548,170250,-0.013043478,0.103370058,0.409500902,0
202211,19430,"Dayton-Kettering, OH",63,11,2,-24,92.30769231,95.31772575,89.29765886,40,0.142857143,5,0.012658228,0.5,-16,-0.108728045,-0.263376979,1.850872833,225000,0.022727273,0.268767181,0.541190619,0
202211,44100,"Springfield, IL",208,11,-3,-98,92.30769231,99.33110368,85.28428094,36,0,0,-0.2,-9,-20,-0.117465229,-0.120144649,1.757195851,170475,-0.121262887,0.567946654,0.410042093,1
202211,18180,"Concord, NH",279,13,-13,-14,91.80602007,85.28428094,98.3277592,44.75,0.017045455,0.75,0.034682081,1.5,-11.25,-0.094838988,-0.378035419,2.6306609,482450,0.015684211,0.20771012,1.160432952,0
202211,35300,"New Haven-Milford, CT",64,14,3,-64,90.80267559,85.6187291,95.98662207,44.5,0.202702703,7.5,-0.11,-5.5,-11.5,-0.08095655,-0.161262778,2.21276046,349900,-0.000285714,0.062073152,0.841611545,0
202211,33340,"Milwaukee-Waukesha, WI",39,15,-8,-146,90.13377926,95.98662207,84.28093646,39.5,0.067567568,2.5,-0.225490196,-11.5,-16.5,-0.097043653,-0.132621372,1.725743413,368250,-0.004460665,0.380894347,0.885748647,0
202211,10420,"Akron, OH",76,16,-3,-37,89.96655518,95.31772575,84.61538462,40,0.111111111,4,-0.047619048,-2,-16,-0.092943095,-0.250348428,1.726328316,185877,-0.01652381,0.093715799,0.447088395,0
202211,29200,"Lafayette-West Lafayette, IN",205,17,4,9,89.29765886,87.2909699,91.30434783,44,0.222222222,8,0.353846154,11.5,-12,-0.068384619,-0.337464087,1.90448547,302450,0.00984975,0.339756368,0.727480457,0
202211,21140,"Elkhart-Goshen, IN",233,18,-3,14,88.9632107,96.98996656,80.93645485,39,0.21875,7,0.529411765,13.5,-17,-0.0697006,-0.45567585,1.629517947,266150,0.024047711,0.184204672,0.64016837,1
202211,29540,"Lancaster, PA",106,19,-7,-61,88.29431438,90.63545151,85.95317726,43.75,0.121794872,4.75,-0.059139785,-2.75,-12.25,-0.075132884,-0.241925645,1.769500369,386774.75,0.023951791,0.172222306,0.930306073,0
202211,45820,"Topeka, KS",198,20,12,13,88.1270903,98.99665552,77.25752508,36.5,0.106060606,3.5,0.106060606,3.5,-19.5,-0.30393735,-0.495956968,1.563331968,231200,0.018502203,0.38183709,0.556103428,0
202211,15940,"Canton-Massillon, OH",128,21,-10,-46,87.62541806,94.64882943,80.60200669,40.5,0.094594595,3.5,0.0125,0.5,-15.5,-0.034252666,-0.200767059,1.628693836,187450,0.041388889,0.071142857,0.450871918,0
202211,28700,"Kingsport-Bristol, TN-VA",156,22,-24,-38,87.2909699,75.91973244,98.66220736,47.5,-0.030612245,-1.5,-0.04040404,-2,-8.5,-0.116256275,-0.303039832,2.636399583,292675,0.009572266,0.201087514,0.703968731,0
202211,14460,"Boston-Cambridge-Newton, MA-NH",10,23,8,-13,86.78929766,91.30434783,82.27424749,43,0.34375,11,0.116883117,4.5,-13,-0.09864928,-0.298589573,1.668175288,739900,-0.006845638,0.101041667,1.779675286,0
202211,27740,"Johnson City, TN",209,24,-20,-16,86.78929766,73.57859532,100,48.25,-0.015306122,-0.75,0.06043956,2.75,-7.75,-0.052599179,-0.289383042,3.128097806,362450,-0.046058692,0.169193548,0.871797956,0
202211,17140,"Cincinnati, OH-KY-IN",28,25,1,-46,86.28762542,92.64214047,79.93311037,42,0.166666667,6,0.024390244,1,-14,-0.089833773,-0.209519088,1.623228973,325000,0.000307787,0.08768407,0.781719784,0
202211,11540,"Appleton, WI",193,25,-3,-18,86.28762542,77.92642141,94.64882943,46.5,0.056818182,2.5,0.127272727,5.25,-9.5,-0.165130502,-0.135163806,2.095940489,399000,0.035288012,0.292110999,0.959711365,0
202211,40220,"Roanoke, VA",155,27,2,-152,85.95317726,78.92976589,92.97658863,46,0.069767442,3,-0.308270677,-20.5,-10,-0.146107184,-0.186747007,1.958389275,329912.5,-0.015186567,0.137879448,0.793535779,0
202211,38860,"Portland-South Portland, ME",97,28,11,-9,85.6187291,72.24080268,98.99665552,48.5,0.114942529,5,0.102272727,4.5,-7.5,-0.123861333,-0.359150383,2.727398229,537450,-0.017458867,0.123197492,1.292723993,0
202211,27500,"Janesville-Beloit, WI",264,29,-13,-34,84.44816054,73.57859532,95.31772575,48.25,0.015789474,0.75,0.048913043,2.25,-7.75,-0.078111976,-0.137584556,2.182111749,298125,-0.018133853,0.217333606,0.717077571,0
202211,48620,"Wichita, KS",90,30,-10,-45,83.77926421,87.2909699,80.26755853,44,0,0,-0.011235955,-0.5,-12,-0.114102055,-0.263800308,1.624259514,291000,-0.044256507,0.307518456,0.699939868,0
202211,13740,"Billings, MT",221,31,-10,-81,83.77926421,78.92976589,88.62876254,46,0.010989011,0.5,-0.245901639,-15,-10,-0.058741908,-0.481194503,1.82919303,480250,-0.038430735,0.011159069,1.155141311,0
202211,25860,"Hickory-Lenoir-Morganton, NC",146,32,-22,0,82.44147157,74.24749164,90.63545151,48,-0.020408163,-1,0.129411765,5.5,-8,-0.063406857,-0.398273825,1.878495118,340397.5,0.001463666,0.207297393,0.818755262,0
202211,42540,"Scranton--Wilkes-Barre, PA",99,33,-12,-23,82.10702341,72.24080268,91.97324415,48.5,0.031914894,1.5,0.054347826,2.5,-7.5,-0.108584748,-0.302985857,1.905752239,219950,-0.022444444,0.256857143,0.529043897,0
202211,31140,"Louisville/Jefferson County, KY-IN",44,34,1,12,81.27090301,93.64548495,68.89632107,41.25,0.114864865,4.25,0.269230769,8.75,-14.75,-0.133306584,-0.3887111,1.401166653,290000,-0.033011004,0.160464186,0.697534576,0
202211,36780,"Oshkosh-Neenah, WI",235,35,6,-50,81.10367893,64.54849498,97.65886288,50.75,0.153409091,6.75,-0.024038462,-1.25,-5.25,0.003491167,-0.088353204,2.410859289,284950,0.065432791,0.130866157,0.685387853,0
202211,39740,"Reading, PA",132,36,-11,-98,80.93645485,83.61204013,78.26086957,45,0.046511628,2,-0.108910891,-5.5,-11,0.001947273,-0.253223741,1.585825931,270950,0.084233693,0.119628099,0.65171377,0
202211,17460,"Cleveland-Elyria, OH",32,37,-19,-54,80.76923077,77.92642141,83.61204013,46.5,-0.010638298,-0.5,0,0,-9.5,-0.01496498,-0.218880682,1.715803008,199900,-0.047641734,0.053213909,0.480817799,0
202211,30780,"Little Rock-North Little Rock-Conway, AR",73,37,0,-14,80.76923077,93.97993311,67.55852843,41,0.051282051,2,0.051282051,2,-15,-0.12575638,-0.353632126,1.376212508,287500,-0.025423729,0.239224138,0.691521347,0
202211,39540,"Racine, WI",223,39,19,-49,80.60200669,81.60535117,79.59866221,45.5,0.263888889,9.5,-0.031914894,-1.5,-10.5,-0.147589658,-0.292056168,1.609330582,324900,0.08336112,0.413223141,0.781479254,0
202211,27900,"Joplin, MO",254,40,-22,-102,80.43478261,91.30434783,69.56521739,43,-0.033707865,-1.5,-0.08994709,-4.25,-13,-0.021356862,-0.283479275,1.413692416,224767.5,0.012466216,0.063988166,0.540631389,0
202211,43780,"South Bend-Mishawaka, IN-MI",160,41,9,-51,80.26755853,87.2909699,73.24414716,44,0.189189189,7,-0.088082902,-4.25,-12,-0.107201994,-0.352271408,1.46473234,284650,0.035090909,0.279613396,0.684666266,0
202211,28940,"Knoxville, TN",61,42,7,1,80.10033445,72.24080268,87.95986622,48.5,0.102272727,4.5,0.114942529,5,-7.5,-0.051197833,-0.360559086,1.819957337,425000,0,0.278387728,1.022248948,0
202211,44180,"Springfield, MO",113,43,4,5,79.09698997,87.2909699,70.90301003,44,0.128205128,5,0.086419753,3.5,-12,-0.088210074,-0.421448093,1.430217024,317450,-0.00796875,0.060110202,0.763559832,0
202211,20740,"Eau Claire, WI",243,43,-12,-141,79.09698997,70.56856187,87.62541806,49.75,-0.005,-0.25,-0.156779661,-9.25,-6.25,-0.130273325,-0.152900702,1.81418264,357425,-0.033725331,0.274469602,0.859711365,0
202211,35980,"Norwich-New London, CT",183,45,29,-7,77.75919732,59.19732442,96.32107023,51.5,0.211764706,9,0.157303371,7,-4.5,-0.090314132,-0.128681905,2.239170239,431950,0.080145036,0.237235947,1.038965725,0
202211,45780,"Toledo, OH",87,45,8,-61,77.75919732,83.61204013,71.90635452,45,0.125,5,-0.02173913,-1,-11,-0.106141793,-0.303508894,1.451371979,161125,-0.046597633,0.007661038,0.387552616,0
202211,40980,"Saginaw, MI",226,47,-20,-88,74.91638796,81.60535117,68.22742475,45.5,-0.06185567,-3,-0.016216216,-0.75,-10.5,-0.177151325,-0.279351258,1.399842265,139900,-0.125078174,0.142973856,0.336500301,0
202211,11100,"Amarillo, TX",190,47,-5,-39,74.91638796,83.61204013,66.22073579,45,0,0,0.022727273,1,-11,-0.193116762,-0.362880735,1.349450348,327450,0.007538462,0.048762911,0.787612748,0
202211,34100,"Morristown, TN",300,47,-14,-10,74.91638796,62.87625418,86.95652174,51,0.03030303,1.5,0.096774194,4.5,-5,-0.054076705,-0.382964382,1.792983847,349858.75,-0.025463092,0.075743716,0.841512327,0
202211,15540,"Burlington-South Burlington, VT",201,50,47,-58,74.5819398,52.5083612,96.6555184,53,0.65625,21,-0.07826087,-4.5,-3,-0.095487036,-0.212733149,2.29403354,459900,-0.000217391,0.149750719,1.106193626,0
202211,41180,"St. Louis, MO-IL",20,50,-15,-113,74.5819398,87.2909699,61.8729097,44,0,0,-0.053763441,-2.5,-12,-0.07599374,-0.2745839,1.29291485,273000,-0.00907441,0.152384973,0.656644618,0
202211,10900,"Allentown-Bethlehem-Easton, PA-NJ",65,52,16,-3,74.24749164,72.24080268,76.2541806,48.5,0.127906977,5.5,0.182926829,7.5,-7.5,-0.122981098,-0.309752021,1.52826343,350282.5,0.000807143,0.167997666,0.84253157,0
202211,29620,"Lansing-East Lansing, MI",101,53,10,-34,73.57859532,81.60535117,65.55183947,45.5,0.083333333,3.5,-0.021505376,-1,-10.5,-0.157804125,-0.406002298,1.342393774,194450,-0.073606479,0.164719976,0.46770896,0
202211,15500,"Burlington, NC",256,54,-10,42,73.41137124,76.2541806,70.56856187,47,0.044444444,2,0.504,15.75,-9,-0.078318321,-0.451972319,1.420630241,362750,0.018974986,0.250862069,0.872519543,1
202211,17860,"Columbia, MO",214,55,-23,37,72.74247492,78.92976589,66.55518395,46,-0.010752688,-0.5,0.260273973,9.5,-10,-0.113053971,-0.457285565,1.357841861,345075,-0.013930562,0.327339167,0.830006013,0
202211,13780,"Binghamton, NY",189,56,-23,-101,72.24080268,49.49832776,94.98327759,53.75,0.004672897,0.25,-0.081196581,-4.75,-2.25,-0.039498672,-0.078404159,2.149696809,204500,-0.026190476,0.302547771,0.491882141,0
202211,25420,"Harrisburg-Carlisle, PA",93,57,-16,-59,71.40468227,68.56187291,74.24749164,50,0.086956522,4,0.058201058,2.75,-6,-0.035344178,-0.294908521,1.488994801,304500,0.015169195,0.218487395,0.732411305,0
202211,48140,"Wausau-Weston, WI",258,58,9,-129,71.23745819,50.16722408,92.30769231,53.5,0.103092784,5,-0.048888889,-2.75,-2.5,-0.097467601,-0.055945907,1.913921564,276952.5,-0.007000592,0.178897521,0.666151533,0
202211,24660,"Greensboro-High Point, NC",72,59,-1,-80,71.07023411,68.56187291,73.57859532,50,0.111111111,5,0.086956522,4,-6,-0.058554974,-0.235523867,1.467291942,319990,-0.001591264,0.235601892,0.769669272,0
202211,16620,"Charleston, WV",179,60,-8,-183,70.40133779,62.87625418,77.92642141,51,0.02,1,-0.15,-9,-5,-0.170363228,-0.078985326,1.585032246,145000,-0.032688459,0.007119292,0.348767288,0
202211,40060,"Richmond, VA",43,61,-1,-202,70.23411371,85.6187291,54.84949833,44.5,0.034883721,1.5,-0.315384615,-20.5,-11.5,-0.131839954,-0.314386077,1.151661235,378475,-0.00361985,0.081511645,0.910342754,0
202211,45220,"Tallahassee, FL",138,62,-43,-176,69.89966555,83.61204013,56.18729097,45,0,0,-0.108910891,-5.5,-11,-0.042628793,-0.135271301,1.169240584,319950,0.006132075,0.168767123,0.769573061,0
202211,19820,"Detroit-Warren-Dearborn, MI",13,63,-5,4,69.56521739,87.2909699,51.83946488,44,0.073170732,3,0.205479452,7.5,-12,-0.091361695,-0.431744138,1.127793129,247000,-0.012,0.085952957,0.594107036,0
202211,28020,"Kalamazoo-Portage, MI",174,64,7,-61,69.39799331,93.97993311,44.81605351,41,0.037974684,1.5,-0.057471264,-2.5,-15,-0.143164918,-0.40589202,1.076006448,279922.5,-0.025339485,0.036942026,0.67329525,0
202211,21780,"Evansville, IN-KY",158,65,-25,5,69.23076923,76.2541806,62.20735786,47,0.02173913,1,0.253333333,9.5,-9,-0.068292687,-0.358789411,1.293597895,235925,0.048555556,0.268755042,0.567468431,0
202211,24340,"Grand Rapids-Kentwood, MI",52,66,7,-27,69.23076923,91.30434783,47.15719064,43,0.102564103,4,0.088607595,3.5,-13,-0.113954245,-0.391257156,1.097872285,358310,0.009323944,0.137672647,0.861840048,0
202211,22220,"Fayetteville-Springdale-Rogers, AR",107,66,-67,2,69.23076923,74.24749164,64.21404682,48,-0.076923077,-4,0.060773481,2.75,-8,-0.11487778,-0.445424749,1.327920954,403325,-0.028118479,0.108035714,0.970114251,0
202211,19340,"Davenport-Moline-Rock Island, IA-IL",134,68,16,-194,68.22742475,64.88294314,71.57190636,50.5,0.147727273,6.5,-0.12173913,-7,-5.5,-0.075672784,-0.014353365,1.448965466,185250,-0.073286643,0.373239437,0.445580277,0
202211,31340,"Lynchburg, VA",182,68,-34,-87,68.22742475,53.84615385,82.60869565,52.5,-0.009433962,-0.5,0,0,-3.5,-0.039107712,-0.194538693,1.701203407,336425,0.019778721,0.150269254,0.809200241,0
202211,14010,"Bloomington, IL",259,70,20,-157,67.55852843,59.19732442,75.91973244,51.5,0.157303371,7,-0.112068966,-6.5,-4.5,-0.077474424,-0.130625951,1.526476516,275000,0.175213675,0.965338574,0.661455201,1
202211,30140,"Lebanon, PA",296,71,37,-11,67.39130435,67.89297659,66.88963211,50.25,0.322368421,12.25,0.233128834,9.5,-5.75,-0.150942901,-0.306855917,1.360158438,344122.5,-0.014435951,0.450463646,0.827714973,0
202211,33780,"Monroe, MI",285,72,1,-101,67.22408027,44.48160535,89.96655518,55.5,0.088235294,4.5,-0.142857143,-9.25,-0.5,-0.085347143,-0.224465576,1.876214452,266000,0.030308899,0.108679796,0.639807577,0
202211,12700,"Barnstable Town, MA",192,73,5,-136,66.72240803,50.16722408,83.27759197,53.5,0.049019608,2.5,-0.254355401,-18.25,-2.5,-0.176568228,-0.222195579,1.708975391,798000,0.029677419,0.021178578,1.91942273,0
202211,42340,"Savannah, GA",139,73,-38,-128,66.72240803,68.56187291,64.88294314,50,0,0,-0.115044248,-6.5,-6,-0.094959347,-0.322976195,1.336082506,399421,-0.001422536,0.18346963,0.960723993,0
202211,49660,"Youngstown-Warren-Boardman, OH-PA",103,75,-20,-42,66.55518395,46.48829431,86.62207358,54.5,0.068627451,3.5,0.135416667,6.5,-1.5,0.033436158,-0.160918143,1.781748362,151975,0.013842562,0.169938414,0.365544197,0
202211,42200,"Santa Maria-Santa Barbara, CA",142,76,-24,67,66.38795987,40.13377926,92.64214047,57,0.055555556,3,0.676470588,23,1,-0.008813343,-0.346273654,1.91596758,1261250,0.09673913,-0.039047619,3.033674083,1
202211,32820,"Memphis, TN-MS-AR",46,77,-3,44,66.05351171,68.56187291,63.5451505,50,0.086956522,4,0.298701299,11.5,-6,-0.111247175,-0.45974837,1.318889843,324950,0.015786183,0.268964171,0.781599519,0
202211,31540,"Madison, WI",77,78,27,-50,65.88628763,46.15384615,85.6187291,55,0.145833333,7,0.037735849,2,-1,-0.118083487,-0.227362731,1.763301485,418450,0.020858746,0.101474072,1.006494287,0
202211,26900,"Indianapolis-Carmel-Anderson, IN",34,78,12,-39,65.88628763,78.92976589,52.84280937,46,0.095238095,4,0.108433735,4.5,-10,-0.10336393,-0.356783397,1.130382709,295000,-0.01633878,0.096348602,0.709561034,0
202211,16700,"Charleston-North Charleston, SC",67,80,-19,13,65.55183947,74.24749164,56.85618729,48,0.043478261,2,0.263157895,10,-8,-0.087484293,-0.389100284,1.19252856,484995,-0.019011153,0.043001122,1.16655442,0
202211,16540,"Chambersburg-Waynesboro, PA",277,81,-2,-67,65.38461539,64.88294314,65.88628763,50.5,0.063157895,3,0.134831461,6,-5.5,-0.128362265,-0.230072857,1.34926839,294445,0.01567782,0.208227329,0.708226097,0
202211,37900,"Peoria, IL",130,81,-12,-116,65.38461539,53.84615385,76.92307692,52.5,0.05,2.5,0.060606061,3,-3.5,-0.071353621,-0.082970326,1.545976307,144900,-0.030769231,0.380657456,0.348526759,0
202211,44060,"Spokane-Spokane Valley, WA",96,83,11,-98,64.88294314,87.2909699,42.47491639,44,0.113924051,4.5,-0.153846154,-8,-12,-0.129690191,-0.454423225,1.055785741,449700,-0.041662227,0.00155902,1.081659651,0
202211,22660,"Fort Collins, CO",140,84,-2,-52,64.54849498,78.92976589,50.16722408,46,0.045454545,2,0.027932961,1.25,-10,-0.129540451,-0.383131962,1.11292072,585000,-0.040983607,0.039526438,1.40709561,0
202211,27620,"Jefferson City, MO",287,85,37,71,64.04682274,46.48829431,81.60535117,54.5,0.238636364,10.5,0.493150685,18,-1.5,-0.00548233,-0.415072383,1.657517895,230000,0.150575288,0.256144184,0.553217078,0
202211,47380,"Waco, TX",184,86,9,52,63.5451505,59.19732442,67.89297659,51.5,0.051020408,2.5,0.183908046,8,-4.5,-0.18672048,-0.611249915,1.391316742,318575,-0.019769231,0.079069374,0.766265785,0
202211,21060,"Elizabethtown-Fort Knox, KY",282,87,5,-25,63.21070234,78.92976589,47.4916388,46,0.045454545,2,0.164556962,6.5,-10,-0.149383851,-0.341178361,1.100512227,306000,-0.025477707,0.15037594,0.736019242,0
202211,13980,"Blacksburg-Christiansburg, VA",265,87,-71,-98,63.21070234,39.13043478,87.2909699,57.5,-0.08,-5,-0.313432836,-26.25,1.5,0.006734271,-0.273433632,1.79328865,323620,0.027365079,0.294997999,0.778400481,0
202211,30980,"Longview, TX",181,89,-48,-1,62.87625418,50.16722408,75.58528428,53.5,-0.061403509,-3.5,-0.004651163,-0.25,-2.5,-0.130802808,-0.47144601,1.499860062,299999.25,-8.33E-07,0.199997,0.721585689,0
202211,16860,"Chattanooga, TN-GA",98,90,4,61,62.7090301,52.5083612,72.909699,53,0.081632653,4,0.325,13,-3,-0.110541413,-0.482942615,1.464519253,396500,-0.006887915,0.096136568,0.953698136,0
