data/RDC_Inventory_Hotness_Metrics_Metro_History.csv
month_date_yyyymm,cbsa_code,cbsa_title,nielsen_hh_rank,hotness_rank,hotness_rank_mm,hotness_rank_yy,hotness_score,supply_score,demand_score,median_days_on_market,median_days_on_market_mm,median_dom_mm_day,median_days_on_market_yy,median_dom_yy_day,median_dom_vs_us,ldp_unique_viewers_per_property_mm,ldp_unique_viewers_per_property_yy,ldp_unique_viewers_per_property_vs_us,median_listing_price,median_listing_price_mm,median_listing_price_yy,median_listing_price_vs_us,quality_flag
202211,16740,"Charlotte-Concord-Gastonia, NC-SC",22,91,-18,60,62.37458194,74.24749164,50.50167224,48,0.066666667,3,0.432835821,14.5,-8,-0.077759145,-0.497190914,1.118010746,401287,-0.028337248,0.010811219,0.965212267,0
202211,14860,"Bridgeport-Stamford-Norwalk, CT",62,92,-22,-74,62.20735786,34.11371238,90.30100334,59,0.017241379,1,-0.004219409,-0.25,3,-0.073614521,-0.174625728,1.876816431,802175,0.003973717,0.067076821,1.929464823,0
202211,40900,"Sacramento-Roseville-Folsom, CA",29,93,-11,47,61.70568562,64.88294314,58.52842809,50.5,0.074468085,3.5,0.383561644,14,-5.5,-0.076006734,-0.425597229,1.218202797,589975,-0.015066778,-0.004257402,1.419061936,0
202211,11700,"Asheville, NC",111,94,10,-46,61.53846154,36.78929766,86.28762542,58,0.115384615,6,-0.049180328,-3,2,-0.092706378,-0.322252377,1.771432995,535000,0.011342155,0.132874537,1.286831028,0
202211,41740,"San Diego-Chula Vista-Carlsbad, CA",19,95,-10,-8,61.37123746,87.2909699,35.45150502,44,0.1,4,0.157894737,6,-12,-0.04977302,-0.385812769,0.997443748,884000,-0.006741573,0.06377858,2.126277811,0
202211,49620,"York-Hanover, PA",118,96,-17,-60,61.20401338,50.16722408,72.24080268,53.5,0.049019608,2.5,0.103092784,5,-2.5,-0.070181808,-0.245721116,1.453461427,339422.5,-0.001683848,0.277585396,0.816410102,0
202211,49180,"Winston-Salem, NC",86,97,13,-56,60.86956522,59.19732442,62.54180602,51.5,0.144444444,6.5,0.095744681,4.5,-4.5,-0.045790697,-0.305698197,1.301949394,320075,0.000265633,0.163909091,0.769873722,0
202211,34980,"Nashville-Davidson--Murfreesboro--Franklin, TN",35,98,0,78,60.86956522,98.3277592,23.41137124,37.5,0.209677419,6.5,0.704545455,15.5,-18.5,-0.092438189,-0.612159965,0.847951144,523875,-0.002142857,0.139106328,1.260072159,1
202211,34740,"Muskegon, MI",248,99,8,-119,60.70234114,85.6187291,35.78595318,44.5,0.1125,4.5,-0.048128342,-2.25,-11.5,-0.134995521,-0.268589627,0.997700499,218700,-0.04788855,0.151658768,0.526037282,0
202211,46340,"Tyler, TX",206,100,12,1,60.70234114,46.48829431,74.91638796,54.5,0.09,4.5,-0.026785714,-1.5,-1.5,-0.130126536,-0.487787637,1.498349089,399450,0.00112782,0.109776003,0.960793746,0
202211,15380,"Buffalo-Cheektowaga, NY",47,101,-50,-51,60.53511706,52.5083612,68.56187291,53,0,0,0.04950495,2.5,-3,-0.018356479,-0.30739824,1.400468737,239900,0,0.103242125,0.577029465,0
202211,45460,"Terre Haute, IN",240,102,-51,-109,59.69899666,40.13377926,79.26421405,57,0,0,0.017857143,1,1,0.003952261,-0.146050524,1.600646701,159950,0.066333333,0.233230532,0.384726398,0
202211,26140,"Homosassa Springs, FL",249,103,-71,24,59.53177258,64.88294314,54.18060201,50.5,-0.038095238,-2,0.080213904,3.75,-5.5,-0.078167238,-0.514295464,1.144042786,327250,-0.008333333,0.10269651,0.78713169,0
202211,47940,"Waterloo-Cedar Falls, IA",244,104,46,-119,59.3645485,59.19732442,59.53177258,51.5,0.197674419,8.5,-0.019047619,-1,-4.5,-0.072379113,-0.22049496,1.253195377,229450,-0.039958159,0.530687125,0.551894167,1
202211,11460,"Ann Arbor, MI",141,105,30,-119,59.19732442,43.14381271,75.25083612,56.25,0.196808511,9.25,-0.244966443,-18.25,0.25,-0.05731091,-0.284985344,1.499210219,436725,-0.02733853,0.094343169,1.050450992,0
202211,20260,"Duluth, MN-WI",164,106,26,-40,58.86287625,26.75585284,90.96989967,61,0.150943396,8,0,0,5,-0.144830629,-0.266896434,1.893555158,250000,-0.015360378,0.253446979,0.60132291,0
202211,31180,"Lubbock, TX",165,107,13,-24,58.36120401,87.2909699,29.43143813,44,0.157894737,6,0.005714286,0.25,-12,-0.125002884,-0.478108073,0.924208112,304362.25,-0.042886006,0.040554701,0.732079976,0
202211,36540,"Omaha-Council Bluffs, NE-IA",57,108,-13,-63,57.85953177,85.6187291,30.10033445,44.5,0.1125,4.5,0.047058824,2,-11.5,-0.04464678,-0.375341917,0.92556356,387125,-0.000967742,0.328984916,0.931148527,0
202211,16980,"Chicago-Naperville-Elgin, IL-IN-WI",3,109,-7,-117,57.52508361,83.61204013,31.43812709,45,0.125,5,-0.02173913,-1,-11,-0.057358367,-0.201601006,0.934999424,330975,-0.026257723,0.028032303,0.796091401,0
202211,30100,"Lebanon, NH-VT",197,110,-17,-44,57.19063545,17.39130435,96.98996656,65,0.015625,1,-0.150326797,-11.5,9,-0.105116687,-0.253928424,2.297029624,424975,0.000294221,0.226036783,1.022188815,0
202211,41500,"Salinas, CA",154,111,20,0,57.02341137,25.08361204,88.9632107,61.5,0.160377358,8.5,0.098214286,5.5,5.5,-0.059924066,-0.287249941,1.841697739,918500,0.020566895,-0.12917753,2.209260373,1
202211,17900,"Columbia, SC",68,112,38,88,56.85618729,59.19732442,54.51505017,51.5,0.170454545,7.5,0.648,20.25,-4.5,-0.144236416,-0.486917262,1.148561126,300383.5,-0.015136066,0.048524864,0.722509922,1
202211,42100,"Santa Cruz-Watsonville, CA",194,112,36,-124,56.85618729,46.48829431,67.22408027,54.5,0.211111111,9.5,-0.226950355,-16,-1.5,-0.053547983,-0.305443439,1.363835808,1399000,0.037064492,0.036872336,3.365003007,0
202211,33460,"Minneapolis-St. Paul-Bloomington, MN-WI",15,114,13,-89,56.35451505,81.60535117,31.10367893,45.5,0.166666667,6.5,0.070588235,3,-10.5,-0.084929455,-0.209606772,0.93395434,399900,-0.012592593,0.142571429,0.961876128,0
202211,23420,"Fresno, CA",71,115,-9,100,56.35451505,77.92642141,34.7826087,46.5,0.010869565,0.5,0.576271186,17,-9.5,-0.173056819,-0.579104226,0.995339841,419850,-0.013394431,0.043633889,1.009861696,1
202211,47300,"Visalia, CA",149,115,-16,98,56.35451505,41.47157191,71.23745819,56.5,0.027272727,1.5,0.467532468,18,0.5,-0.143205041,-0.530135792,1.433291794,399450,-0.001125281,0.038670959,0.960793746,0
202211,19100,"Dallas-Fort Worth-Arlington, TX",4,115,8,65,56.35451505,71.23745819,41.47157191,49,0.088888889,4,0.272727273,10.5,-7,-0.144121959,-0.511735611,1.038959743,447389.5,-0.005798902,0.11847375,1.076102225,0
202211,37100,"Oxnard-Thousand Oaks-Ventura, CA",85,118,-27,49,55.68561873,52.17391304,59.19732442,53.25,0.044117647,2.25,0.314814815,12.75,-2.75,-0.071722598,-0.391166081,1.252563476,875000,0.017443044,-0.011550736,2.104630186,0
202211,44300,"State College, PA",273,119,1,-70,55.35117057,32.10702341,78.59531773,59.5,0.122641509,6.5,-0.008333333,-0.5,3.5,-0.044582856,-0.252647673,1.59000524,349950,-0.0668,0.204129032,0.84173181,0
202211,29700,"Laredo, TX",228,120,-9,-70,55.01672241,56.18729097,53.84615385,52.25,0.066326531,3.25,-0.004761905,-0.25,-3.75,-0.120745078,-0.396125812,1.140790085,239500,-0.001667361,0.064917741,0.576067348,0
202211,30700,"Lincoln, NE",150,121,-39,-114,54.84949833,95.98662207,13.71237458,39.5,-0.0125,-0.5,-0.131868132,-6,-16.5,-0.026250433,-0.250958361,0.741168904,387412.5,0.016830709,0.178633769,0.931840048,0
202211,25940,"Hilton Head Island-Bluffton, SC",203,122,-40,-37,54.34782609,34.11371238,74.5819398,59,-0.032786885,-2,-0.056,-3.5,3,-0.109041164,-0.391397836,1.498059834,625000,-0.007779013,0.207729469,1.503307276,0
202211,21660,"Eugene-Springfield, OR",127,123,0,-118,54.18060201,76.2541806,32.10702341,47,0.068181818,3,-0.153153153,-8.5,-9,-0.122317845,-0.382705823,0.952259441,499949.75,-0.016814651,0.069525618,1.202524955,0
202211,48660,"Wichita Falls, TX",290,124,-8,53,54.18060201,70.56856187,37.79264214,49.75,0.105555556,4.75,0.309210526,11.75,-6.25,-0.101143037,-0.472716461,1.003123416,190450,0.029459459,0.112279165,0.458087793,0
202211,42020,"San Luis Obispo-Paso Robles, CA",180,125,5,23,53.84615385,30.10033445,77.59197324,60.25,0.085585586,4.75,0.223350254,11,4.25,-0.099666376,-0.288983361,1.581179826,950000,0.022604952,-0.007962407,2.28502706,0
202211,27180,"Jackson, TN",245,126,37,107,53.67892977,43.47826087,63.87959866,56,0.166666667,8,0.417721519,16.5,0,-0.143175842,-0.568709819,1.319222056,260000,-0.033457249,0.319964463,0.625375827,0
202211,47260,"Virginia Beach-Norfolk-Newport News, VA-NC",36,126,-21,-33,53.67892977,95.98662207,11.37123746,39.5,0.039473684,1.5,0.144927536,5,-16.5,-0.09988771,-0.297395076,0.720517974,359400,0.000417537,0.198,0.864461816,0
202211,21500,"Erie, PA",177,126,2,-82,53.67892977,15.71906355,91.63879599,65.5,0.149122807,8.5,-0.007575758,-0.5,9.5,0.007929454,-0.111891893,1.905078461,199900,-0.0005,0.42887777,0.480817799,0
202211,12540,"Bakersfield, CA",83,129,8,84,53.34448161,64.88294314,41.80602007,50.5,0.097826087,4.5,0.364864865,13.5,-5.5,-0.13289739,-0.506187466,1.050239707,374999.5,-0.013159211,0.11275816,0.901983163,0
202211,24780,"Greenville, NC",230,130,-20,0,53.17725753,43.47826087,62.87625418,56,0.076923077,4,0.166666667,8,0,-0.04603759,-0.362451983,1.305988538,353225,0.019114253,0.284454546,0.84960914,0
202211,39060,"Pottsville, PA",289,131,23,48,53.01003345,44.48160535,61.53846154,55.5,0.11,5.5,0.405063291,16,-0.5,-0.136199931,-0.32605082,1.292744217,124675,-0.040223249,0.273168241,0.299879735,0
202211,41940,"San Jose-Sunnyvale-Santa Clara, CA",37,132,-16,-140,52.5083612,94.64882943,10.36789298,40.5,0.094594595,3.5,-0.235849057,-12.5,-15.5,-0.038258059,-0.33587958,0.711823361,1399000,0,0.124422719,3.365003007,0
202211,47900,"Washington-Arlington-Alexandria, DC-VA-MD-WV",7,133,-10,-69,52.5083612,90.96989967,14.04682274,43.5,0.175675676,6.5,0.074074074,3,-12.5,-0.063731115,-0.263302766,0.743043828,565000,-0.015678585,0.1300113,1.358989778,0
202211,49420,"Yakima, WA",213,134,-62,70,52.5083612,67.89297659,37.12374582,50.25,-0.033653846,-1.75,0.456521739,15.75,-5.75,-0.083520283,-0.46447384,1.002181289,387000,-0.017392408,0.013189131,0.930847865,0
202211,45300,"Tampa-St. Petersburg-Clearwater, FL",17,135,-25,109,52.00668896,48.49498328,55.51839465,54,0.058823529,3,0.421052632,16,-2,-0.065167635,-0.540171082,1.167850684,415000,-0.023529412,0.087811271,0.998196031,0
202211,38300,"Pittsburgh, PA",23,136,-10,-58,52.00668896,34.11371238,69.89966555,59,0.092592593,5,0.072727273,4,3,-0.093583557,-0.273296826,1.414750186,218700,-0.005457026,0.001488266,0.526037282,0
202211,17820,"Colorado Springs, CO",74,137,-2,121,51.50501672,59.19732442,43.81270903,51.5,0.095744681,4.5,0.855855856,23.75,-4.5,-0.106395157,-0.547698045,1.063240501,499000,-0.00180036,0.039583333,1.200240529,1
202211,37980,"Philadelphia-Camden-Wilmington, PA-NJ-DE-MD",6,137,-19,-53,51.50501672,46.48829431,56.52173913,54.5,0.068627451,3.5,0.068627451,3.5,-1.5,-0.075543469,-0.338380279,1.185703126,329950,-0.015074627,0.064526537,0.793625977,0
202211,37340,"Palm Bay-Melbourne-Titusville, FL",88,139,-37,-28,51.33779264,49.49832776,53.17725753,53.75,0.053921569,2.75,-0.00462963,-0.25,-2.25,-0.058230811,-0.457684642,1.135724203,375999.5,-0.010267176,0.018772121,0.904388455,0
202211,22520,"Florence-Muscle Shoals, AL",267,140,44,-36,51.17056856,62.54180602,39.7993311,51.25,0.191860465,8.25,0.164772727,7.25,-4.75,-0.136567257,-0.342936239,1.017001654,269900,-0.035727045,0.349837459,0.649188214,0
202211,24860,"Greenville-Anderson, SC",60,140,23,17,51.17056856,53.84615385,48.49498328,52.5,0.117021277,5.5,0.105263158,5,-3.5,-0.117402448,-0.467537194,1.107074203,342150,-0.00826087,0.042711079,0.822970535,0
202211,45940,"Trenton-Princeton, NJ",148,142,-31,-31,51.00334448,36.78929766,65.2173913,58,0.01754386,1,0.183673469,9,2,-0.081896495,-0.272893185,1.338910588,374900,-0.006887417,0.144732824,0.901743836,0
202211,45060,"Syracuse, NY",84,143,8,-85,50.66889632,19.39799331,81.93979933,64,0.066666667,4,-0.085714286,-6,8,-0.133091582,-0.173987694,1.667977984,212450,-0.020967742,0.167949423,0.511004209,0
202211,40340,"Rochester, MN",202,144,42,-17,50.50167224,36.4548495,64.54849498,58.75,0.198979592,9.75,0.277173913,12.75,2.75,-0.084873336,-0.240325217,1.332913292,386725,0.004741491,0.113037847,0.93018641,0
202211,19740,"Denver-Aurora-Lakewood, CO",18,144,35,82,50.50167224,76.2541806,24.74916388,47,0.27027027,10,0.593220339,17.5,-9,-0.089034357,-0.517566012,0.863923639,605045,-0.024120968,-0.019773188,1.455309681,1
202211,33700,"Modesto, CA",119,146,31,88,50.33444816,48.49498328,52.17391304,54,0.173913043,8,0.479452055,17.5,-2,-0.077659327,-0.432882377,1.128437222,472500,0.005319149,-0.021131137,1.136500301,0
202211,33740,"Monroe, LA",225,146,-46,-84,50.33444816,53.84615385,46.82274248,52.5,-0.094827586,-5.5,-0.149797571,-9.25,-3.5,-0.159601407,-0.404188213,1.095896721,239450,-0.012373685,0.081160402,0.575947084,0
202211,48900,"Wilmington, NC",162,148,8,6,50.16722408,26.42140468,73.91304348,61.25,0.09375,5.25,0.144859813,7.75,5.25,-0.10605464,-0.331015679,1.471147543,524999.5,-0.009247971,0.081582284,1.262776909,0
202211,12580,"Baltimore-Columbia-Towson, MD",21,149,-14,-67,49.66555184,83.27759197,16.05351171,45.25,0.052325581,2.25,0.040229885,1.75,-10.75,-0.062115655,-0.277753218,0.758950399,339450,-0.001617647,0.077790125,0.816476248,0
202211,22420,"Flint, MI",126,149,-33,-37,49.66555184,58.52842809,40.80267559,51.75,0.014705882,0.75,0.056122449,2.75,-4.25,-0.126563351,-0.406718173,1.030605606,197500,-0.05907575,0.119297251,0.475045099,0
202211,16300,"Cedar Rapids, IA",171,149,-23,-44,49.66555184,74.24749164,25.08361204,48,0.066666667,3,0.215189873,8.5,-8,-0.070957894,-0.195094979,0.867025541,268936,-0.072314591,0.169541205,0.646869513,0
202211,49740,"Yuma, AZ",260,152,33,127,49.33110368,56.52173913,42.14046823,52,0.142857143,6.5,0.444444444,16,-4,-0.115083552,-0.553035765,1.053850107,309145,-0.002758065,0.112332464,0.743583885,0
202211,27340,"Jacksonville, NC",250,152,-35,51,49.33110368,71.57190636,27.090301,48.75,-0.025,-1.25,0.266233766,10.25,-7.25,-0.153345437,-0.46389498,0.898552925,328675,0.011307692,0.301812061,0.79055923,0
202211,12620,"Bangor, ME",268,152,11,-70,49.33110368,15.71906355,82.94314381,65.5,0.091666667,5.5,-0.090277778,-6.5,9.5,-0.105476534,-0.192139614,1.706792929,242350,-0.030212085,0.104729345,0.582922429,0
202211,14500,"Boulder, CO",152,155,27,66,49.1638796,64.88294314,33.44481605,50.5,0.174418605,7.5,0.328947368,12.5,-5.5,-0.023255509,-0.431783444,0.980837949,833749.75,0.013739133,0.036679826,2.005411305,0
202211,41860,"San Francisco-Oakland-Berkeley, CA",12,156,26,-21,48.82943144,78.92976589,18.72909699,46,0.210526316,8,0.164556962,6.5,-10,-0.083182903,-0.354780237,0.805514614,1034500,-0.050045914,0.051885565,2.488274203,0
202211,26580,"Huntington-Ashland, WV-KY-OH",147,157,23,-1,48.49498328,12.04013378,84.94983278,68,0.133333333,8,0.152542373,9,12,-0.088312253,-0.250623928,1.754845911,175000,-0.027237354,0.179642737,0.420926037,0
202211,45540,"The Villages, FL",253,158,-6,117,47.99331104,38.46153846,57.52508361,57.75,0.069444444,3.75,0.375,15.75,1.75,-0.112732307,-0.524833006,1.212898636,405124.75,-0.009474939,0.111720235,0.974443175,0
202211,35840,"North Port-Sarasota-Bradenton, FL",56,159,-49,129,47.4916388,34.11371238,60.86956522,59,0,0,0.43902439,18,3,0.034967052,-0.567369351,1.271076605,527000,-0.023893314,0.038423645,1.267588695,0
202211,43620,"Sioux Falls, SD",173,160,-15,-59,47.32441472,87.2909699,7.357859532,44,0.073170732,3,0.023255814,1,-12,-0.036489653,-0.263388081,0.649433579,346200,-0.010857143,0.259138025,0.832711966,0
202211,20100,"Dover, DE",246,160,-90,-54,47.32441472,46.48829431,48.16053512,54.5,-0.221428571,-15.5,-0.048034934,-2.75,-1.5,-0.088039385,-0.403167096,1.10576142,379900,-0.024521761,0.075518437,0.913770295,0
202211,46140,"Tulsa, OK",54,160,12,-8,47.32441472,56.52173913,38.1270903,52,0.106382979,5,0.142857143,6.5,-4,-0.11938579,-0.395394518,1.004228387,316606.5,-0.007223041,0.250073785,0.761530968,0
202211,39380,"Pueblo, CO",252,163,-5,92,46.98996656,78.92976589,15.05016722,46,0.045454545,2,0.688073394,18.75,-10,-0.123683754,-0.542814143,0.749999803,358725,-0.043144839,0.037677177,0.862838244,1
202211,33660,"Mobile, AL",122,164,52,-1,46.82274248,48.49498328,45.15050167,54,0.136842105,6.5,0.227272727,10,-2,-0.167664358,-0.336777017,1.076329402,245275,-0.014959839,0.25943679,0.589957907,0
202211,31420,"Macon-Bibb County, GA",207,165,10,-123,46.6555184,62.87625418,30.43478261,51,0.146067416,6.5,-0.120689655,-7,-5,-0.040246441,-0.123181546,0.925770877,225000,0,0.056387624,0.541190619,0
202211,13820,"Birmingham-Hoover, AL",50,166,31,-87,46.6555184,53.84615385,39.46488294,52.5,0.117021277,5.5,-0.153225806,-9.5,-3.5,-0.148386421,-0.408347094,1.01597902,276727.5,-0.011334405,-0.011334405,0.665610343,0
202211,35660,"Niles, MI",270,166,69,-46,46.6555184,24.08026756,69.23076923,62,0.265306122,13,0.064377682,3.75,6,-0.088155088,-0.269259353,1.406089864,357425,-0.059284116,0.051559282,0.859711365,0
202211,45860,"Torrington, CT",229,168,11,-46,46.48829431,3.344481605,89.63210702,76.25,0.066433566,4.75,-0.11849711,-10.25,20.25,-0.133144455,-0.144820785,1.865499447,525000,-0.022346369,0.069355332,1.262778112,0
202211,34060,"Morgantown, WV",283,169,-8,-38,46.32107023,8.695652174,83.94648829,70.75,0.040441176,2.75,-0.040677966,-3,14.75,-0.060771853,-0.229092342,1.719960084,279500,-0.001785714,0.040968343,0.672279014,0
202211,14540,"Bowling Green, KY",236,170,18,-74,45.81939799,56.52173913,35.11705686,52,0.130434783,6,-0.00952381,-0.5,-4,-0.066081779,-0.289257125,0.997199398,328622.5,-0.018744401,0.12368781,0.790432953,0
202211,44700,"Stockton, CA",94,171,-8,75,45.65217391,62.87625418,28.42809365,51,0.051546392,2.5,0.291139241,11.5,-5,-0.122197794,-0.496235601,0.905200232,550000,-0.017813295,0.021085414,1.322910403,0
202211,42140,"Santa Fe, NM",257,172,31,-32,44.98327759,13.37792642,76.58862876,66,0.118644068,7,-0.328244275,-32.25,10,-0.136307278,-0.338013825,1.544383975,727000,-0.061935484,0.042293907,1.748647023,0
202211,46060,"Tucson, AZ",53,173,-11,28,44.48160535,68.56187291,20.40133779,50,0.111111111,5,0.369863014,13.5,-6,-0.019956462,-0.362758532,0.821773056,375000,-0.01055409,0.041883726,0.901984366,0
