data/RDC_Inventory_Hotness_Metrics_Metro_History.csv
month_date_yyyymm,cbsa_code,cbsa_title,nielsen_hh_rank,hotness_rank,hotness_rank_mm,hotness_rank_yy,hotness_score,supply_score,demand_score,median_days_on_market,median_days_on_market_mm,median_dom_mm_day,median_days_on_market_yy,median_dom_yy_day,median_dom_vs_us,ldp_unique_viewers_per_property_mm,ldp_unique_viewers_per_property_yy,ldp_unique_viewers_per_property_vs_us,median_listing_price,median_listing_price_mm,median_listing_price_yy,median_listing_price_vs_us,quality_flag
202211,16820,"Charlottesville, VA",210,174,15,-99,44.31438127,44.14715719,44.48160535,55.75,0.137755102,6.75,-0.174074074,-11.75,-0.25,-0.0879046,-0.341486485,1.074450906,499495,-0.000810162,-0.016354864,1.201431149,0
202211,33860,"Montgomery, AL",144,175,8,-76,44.14715719,59.19732442,29.09698997,51.5,0.06185567,3,-0.108225108,-6.25,-4.5,-0.137634656,-0.408909878,0.924184316,259925,-0.007919847,0.130354425,0.62519543,0
202211,45900,"Traverse City, MI",266,176,11,36,43.97993311,6.688963211,81.27090301,72,0.11627907,7.5,0.170731707,10.5,16,-0.088972974,-0.379070261,1.637388212,479450,-0.040908182,0.137495967,1.153217078,0
202211,27140,"Jackson, MS",104,177,7,155,43.47826087,26.75585284,60.2006689,61,0.070175439,4,1.837209302,39.5,5,-0.144014111,-0.417107099,1.258896238,305707,0.022431438,0.133612682,0.735314492,1
202211,24580,"Green Bay, WI",153,178,-1,58,43.31103679,7.692307692,78.92976589,71.5,0.051470588,3.5,0.259911894,14.75,15.5,-0.117258861,-0.381356056,1.5954472,399900,-0.013566848,0.226875288,0.961876128,0
202211,24540,"Greeley, CO",166,179,-12,30,42.97658863,76.2541806,9.698996656,47,0.044444444,2,0.287671233,10.5,-9,-0.119367656,-0.433473447,0.701889774,514547.5,0.008916667,0.050204102,1.237636801,0
202211,25620,"Hattiesburg, MS",262,180,-6,-18,42.64214047,22.0735786,63.21070234,63.25,0.036885246,2.25,0.14479638,8,7.25,-0.131856814,-0.32206913,1.314373205,289700,-0.028504359,0.299248795,0.696812989,0
202211,33260,"Midland, TX",242,181,-25,-67,41.63879599,64.88294314,18.39464883,50.5,-0.009803922,-0.5,0.035897436,1.75,-5.5,-0.202246712,-0.292431058,0.800854859,352475,-0.007112676,0.084538462,0.847805171,0
202211,36837,"Ottawa, IL",284,182,29,-84,41.30434783,24.74916388,57.85953177,61.75,0.143518519,7.75,0.055555556,3.25,5.75,-0.181604532,-0.174273542,1.214371989,166450,-0.020306062,0.110036679,0.400360794,0
202211,28420,"Kennewick-Richland, WA",178,183,45,90,41.13712375,58.52842809,23.7458194,51.75,0.176136364,7.75,0.352941176,13.5,-4.25,-0.160342498,-0.495693641,0.850185992,544900,-0.007468124,0.037065233,1.310643416,0
202211,48540,"Wheeling, WV-OH",292,183,-15,-75,41.13712375,9.698996656,72.57525084,70,0.111111111,7,0.129032258,8,14,0.017866757,-0.116616302,1.459311259,162250,0.046774194,0.095543552,0.390258569,0
202211,42660,"Seattle-Tacoma-Bellevue, WA",14,185,8,7,40.96989967,81.60535117,0.334448161,45.5,0.166666667,6.5,0.263888889,9.5,-10.5,-0.077876188,-0.418493466,0.384953611,737450,-0.016733333,0.092526611,1.773782321,0
202211,12060,"Atlanta-Sandy Springs-Alpharetta, GA",9,186,3,-14,40.80267559,64.88294314,16.72240803,50.5,0.122222222,5.5,0.147727273,6.5,-5.5,-0.090310578,-0.432043695,0.769126593,401837.5,-0.024666262,0.018541401,0.96653638,0
202211,31080,"Los Angeles-Long Beach-Anaheim, CA",2,186,-18,-9,40.80267559,59.19732442,22.40802676,51.5,0.051020408,2.5,0.183908046,8,-4.5,-0.055643896,-0.379155556,0.840302389,933500,-0.006796554,0.025880543,2.245339747,0
202211,39660,"Rapid City, SD",280,188,158,168,40.46822743,28.42809365,52.5083612,60.5,0.728571429,25.5,0.571428571,22,4.5,-0.299533814,-0.594887482,1.130318949,429450,0.073893473,0.210059172,1.032952495,1
202211,13900,"Bismarck, ND",297,189,19,-64,40.13377926,53.84615385,26.42140468,52.5,0.03960396,2,0.05,2.5,-3.5,-0.246590232,-0.254746338,0.885929613,367975,-0.012147651,0.326514059,0.885087192,0
202211,22900,"Fort Smith, AR-OK",195,190,21,22,39.96655518,30.76923077,49.1638796,60,0.142857143,7.5,0.153846154,8,4,-0.115110611,-0.443366542,1.109962103,231250,-0.03605669,0.103818616,0.556223692,0
202211,17980,"Columbus, GA-AL",159,190,47,-22,39.96655518,50.16722408,29.76588629,53.5,0.202247191,9,0.202247191,9,-2.5,-0.080867031,-0.248012487,0.924292451,231175,0.005108696,0.239876643,0.556043295,0
202211,36420,"Oklahoma City, OK",41,192,-11,29,39.7993311,68.56187291,11.0367893,50,0.041666667,2,0.219512195,9,-6,-0.139168276,-0.494584749,0.720010328,325000,0.015625,0.122639758,0.781719784,0
202211,46700,"Vallejo, CA",137,193,-21,124,39.13043478,56.52173913,21.73913044,52,0,0,0.405405405,15,-4,-0.17087206,-0.557857057,0.833023775,599350,-0.012246593,0.000584307,1.441611545,0
202211,25180,"Hagerstown-Martinsburg, MD-WV",172,193,-16,56,39.13043478,52.5083612,25.75250836,53,0.039215686,2,0.292682927,12,-3,-0.100605758,-0.454616522,0.88220978,315000,-0.006277801,0.060927554,0.757666867,0
202211,10580,"Albany-Schenectady-Troy, NY",55,195,2,-82,38.46153846,18.06020067,58.86287625,64.5,0.057377049,3.5,-0.015267176,-1,8.5,-0.127264532,-0.203154288,1.231500731,339950,-0.021726619,0.046,0.817678894,0
202211,36740,"Orlando-Kissimmee-Sanford, FL",25,196,-6,147,38.1270903,25.08361204,51.17056856,61.5,0.078947368,4.5,0.447058824,19,5.5,-0.078697564,-0.526980124,1.120775766,439406,-0.012570787,0.141462528,1.056899579,0
202211,27980,"Kahului-Wailuku-Lahaina, HI",274,197,-32,68,38.1270903,6.02006689,70.23411371,72.5,-0.121212121,-10,0.414634146,21.25,16.5,0.007863687,-0.346676949,1.416891134,1327500,-0.048387097,0.062,3.193024654,0
202211,40580,"Rocky Mount, NC",293,198,-11,16,37.79264214,41.47157191,34.11371238,56.5,0.027272727,1.5,0.255555556,11.5,0.5,-0.127723771,-0.363695674,0.984676873,277400,0.008727273,0.387173397,0.667227901,0
202211,10740,"Albuquerque, NM",58,198,-1,-52,37.79264214,24.08026756,51.50501672,62,0.068965517,4,-0.046153846,-3,6,-0.121607892,-0.376190133,1.121920108,377695,-0.018974026,0.050619267,0.908466627,0
202211,46540,"Utica-Rome, NY",167,200,3,-78,37.62541806,15.38461539,59.86622074,65.75,0.077868852,4.75,-0.018656716,-1.25,9.75,-0.085664496,-0.193931252,1.258418095,179450,-0.050529101,0.014128285,0.431629585,0
202211,16580,"Champaign-Urbana, IL",199,201,-3,-85,37.2909699,34.11371238,40.46822743,59,0.134615385,7,0.017241379,1,3,-0.032269865,-0.098201329,1.021557468,202300,0.012006003,0.328953851,0.486590499,0
202211,16060,"Carbondale-Marion, IL",298,202,-21,-89,37.2909699,28.42809365,46.15384615,60.5,0.043103448,2.5,-0.065637066,-4.25,4.5,-0.062812341,-0.140360429,1.077931817,124975,0.004218562,0.358423913,0.300601323,0
202211,36500,"Olympia-Lacey-Tumwater, WA",168,203,9,35,36.78929766,71.57190636,2.006688963,48.75,0.107954545,4.75,0.373239437,13.25,-7.25,-0.129092611,-0.402153518,0.566570742,536575,-0.024364744,0.089603005,1.290619363,0
202211,41060,"St. Cloud, MN",220,204,78,-38,36.4548495,38.46153846,34.44816054,57.75,0.255434783,11.75,0.155,7.75,1.75,-0.171145278,-0.232016992,0.989943679,325000,-0.029850746,0.107514057,0.781719784,0
202211,47580,"Warner Robins, GA",232,204,-47,-47,36.4548495,40.13377926,32.77591973,57,-0.06557377,-4,0.128712871,6.5,1,-0.114003145,-0.222177204,0.960277701,319450,-0.007657301,0.217239881,0.768370415,0
202211,17300,"Clarksville, TN-KY",169,206,-43,102,36.28762542,64.88294314,7.692307692,50.5,-0.009803922,-0.5,0.541984733,17.75,-5.5,-0.075956721,-0.544673799,0.650741603,352475,-0.020630731,0.064637922,0.847805171,1
202211,22500,"Florence, SC",224,207,18,-53,35.45150502,15.71906355,55.18394649,65.5,0.149122807,8.5,0.11965812,7,9.5,-0.113926675,-0.251849392,1.15198825,274497.25,0.004127205,0.233695506,0.660245941,0
202211,12100,"Atlantic City-Hammonton, NJ",188,207,-2,-67,35.45150502,12.7090301,58.19397993,67,0.05511811,3.5,0.063492063,4,11,-0.089037701,-0.203261675,1.217028685,327450,-0.004711246,0.139154636,0.787612748,0
202211,30460,"Lexington-Fayette, KY",105,209,-13,-46,35.28428094,32.10702341,38.46153846,59.5,0.101851852,5.5,0.0625,3.5,3.5,-0.03986856,-0.327493134,1.008523576,374900,-0.028504794,0.180787402,0.901743836,0
202211,42680,"Sebastian-Vero Beach, FL",238,209,-11,125,35.28428094,13.37792642,57.19063545,66,0.007633588,0.5,0.346938776,17,10,-0.091962886,-0.496858157,1.20999962,429450,0,0.074968711,1.032952495,0
202211,26620,"Huntsville, AL",108,211,45,172,34.94983278,62.87625418,7.023411371,51,0.214285714,9,1.72,32.25,-5,-0.115292745,-0.676802246,0.649144533,394950,-0.010150376,0.12058448,0.949969934,1
202211,39100,"Poughkeepsie-Newburgh-Middletown, NY",92,212,0,-59,34.44816054,19.39799331,49.49832776,64,0.084745763,5,0,0,8,-0.09250556,-0.290296263,1.110834824,457312.5,0.015123213,0.108905189,1.099969934,0
202211,20020,"Dothan, AL",271,212,-19,-72,34.44816054,18.06020067,50.8361204,64.5,0.075,4.5,0.019762846,1.25,8.5,-0.052410196,-0.184588511,1.118489238,242650,-0.061133682,0.186842749,0.583644017,0
202211,38940,"Port St. Lucie, FL",110,214,-11,143,34.11371238,30.76923077,37.45819398,60,0.052631579,3,0.379310345,16.5,4,-0.095874222,-0.532687591,1.002557724,444950,-0.011171682,0.056637378,1.070234516,0
202211,24300,"Grand Junction, CO",278,215,34,69,33.94648829,25.08361204,42.80936455,61.5,0.205882353,10.5,0.351648352,16,5.5,-0.108612867,-0.418788177,1.05692882,466250,-0.00776761,0.078659432,1.121467228,0
202211,20700,"East Stroudsburg, PA",272,216,3,0,33.61204013,6.688963211,60.53511706,72,0.107692308,7,-0.046357616,-3.5,16,-0.074169292,-0.40948006,1.260599196,335000,-0.028985507,0.127946128,0.8057727,0
202211,29740,"Las Cruces, NM",216,217,-61,-63,33.27759197,53.84615385,12.7090301,52.5,-0.153225806,-9.5,-0.0625,-3.5,-3.5,-0.130201311,-0.348977783,0.73551514,362700,0.009849302,0.300670148,0.872399278,0
202211,42220,"Santa Rosa-Petaluma, CA",116,218,1,-47,33.27759197,10.70234114,55.85284281,69.25,0.08203125,5.25,0.09486166,6,13.25,-0.11819091,-0.279689202,1.169147159,932225,0.014390642,0.039269788,2.242273001,0
202211,25900,"Hilo, HI",222,219,-14,20,33.11036789,5.016722408,61.20401338,74,0,0,0.254237288,15,18,-0.055660561,-0.384141552,1.280539859,603750,0.007173242,0.147268409,1.452194829,0
202211,22180,"Fayetteville, NC",112,220,-19,98,32.77591973,41.47157191,24.08026756,56.5,0.046296296,2.5,0.298850575,13,0.5,-0.119214665,-0.539487455,0.851907561,338093.75,0.009461073,0.456453142,0.813214071,0
202211,14740,"Bremerton-Silverdale-Port Orchard, WA",176,221,-20,41,32.60869565,56.52173913,8.695652174,52,0.04,2,0.386666667,14.5,-4,-0.033451121,-0.341955686,0.658946385,595591.25,-0.005690735,-0.006809939,1.432570655,0
202211,41540,"Salisbury, MD-DE",120,221,-4,1,32.60869565,19.39799331,45.81939799,64,0,0,0.196261682,10.5,8,-0.145669874,-0.354034057,1.077906026,499967.5,-0.009769261,0.133970288,1.202567649,0
202211,49700,"Yuba City, CA",286,223,39,175,32.44147157,19.39799331,45.48494983,64,0.142857143,8,0.505882353,21.5,8,-0.161993577,-0.557451347,1.076839254,456425,0.014277778,0.037712792,1.097835238,1
202211,35380,"New Orleans-Metairie, LA",45,224,8,-7,31.43812709,19.39799331,43.47826087,64,0.066666667,4,-0.272727273,-24,8,-0.136706574,-0.478071884,1.059180541,327000,-0.00456621,-0.053545586,0.786530367,0
202211,28660,"Killeen-Temple, TX",121,225,35,145,31.27090301,44.48160535,18.06020067,55.5,0.180851064,8.5,0.261363636,11.5,-0.5,-0.105076367,-0.627083769,0.797840269,313500,-0.004761905,0.14,0.75405893,0
202211,37860,"Pensacola-Ferry Pass-Brent, FL",109,225,-29,159,31.27090301,41.47157191,21.07023411,56.5,0.046296296,2.5,0.448717949,17.5,0.5,-0.053269895,-0.593112538,0.824822259,372400,0.003097643,0.04544338,0.895730607,0
202211,17660,"Coeur d'Alene, ID",239,227,-1,103,31.10367893,22.0735786,40.13377926,63.25,0.090517241,5.25,0.187793427,10,7.25,-0.099345369,-0.557421594,1.019362306,699000,-0.035862069,-0.083849405,1.681298857,0
202211,39580,"Raleigh-Cary, NC",42,228,40,217,30.26755853,39.13043478,21.40468227,57.5,0.197916667,9.5,1.5,34.5,1.5,-0.117086622,-0.663742583,0.828054061,449450,-0.005641593,0.057628953,1.081058328,1
202211,26420,"Houston-The Woodlands-Sugar Land, TX",5,229,-15,-60,30.10033445,59.19732442,1.003344482,51.5,0.051020408,2.5,-0.080357143,-4.5,-4.5,-0.134632572,-0.372871236,0.429344107,362745,-0.01695122,0.007764967,0.872507517,0
202211,39150,"Prescott Valley-Prescott, AZ",187,230,-14,98,29.93311037,12.04013378,47.82608696,68,0.0625,4,0.307692308,16,12,-0.075123521,-0.494546948,1.104527142,626000,0.001680134,0.0442906,1.505712568,0
202211,28140,"Kansas City, MO-KS",30,231,8,-8,29.76588629,23.41137124,36.12040134,62.5,0.136363636,7.5,0.213592233,11,6.5,-0.053733701,-0.27127442,0.998172082,399900,0.029409872,0.212093658,0.961876128,0
202211,20500,"Durham-Chapel Hill, NC",89,232,32,205,29.76588629,30.76923077,28.76254181,60,0.2,10,0.846153846,27.5,4,-0.06506183,-0.590720157,0.909690742,463825,0.003054632,0.030722222,1.115634396,1
202211,38900,"Portland-Vancouver-Hillsboro, OR-WA",24,233,26,-43,29.59866221,56.52173913,2.675585284,52,0.155555556,7,-0.00952381,-0.5,-4,-0.094604711,-0.408033173,0.570239877,582475,0.004440421,0.059045455,1.401022249,0
202211,11260,"Anchorage, AK",143,234,-1,-34,28.92976589,21.40468227,36.4548495,63.5,0.094827586,5.5,0.144144144,8,7.5,-0.080720994,-0.205175058,0.999442131,426085,-0.009104651,0.192012869,1.024858689,0
202211,36100,"Ocala, FL",135,235,3,136,28.76254181,32.10702341,25.4180602,59.5,0.122641509,6.5,0.352272727,15.5,3.5,-0.078324317,-0.564149234,0.880363007,314500,-0.013333333,0.113471411,0.756464221,0
202211,27260,"Jacksonville, FL",40,235,-11,93,28.76254181,30.76923077,26.75585284,60,0.111111111,6,0.379310345,16.5,4,-0.043388411,-0.474879537,0.895761814,397500,-0.00625,0.103729774,0.956103428,0
202211,30940,"London, KY",288,237,-20,-20,28.76254181,13.37792642,44.14715719,66,0.03125,2,0.152838428,8.75,10,-0.01726968,-0.299560792,1.066519483,249900,0.001803969,0.046811184,0.601082381,0
202211,17020,"Chico, CA",215,238,-30,32,28.59531773,18.06020067,39.13043478,64.5,-0.022727273,-1.5,0.264705882,13.5,8.5,-0.029601095,-0.396675867,1.012504403,434950,-0.021924893,-0.033444444,1.0461816,0
202211,21700,"Eureka-Arcata, CA",299,238,20,194,28.59531773,3.678929766,53.51170569,75.25,0.106617647,7.25,0.835365854,34.25,19.25,-0.180706909,-0.524912029,1.14066419,486500,-0.017171717,-0.063522618,1.170174384,1
202211,15180,"Brownsville-Harlingen, TX",161,240,6,35,28.26086957,17.72575251,38.79598662,64.75,0.088235294,5.25,0.135964912,7.75,8.75,-0.101650478,-0.4842836,1.010715619,323000,0.00623053,0.091216216,0.7769092,0
202211,14020,"Bloomington, IN",251,240,45,-16,28.26086957,28.42809365,28.09364549,60.5,0.18627451,9.5,0,0,4.5,-0.148050995,-0.446385697,0.904413825,319950,-0.043497758,-0.044640191,0.769573061,0
202211,34940,"Naples-Marco Island, FL",124,242,-40,70,28.09364549,9.698996656,46.48829431,70,-0.078947368,-6,0.129032258,8,14,0.070211201,-0.542188146,1.078809423,799000,0.005031447,0.102068966,1.921828022,0
202211,25060,"Gulfport-Biloxi, MS",129,243,4,145,27.75919732,5.685618729,49.83277592,73.5,0.097014925,6.5,0.771084337,32,17.5,-0.095895147,-0.410478337,1.112660529,283200,-0.04,0.129890532,0.681178593,1
202211,43900,"Spartanburg, SC",163,244,23,124,27.42474916,32.10702341,22.74247492,59.5,0.144230769,7.5,0.506329114,20,3.5,-0.123799455,-0.487092101,0.84580797,303335,-0.003498686,0.091349008,0.72960914,1
202211,41700,"San Antonio-New Braunfels, TX",26,245,-6,55,26.92307692,39.13043478,14.71571906,57.5,0.064814815,3.5,0.277777778,12.5,1.5,-0.152271969,-0.495375981,0.748049117,349998.5,-0.014088732,0.055802413,0.841848467,0
202211,41620,"Salt Lake City, UT",51,246,31,149,26.75585284,50.16722408,3.344481605,53.5,0.150537634,7,1.098039216,28,-2.5,-0.122186104,-0.586816295,0.578785526,550000,-0.042645779,0.000909918,1.322910403,1
202211,12260,"Augusta-Richmond County, GA-SC",95,247,4,18,26.08695652,41.47157191,10.70234114,56.5,0.107843137,5.5,0.164948454,8,0.5,-0.104166508,-0.458729816,0.715982761,318912.5,0.019052564,0.111387001,0.767077571,0
202211,10180,"Abilene, TX",261,248,47,38,25.58528428,26.75585284,24.41471572,61,0.184466019,9.5,0.232323232,11.5,5,-0.172312546,-0.455493758,0.860974087,280682.5,-0.012316029,0.084553709,0.675123271,0
202211,23540,"Gainesville, FL",151,249,1,-21,25.25083612,9.364548495,41.13712375,70.5,0.155737705,9.5,0.105882353,6.75,14.5,-0.061632286,-0.352698771,1.032127939,342450,-0.007103508,0.144456513,0.823692123,0
202211,19660,"Deltona-Daytona Beach-Ormond Beach, FL",78,250,-8,155,25.08361204,22.74247492,27.42474916,63,0.05,3,0.431818182,19,7,-0.089554993,-0.558000837,0.89916355,395000,-0.010025063,0.12889397,0.950090198,0
202211,28740,"Kingston, NY",231,250,-3,-35,25.08361204,1.337792642,48.82943144,79.5,0.169117647,11.5,0.104166667,7.5,23.5,-0.080870822,-0.276404845,1.107147209,499000,0.018367347,0.213521401,1.200240529,0
202211,19460,"Decatur, AL",275,252,-4,135,24.91638796,32.10702341,17.72575251,59.5,0.101851852,5.5,0.75,25.5,3.5,-0.077820205,-0.441826362,0.774441653,292450,-0.024841614,0.098671976,0.703427541,1
202211,46520,"Urban Honolulu, HI",70,253,-8,7,24.5819398,44.48160535,4.682274247,55.5,0.067307692,3.5,0.206521739,9.5,-0.5,-0.077067868,-0.223746988,0.615901567,818500,-0.008479709,0.163468372,1.968731209,0
202211,12020,"Athens-Clarke County, GA",219,254,29,20,24.41471572,15.71906355,33.11036789,65.5,0.159292035,9,0.159292035,9,9.5,-0.091219361,-0.408605253,0.967284081,392500,0.006410256,0.124641834,0.944076969,0
202211,41420,"Salem, OR",131,255,19,105,24.24749164,44.48160535,4.013377926,55.5,0.11,5.5,0.48,18,-0.5,-0.169161761,-0.532040433,0.593342874,484720,-0.008752556,0.07120442,1.165892965,0
202211,15980,"Cape Coral-Fort Myers, FL",66,256,-17,150,23.91304348,4.682274247,43.14381271,74.5,0.111940299,7.5,0.49,24.5,18.5,0.057519437,-0.529632417,1.057649946,459950,1.09E-06,0.071895288,1.106313891,0
202211,34820,"Myrtle Beach-Conway-North Myrtle Beach, SC-NC",102,257,21,106,22.909699,13.37792642,32.44147157,66,0.118644068,7,0.450549451,20.5,10,-0.127296439,-0.460968056,0.953187786,373470.75,-0.01458905,0.023214543,0.898306073,0
