data/RDC_Inventory_Hotness_Metrics_Metro_History.csv
month_date_yyyymm,cbsa_code,cbsa_title,nielsen_hh_rank,hotness_rank,hotness_rank_mm,hotness_rank_yy,hotness_score,supply_score,demand_score,median_days_on_market,median_days_on_market_mm,median_dom_mm_day,median_days_on_market_yy,median_dom_yy_day,median_dom_vs_us,ldp_unique_viewers_per_property_mm,ldp_unique_viewers_per_property_yy,ldp_unique_viewers_per_property_vs_us,median_listing_price,median_listing_price_mm,median_listing_price_yy,median_listing_price_vs_us,quality_flag
202211,36260,"Ogden-Clearfield, UT",100,258,16,183,22.74247492,40.13377926,5.351170569,57,0.14,7,1.28,32,1,-0.080192591,-0.6132673,0.622328005,519450,-0.010571429,0.073569865,1.249428743,1
202211,22020,"Fargo, ND-MN",175,259,29,-35,22.74247492,32.10702341,13.37792642,59.5,0.144230769,7.5,-0.0703125,-4.5,3.5,-0.192116648,-0.350019852,0.739614234,353457.75,-0.00399366,0.07723576,0.850168972,0
202211,40140,"Riverside-San Bernardino-Ontario, CA",16,260,-6,78,22.57525084,36.78929766,8.361204013,58,0.074074074,4,0.432098765,17.5,2,-0.082322655,-0.476225513,0.653339933,569000,-0.010434783,0.035581036,1.368610944,0
202211,32900,"Merced, CA",218,261,14,73,22.0735786,34.11371238,10.03344482,59,0.134615385,7,0.372093023,16,3,-0.136149093,-0.474444721,0.709801853,420000,-0.018691589,-0.011706571,1.010222489,0
202211,39820,"Redding, CA",237,262,24,87,21.90635452,23.07692308,20.73578595,62.75,0.183962264,9.75,0.512048193,21.25,6.75,-0.088210794,-0.410155991,0.823704957,413200,-0.027535891,-0.055542857,0.993866506,1
202211,32580,"McAllen-Edinburg-Mission, TX",91,263,-6,14,21.23745819,26.75585284,15.71906355,61,0.070175439,4,0.184466019,9.5,5,-0.092930115,-0.412787921,0.752045568,278850,0.014,0.068493151,0.670715574,0
202211,12220,"Auburn-Opelika, AL",255,263,-24,-19,21.23745819,30.10033445,12.37458194,60.25,-0.043650794,-2.75,0.02991453,1.75,4.25,-0.118271549,-0.401896282,0.732569028,373581.5,-0.003673735,0.067680766,0.898572459,0
202211,38060,"Phoenix-Mesa-Chandler, AZ",11,265,10,161,21.23745819,36.78929766,5.685618729,58,0.137254902,7,0.757575758,25,2,-0.061282421,-0.57232362,0.627866907,477000,-0.016494845,-0.011295995,1.147324113,1
202211,13140,"Beaumont-Port Arthur, TX",145,266,-6,-3,21.07023411,26.75585284,15.38461539,61,0.016666667,1,0.140186916,7.5,5,-0.134042412,-0.380803772,0.751753207,228400,0.015111111,0.062819916,0.549368611,0
202211,29460,"Lakeland-Winter Haven, FL",80,266,8,189,21.07023411,25.08361204,17.05685619,61.5,0.098214286,5.5,0.556962025,22,5.5,-0.08385334,-0.609862619,0.770229945,351000,-0.024729091,0.107255521,0.844257366,1
202211,33100,"Miami-Fort Lauderdale-Pompano Beach, FL",8,268,-3,-15,20.73578595,19.39799331,22.0735786,64,0.049180328,3,0.049180328,3,8,-0.066772681,-0.354132365,0.836743726,599000,0,0.247916667,1.440769693,0
202211,43340,"Shreveport-Bossier City, LA",136,269,-7,-12,20.40133779,34.11371238,6.688963211,59,0.035087719,2,0.092592593,5,3,-0.080973171,-0.285310132,0.643326919,229450,0.033558559,0.407668712,0.551894167,0
202211,13380,"Bellingham, WA",196,270,52,74,19.56521739,36.78929766,2.341137124,58,0.260869565,12,0.487179487,19,2,-0.0623266,-0.406434635,0.569578458,630500,-0.01326343,0.051139916,1.51653638,0
202211,39900,"Reno, NV",117,271,1,156,19.06354515,10.36789298,27.75919732,69.5,0.103174603,6.5,0.674698795,28,13.5,-0.068293631,-0.487433394,0.902247797,599700,-0.000416701,-0.036626506,1.442453397,1
202211,46180,"Tupelo, MS",269,272,12,5,18.89632107,1.003344482,36.78929766,80,0.185185185,12.5,0.32780083,19.75,24,-0.098799546,-0.343112257,1.000267127,250000,0,0.043951398,0.60132291,0
202211,45500,"Texarkana, TX-AR",291,273,6,52,18.39464883,10.70234114,26.08695652,69.25,0.018382353,1.25,0.294392523,15.75,13.25,-0.179197409,-0.466454074,0.885045846,199699.5,-0.064420239,0.1172,0.480335538,0
202211,41100,"St. George, UT",263,274,-7,164,18.22742475,28.42809365,8.026755853,60.5,0.043103448,2.5,0.592105263,22.5,4.5,-0.066878226,-0.584805445,0.650961969,649450,-0.000692414,0.02356186,1.562116657,1
202211,27100,"Jackson, MI",276,275,13,30,16.88963211,0,33.77926421,87,0.225352113,16,0.553571429,31,31,-0.158073799,-0.365082484,0.984442236,193225,-0.03121083,0.227604829,0.464762478,1
202211,18580,"Corpus Christi, TX",133,275,12,28,16.88963211,2.006688963,31.77257525,78.5,0.113475177,8,0.266129032,16.5,22.5,-0.162863969,-0.456959182,0.941596264,311180,0.003620296,0.056737047,0.748478653,0
202211,39460,"Punta Gorda, FL",204,277,-16,165,16.55518395,2.341137124,30.76923077,78,0.054054054,4,0.625,30,22,0.079690847,-0.563460475,0.928741413,441654,-0.018328517,0.106278414,1.062306675,1
202211,46220,"Tuscaloosa, AL",185,278,-10,-17,16.05351171,12.7090301,19.39799331,67,-0.056338028,-4,0.019011407,1.25,11,-0.10180322,-0.305192193,0.813679794,292524,-0.040590357,0.140338858,0.703605532,0
202211,12420,"Austin-Round Rock-Georgetown, TX",27,279,-5,153,16.05351171,28.42809365,3.678929766,60.5,0.061403509,3.5,0.613333333,23,4.5,-0.118874289,-0.605082392,0.58519015,530649.5,-0.035007274,-0.033787428,1.276366807,1
202211,19780,"Des Moines-West Des Moines, IA",79,280,3,-10,15.38461539,21.40468227,9.364548495,63.5,0.076271186,4.5,0.058333333,3.5,7.5,-0.140020312,-0.395624132,0.681802037,349900,-0.000285714,0.132724455,0.841611545,0
202211,19300,"Daphne-Fairhope-Foley, AL",191,281,-4,20,14.88294314,6.688963211,23.07692308,72,0.014084507,1,0.309090909,17,16,-0.134054478,-0.370672343,0.847719355,498974.75,-0.00185087,0.174058235,1.200179796,0
202211,17780,"College Station-Bryan, TX",186,282,3,50,13.87959866,8.026755853,19.73244147,71,0.126984127,8,0.352380952,18.5,15,-0.06693044,-0.455709032,0.816137548,363700,0.022203485,0.249502385,0.87480457,0
202211,23580,"Gainesville, GA",241,282,18,42,13.87959866,13.37792642,14.3812709,66,0.178571429,10,0.269230769,14,10,-0.077691627,-0.464645085,0.746783918,476975,-0.002853619,0.017549923,1.147263981,0
202211,12940,"Baton Rouge, LA",69,284,9,-3,13.5451505,8.026755853,19.06354515,71,0.059701493,4,0.063670412,4.25,15,-0.17406191,-0.425953199,0.80620366,321750,-0.01,0.021428571,0.773902586,0
202211,21340,"El Paso, TX",82,285,20,21,13.5451505,18.06020067,9.030100334,64.5,0.194444444,10.5,0.151785714,8.5,8.5,-0.121285038,-0.513788385,0.6743657,290473.5,-0.001637738,0.144948758,0.698673482,0
202211,10780,"Alexandria, LA",295,286,4,-6,13.04347826,8.695652174,17.39130435,70.75,0.10546875,6.75,0.05204461,3.5,14.75,-0.133556648,-0.419249233,0.773693745,222000,0.009549795,0.208985705,0.533974744,0
202211,35620,"New York-Newark-Jersey City, NY-NJ-PA",1,287,-4,-9,12.7090301,13.37792642,12.04013378,66,0.03125,2,0.047619048,3,10,-0.067744444,-0.273013648,0.729616872,669000,-0.001492537,0.079903148,1.609140108,0
202211,29820,"Las Vegas-Henderson-Paradise, NV",33,288,14,155,12.54180602,23.41137124,1.672240803,62.5,0.157407407,8.5,0.736111111,26.5,6.5,-0.03258546,-0.603077006,0.531076278,448500,-0.003333333,-0.002113139,1.078773301,1
202211,18880,"Crestview-Fort Walton Beach-Destin, FL",170,289,3,31,12.20735786,4.347826087,20.06688963,75,0.119402985,8,0.293103448,17,19,-0.099559462,-0.468333832,0.818381829,647250,-0.03102661,0.068855515,1.556825015,0
202211,26980,"Iowa City, IA",234,290,10,15,11.20401338,10.70234114,11.70568562,69.25,0.154166667,9.25,0.319047619,16.75,13.25,-0.095350993,-0.275811471,0.724422954,341475,0.00611373,0.138629543,0.821346963,0
202211,14260,"Boise City, ID",75,291,1,55,9.030100334,11.70568562,6.35451505,69,0.112903226,7,0.4375,21,13,-0.060727814,-0.480028018,0.635101286,522457.5,-0.032306909,-0.014226482,1.256662658,0
202211,29180,"Lafayette, LA",114,292,3,-1,8.528428094,0.668896321,16.38795987,81,0.094594595,7,0.250965251,16.25,25,-0.179927773,-0.345549843,0.768170384,275500,-0.016071429,0.024163569,0.662657847,0
202211,36220,"Odessa, TX",281,292,-2,-8,8.528428094,15.71906355,1.337792642,65.5,0.03968254,2.5,-0.080701754,-5.75,9.5,-0.248110189,-0.319888234,0.452418856,257000,0.007843137,0.117634268,0.618159952,0
202211,32780,"Medford, OR",200,294,-1,15,6.688963211,0.334448161,13.04347826,84,0.083870968,6.5,0.5,28,28,-0.088441346,-0.364626149,0.738797737,522425,-0.014292453,0.004663462,1.256584486,0
202211,13460,"Bend, OR",212,295,-2,-2,4.347826087,3.678929766,5.016722408,75.25,0.075,5.25,0.204,12.75,19.25,-0.092844322,-0.380394221,0.618846967,670800,-0.009889299,-0.035860582,1.613469633,0
202211,29420,"Lake Havasu City-Kingman, AZ",211,296,-2,72,4.180602007,2.341137124,6.02006689,78,0.068493151,5,0.608247423,29.5,22,-0.052674835,-0.539201042,0.633488571,412200,-0.017284539,0.031918888,0.991461215,1
202211,37460,"Panama City, FL",247,297,1,65,4.013377926,5.016722408,3.010033445,74,0.138461538,9,0.423076923,22,18,-0.132503911,-0.601857925,0.573448107,439900,-0.018080357,0.12823801,1.058087793,0
202211,26380,"Houma-Thibodaux, LA",227,298,-2,0,3.678929766,3.010033445,4.347826087,76.75,0.030201342,2.25,-0.251219512,-25.75,20.75,-0.045385534,-0.465084831,0.59455404,251782.5,-0.012617647,0.010261812,0.605610343,0
202211,39340,"Provo-Orem, UT",115,299,7,161,3.344481605,6.02006689,0.668896321,72.5,0.208333333,12.5,1.9,47.5,16.5,-0.130447043,-0.632463763,0.385104494,549900,0,0.013780707,1.322669874,1
202211,29340,"Lake Charles, LA",217,300,1,1,0.836120401,1.672240803,0,79,0.097222222,7,0.17037037,11.5,23,-0.148614929,-0.453998465,0.382744953,238337.5,0.003737629,0.083598545,0.573271197,0
202210,31700,"Manchester-Nashua, NH",123,1,-1,-1,99.83277592,99.66555184,100,27,-0.1,-3,0.125,3,-24,-0.02304247,-0.153905997,3.048660045,495000,0.015592942,0.181384248,1.164705882,0
202210,40380,"Rochester, NY",49,2,1,1,98.99665552,100,97.99331104,25,0.020408163,0.5,0.086956522,2,-26,-0.06092374,-0.234478724,2.614605945,225000,0.011235955,0.071939019,0.529411765,0
202210,15540,"Burlington-South Burlington, VT",201,3,-4,-89,97.32441472,97.32441472,97.32441472,32,-0.104895105,-3.75,-0.366336634,-18.5,-19,-0.105784601,-0.164065829,2.319543676,460000,-0.014989293,0.100478469,1.082352941,0
202210,29100,"La Crosse-Onalaska, WI-MN",294,3,-1,-38,97.32441472,98.99665552,95.65217391,30,-0.008264463,-0.25,-0.25,-10,-21,-0.104063708,-0.180549714,2.227645543,359900,0.029167858,0.22,0.846823529,0
202210,18140,"Columbus, OH",31,5,0,-2,96.98996656,97.32441472,96.6555184,32,0,0,0.103448276,3,-19,-0.141483878,-0.26940573,2.257756146,338900,0.004445762,0.168624719,0.797411765,0
202210,25540,"Hartford-East Hartford-Middletown, CT",48,6,-6,-22,96.6555184,93.97993311,99.33110368,36,-0.076923077,-3,-0.052631579,-2,-15,-0.070069205,-0.016071277,2.944115562,375000,0.00698174,0.136708093,0.882352941,0
202210,23060,"Fort Wayne, IN",125,7,4,3,96.32107023,98.99665552,93.64548495,30,0.188118812,4.75,0.071428571,2,-21,-0.165934179,-0.390160558,2.049546967,295000,-0.01633878,0.326140706,0.694117647,0
202210,45820,"Topeka, KS",198,8,2,3,95.48494983,96.98996656,93.97993311,33,0.128205128,3.75,0.178571429,5,-18,-0.125810309,-0.339180978,2.054094716,227000,-0.01261418,0.339233038,0.534117647,0
202210,19430,"Dayton-Kettering, OH",63,9,-12,-9,93.47826087,96.32107023,90.63545151,35,-0.113924051,-4.5,0.09375,3,-16,-0.089630577,-0.209175143,1.899257836,220000,0.048992729,0.158504476,0.517647059,0
202210,49340,"Worcester, MA-CT",59,9,-1,0,93.47826087,93.97993311,92.97658863,36,0.090909091,3,0.285714286,8,-15,-0.058058963,-0.248989362,2.02879026,449000,0.021208847,0.136708861,1.056470588,0
202210,35300,"New Haven-Milford, CT",64,11,-2,-61,93.14381271,90.96989967,95.31772575,37,-0.038961039,-1.5,-0.159090909,-7,-14,-0.125322962,-0.091397268,2.201993058,350000,-0.006951341,0.076923077,0.823529412,0
202210,44140,"Springfield, MA",81,12,1,0,92.64214047,89.29765886,95.98662207,38,0.04109589,1.5,0.225806452,7,-13,-0.084345962,-0.25201769,2.239613411,349900,-0.000285714,0.166722241,0.823294118,0
202210,29200,"Lafayette-West Lafayette, IN",205,13,5,3,91.80602007,93.97993311,89.63210702,36,0.107692308,3.5,0.220338983,6.5,-15,-0.185074321,-0.306470557,1.869642625,299500,0.02832618,0.380184332,0.704705882,0
202210,44100,"Springfield, IL",208,14,-32,-89,91.13712375,93.97993311,88.29431438,36,-0.181818182,-8,-0.1,-4,-15,-0.061956796,-0.045626155,1.820983166,194000,-0.053427665,0.644067797,0.456470588,1
202210,14460,"Boston-Cambridge-Newton, MA-NH",10,15,-2,-12,89.96655518,97.32441472,82.60869565,32,-0.085714286,-3,0.066666667,2,-19,-0.091971987,-0.213084337,1.692643354,745000,0.004076957,0.103703704,1.752941176,0
202210,35980,"Norwich-New London, CT",183,16,-37,-34,89.29765886,82.27424749,96.32107023,42.5,-0.114583333,-5.5,0.011904762,0.5,-8.5,-0.120611214,-0.102416522,2.25119571,399900,0,0.145845272,0.940941177,0
202210,39300,"Providence-Warwick, RI-MA",38,17,-6,4,89.13043478,90.96989967,87.2909699,37,-0.063291139,-2.5,0.275862069,8,-14,-0.112225727,-0.320512635,1.783919461,469900,-0.015658549,0.068197318,1.105647059,0
202210,38860,"Portland-South Portland, ME",97,17,8,1,89.13043478,79.26421405,98.99665552,43.5,0.12987013,5,0.208333333,7.5,-7.5,-0.132498415,-0.282479231,2.847038196,547000,0.012728535,0.189130435,1.287058824,0
202210,10420,"Akron, OH",76,19,2,-43,88.9632107,93.97993311,83.94648829,36,-0.01369863,-0.5,-0.1,-4,-15,-0.10466506,-0.218183905,1.740629934,189000,-0.040609137,0.08,0.444705882,0
202210,39540,"Racine, WI",223,20,0,-39,88.46153846,93.97993311,82.94314381,36,-0.082802548,-3.25,-0.052631579,-2,-15,-0.140464368,-0.174079794,1.726689075,299900,-0.028427958,0.25010421,0.705647059,0
202210,21140,"Elkhart-Goshen, IN",233,21,7,18,88.29431438,97.32441472,79.26421405,32,0.040650407,1.25,0.254901961,6.5,-19,-0.162050152,-0.483050593,1.601968581,259900,0.009614451,0.156653316,0.611529412,0
202210,40420,"Rockford, IL",157,21,5,-35,88.29431438,84.28093646,92.30769231,40.5,0.038461538,1.5,0.065789474,2.5,-10.5,-0.038062525,-0.041614022,2.010660915,172500,-0.079754601,0.055368614,0.405882353,0
202210,33340,"Milwaukee-Waukesha, WI",39,23,-10,-78,87.95986622,90.96989967,84.94983278,37,-0.075,-3,-0.119047619,-5,-14,-0.023512175,-0.111851109,1.747942157,369900,0.042192746,0.345090909,0.870352941,0
202210,17140,"Cincinnati, OH-KY-IN",28,24,-2,-39,87.2909699,93.97993311,80.60200669,36,-0.046357616,-1.75,-0.052631579,-2,-15,-0.085204589,-0.215237117,1.631085236,324900,-0.00015387,0.083,0.764470588,0
202210,40220,"Roanoke, VA",155,25,-30,-101,86.95652174,79.59866221,94.31438127,43,-0.094736842,-4.5,-0.156862745,-8,-8,-0.04268047,-0.078493527,2.09755448,335000,-0.006671609,0.143539853,0.788235294,0
202210,29540,"Lancaster, PA",106,26,-12,-51,86.28762542,87.2909699,85.28428094,39,-0.093023256,-4,-0.133333333,-6,-12,-0.053608989,-0.267408364,1.749801992,377727.5,0.095021018,0.180398438,0.888770588,0
202210,18180,"Concord, NH",279,26,4,5,86.28762542,74.24749164,98.3277592,44,0.047619048,2,0.157894737,6,-7,0.001445226,-0.348706181,2.658010044,475000,-0.012576655,0.218261093,1.117647059,0
202210,11540,"Appleton, WI",193,28,-11,-46,85.6187291,74.24749164,96.98996656,44,-0.022222222,-1,-0.073684211,-3.5,-7,-0.069744676,-0.1721528,2.296032018,385400,0.028633044,0.289178792,0.906823529,0
202210,36780,"Oshkosh-Neenah, WI",235,29,-7,-54,84.61538462,74.24749164,94.98327759,44,-0.011235955,-0.5,-0.063829787,-3,-7,-0.102444855,-0.147711234,2.197231904,267450,-0.018171806,0.119037657,0.629294118,0
202210,39660,"Rapid City, SD",280,30,6,12,84.28093646,96.32107023,72.24080268,35,0.029411765,1,0.060606061,2,-16,-0.149726114,-0.412762987,1.4758133,399900,0,0.154445728,0.940941177,0
202210,15940,"Canton-Massillon, OH",128,31,1,-21,83.77926421,90.96989967,76.58862876,37,0.01369863,0.5,0.121212121,4,-14,-0.044460959,-0.21255669,1.542387589,180000,-0.063475546,0.000555864,0.423529412,0
202210,43780,"South Bend-Mishawaka, IN-MI",160,32,5,-18,82.10702341,90.96989967,73.24414716,37,-0.006711409,-0.25,-0.051282051,-2,-14,-0.143297443,-0.343310914,1.500453864,275000,-0.017506252,0.241534989,0.647058824,0
202210,31140,"Louisville/Jefferson County, KY-IN",44,33,4,9,81.77257525,90.96989967,72.57525084,37,0.01369863,0.5,0.213114754,6.5,-14,-0.103115054,-0.330743909,1.478569975,299900,-0.000166694,0.157915058,0.705647059,0
202210,30140,"Lebanon, PA",296,34,9,-34,80.60200669,89.29765886,71.90635452,38,0.216,6.75,0.04109589,1.5,-13,-0.124938853,-0.251500678,1.465109855,349163,0.084365562,0.569624635,0.82156,1
202210,28940,"Knoxville, TN",61,35,4,-5,79.93311037,74.24749164,85.6187291,44,0.073170732,3,0.128205128,5,-7,-0.080742501,-0.333151587,1.754297025,425000,0.006036217,0.309909077,1,0
202210,10900,"Allentown-Bethlehem-Easton, PA-NJ",65,36,-42,-39,79.26421405,79.59866221,78.92976589,43,-0.044444444,-2,0.102564103,4,-8,-0.022730464,-0.221515584,1.593701034,350000,-0.016356585,0.169590643,0.823529412,0
202210,30780,"Little Rock-North Little Rock-Conway, AR",73,37,-10,-48,78.76254181,87.2909699,70.23411371,39,-0.037037037,-1.5,-0.093023256,-4,-12,-0.073014586,-0.317126781,1.439695398,295000,0.044340207,0.185214946,0.694117647,0
202210,45780,"Toledo, OH",87,37,-2,-93,78.76254181,84.61538462,72.909699,40,-0.036144578,-1.5,-0.069767442,-3,-11,-0.11744879,-0.207703323,1.485004224,169000,-0.060719744,0.024242424,0.397647059,0
202210,44180,"Springfield, MO",113,39,-11,2,78.59531773,87.2909699,69.89966555,39,-0.082352941,-3.5,0.181818182,6,-12,-0.116025444,-0.348237741,1.434579896,320000,-0.041126676,0.143265452,0.752941177,0
202210,48620,"Wichita, KS",90,40,-11,-82,78.26086957,74.24749164,82.27424749,44,-0.011235955,-0.5,-0.063829787,-3,-7,-0.080706105,-0.194400094,1.67683107,304475,0.048973334,0.383977273,0.716411765,0
202210,13740,"Billings, MT",221,41,-1,-19,77.25752508,67.55852843,86.95652174,45.5,0.034090909,1.5,-0.021505376,-1,-5.5,-0.108331431,-0.456745355,1.777331352,499444,0.010151186,0.110122249,1.175162353,0
202210,27500,"Janesville-Beloit, WI",264,42,-42,7,77.090301,59.53177258,94.64882943,47.5,-0.05,-2.5,0.283783784,10.5,-3.5,0.024547287,-0.138092856,2.164793133,303631,0.015828036,0.292046809,0.714425882,0
