data/RDC_Inventory_Hotness_Metrics_Metro_History.csv
month_date_yyyymm,cbsa_code,cbsa_title,nielsen_hh_rank,hotness_rank,hotness_rank_mm,hotness_rank_yy,hotness_score,supply_score,demand_score,median_days_on_market,median_days_on_market_mm,median_dom_mm_day,median_days_on_market_yy,median_dom_yy_day,median_dom_vs_us,ldp_unique_viewers_per_property_mm,ldp_unique_viewers_per_property_yy,ldp_unique_viewers_per_property_vs_us,median_listing_price,median_listing_price_mm,median_listing_price_yy,median_listing_price_vs_us,quality_flag
202210,29620,"Lansing-East Lansing, MI",101,43,-2,-22,76.92307692,82.60869565,71.23745819,42,0.05,2,0.105263158,4,-9,-0.069360149,-0.289552802,1.457754553,209900,0.049762441,0.166759311,0.493882353,0
202210,27740,"Johnson City, TN",209,44,25,38,76.42140468,53.17725753,99.66555184,49,0.166666667,7,0.633333333,19,-2,-0.114726455,-0.302301614,3.019702472,379950,0.001581653,0.245737705,0.894,1
202210,42540,"Scranton--Wilkes-Barre, PA",99,45,4,-3,76.08695652,60.53511706,91.63879599,47,0.056179775,2.5,0.093023256,4,-4,-0.089313011,-0.281324426,1.955257522,225000,-0.007498897,0.264044944,0.529411765,0
202210,28700,"Kingsport-Bristol, TN-VA",156,46,31,3,75.91973244,53.17725753,98.66220736,49,0.217391304,8.75,0.139534884,6,-2,-0.10005127,-0.274528215,2.728365055,289900,-0.000344828,0.115429011,0.682117647,0
202210,39740,"Reading, PA",132,47,-14,-86,75.08361204,79.59866221,70.56856187,43,-0.011494253,-0.5,-0.065217391,-3,-8,-0.066023955,-0.267376388,1.447532204,249900,0.023341523,0.015894955,0.588,0
202210,27620,"Jefferson City, MO",287,48,-23,40,74.74916388,74.24749164,75.25083612,44,-0.027624309,-1.25,0.466666667,14,-7,-0.109913883,-0.507209734,1.524274939,199900,-0.111456829,0.066986923,0.470352941,0
202210,48140,"Wausau-Weston, WI",258,49,-24,-117,74.08026756,56.85618729,91.30434783,48.5,-0.005128205,-0.25,-0.03,-1.5,-2.5,-0.048307182,-0.029572823,1.939451493,278905,-0.068763053,0.116066427,0.656247059,0
202210,14010,"Bloomington, IL",259,50,-7,-197,73.57859532,72.909699,74.24749164,44.5,0.011363636,0.5,-0.160377358,-8.5,-6.5,-0.092875817,-0.039764644,1.513314869,234000,0.09614709,0.672623302,0.550588235,1
202210,31540,"Madison, WI",77,51,-25,-51,73.41137124,58.19397993,88.62876254,48,0,0,0.021276596,1,-3,-0.075719301,-0.196675875,1.828591455,409900,0.012098765,0.093066667,0.964470588,0
202210,11100,"Amarillo, TX",190,52,8,-73,71.90635452,68.22742475,75.58528428,45,0.125,5,0.046511628,2,-6,-0.032676491,-0.189303876,1.52955044,325000,-0.004594181,0.068376068,0.764705882,0
202210,19340,"Davenport-Moline-Rock Island, IA-IL",134,52,21,-194,71.90635452,74.24749164,69.56521739,44,0.113924051,4.5,-0.12,-6,-7,-0.187191249,0.008156922,1.433672259,199900,-0.092026045,0.480746225,0.470352941,0
202210,25860,"Hickory-Lenoir-Morganton, NC",146,54,17,18,71.07023411,53.17725753,88.9632107,49,0.113636364,5,0.225,9,-2,-0.097913675,-0.472062367,1.834326685,339900,0.000662398,0.263568773,0.799764706,0
202210,20740,"Eau Claire, WI",243,55,-49,-68,70.06688963,49.1638796,90.96989967,50,-0.056603774,-3,0.111111111,5,-1,-0.056719729,-0.035703791,1.907725144,369900,0.00332271,0.321543408,0.870352941,0
202210,17460,"Cleveland-Elyria, OH",32,56,-18,-39,69.56521739,60.53511706,78.59531773,47,0.02173913,1,0.068181818,3,-4,-0.087863806,-0.244138394,1.593064431,209900,-0.043517886,0.105318589,0.493882353,0
202210,28020,"Kalamazoo-Portage, MI",174,57,-48,-106,69.06354515,86.62207358,51.50501672,39.5,-0.081395349,-3.5,0.012820513,0.5,-11.5,-0.043742049,-0.227337248,1.148511165,287200,-0.02627564,0.026080743,0.675764706,0
202210,47940,"Waterloo-Cedar Falls, IA",244,58,9,-211,68.89632107,79.59866221,58.19397993,43,0.02994012,1.25,-0.203703704,-11,-8,-0.211486686,-0.110800071,1.235565725,239000,0.023971209,0.594396264,0.562352941,1
202210,24340,"Grand Rapids-Kentwood, MI",52,59,0,-48,68.39464883,87.2909699,49.49832776,39,0.026315789,1,0.083333333,3,-12,-0.096529013,-0.304527415,1.133217466,355000,-0.026864035,0.163934426,0.835294118,0
202210,24660,"Greensboro-High Point, NC",72,60,-6,-91,68.39464883,68.22742475,68.56187291,45,0.022727273,1,0.022727273,1,-6,-0.105400155,-0.230798384,1.425407876,320500,-0.009954514,0.257109237,0.754117647,0
202210,34100,"Morristown, TN",300,61,-50,32,68.22742475,52.84280937,83.61204013,49.5,-0.066037736,-3.5,0.302631579,11.5,-1.5,-0.133195864,-0.389439747,1.73355667,359000,-0.047745358,0.181309641,0.844705882,0
202210,27900,"Joplin, MO",254,62,-36,-100,68.06020067,72.909699,63.21070234,44.5,-0.011111111,-0.5,0,0,-6.5,-0.068969322,-0.266642277,1.321137926,222000,-0.03151925,0.078717201,0.522352941,0
202210,40060,"Richmond, VA",43,62,-36,-201,68.06020067,79.59866221,56.52173913,43,-0.022727273,-1,-0.245614035,-14,-8,-0.074186669,-0.232454196,1.213228324,379850,0.000263331,0.085378747,0.893764706,0
202210,15500,"Burlington, NC",256,64,29,38,67.72575251,68.22742475,67.22408027,45,0.153846154,6,0.25,9,-6,-0.103742206,-0.448166329,1.409670748,355995,-0.001276476,0.227590131,0.837635294,0
202210,41180,"St. Louis, MO-IL",20,65,-30,-118,67.72575251,74.24749164,61.20401338,44,-0.011235955,-0.5,-0.022222222,-1,-7,-0.096490912,-0.241485689,1.279713046,275500,0.002000364,0.147916667,0.648235294,0
202210,26900,"Indianapolis-Carmel-Anderson, IN",34,66,2,-43,67.22408027,82.60869565,51.83946488,42,0.063291139,2.5,0.105263158,4,-9,-0.111034911,-0.330311752,1.152993574,299900,-0.000320837,0.090545455,0.705647059,0
202210,40980,"Saginaw, MI",226,67,11,-14,66.88963211,56.85618729,76.92307692,48.5,0.114942529,5,0.243589744,9.5,-2.5,-0.013834814,-0.220197803,1.55588221,159900,0.048868481,0.333611343,0.376235294,0
202210,16620,"Charleston, WV",179,68,-66,-96,66.88963211,49.1638796,84.61538462,50,-0.065420561,-3.5,0,0,-1,-0.031423129,-0.126038852,1.747300882,149900,0,0.03593642,0.352705882,0
202210,12700,"Barnstable Town, MA",192,68,-39,-108,66.88963211,43.47826087,90.30100334,51,-0.081081081,-4.5,-0.177419355,-11,0,-0.136867486,-0.198165772,1.898129224,775000,-0.027603513,0.048076273,1.823529412,0
202210,19820,"Detroit-Warren-Dearborn, MI",13,68,-6,-3,66.88963211,83.61204013,50.16722408,41,0.025,1,0.242424242,8,-10,-0.098348769,-0.378361712,1.135157154,250000,-0.051952977,0.029230136,0.588235294,0
202210,33780,"Monroe, MI",285,71,43,-26,66.72240803,43.47826087,89.96655518,51,0.214285714,9,0.02,1,0,-0.117508813,-0.288513028,1.876047235,258175,-0.024742657,0.076177574,0.607470588,0
202210,44060,"Spokane-Spokane Valley, WA",96,72,-11,-18,66.55518395,86.62207358,46.48829431,39.5,0.012820513,0.5,0.097222222,3.5,-11.5,-0.0512079,-0.383709916,1.10948006,469250,-0.012105263,0.043009558,1.104117647,0
202210,25420,"Harrisburg-Carlisle, PA",93,73,13,-15,66.05351171,64.21404682,67.89297659,46,0.033707865,1.5,0,0,-5,-0.176382848,-0.404142494,1.411686882,299950,0.02197615,0.209475807,0.705764706,0
202210,17900,"Columbia, SC",68,74,27,42,65.88628763,74.24749164,57.52508361,44,0.173333333,6.5,0.517241379,15,-7,-0.114771887,-0.411639807,1.227489819,305000,-0.006886671,0.093189964,0.717647059,1
202210,11460,"Ann Arbor, MI",141,75,9,-151,65.71906355,60.53511706,70.90301003,47,0.062146893,2.75,-0.287878788,-19,-4,-0.093462566,-0.267488422,1.454493016,449000,-0.001845141,0.081927711,1.056470588,0
202210,42100,"Santa Cruz-Watsonville, CA",194,76,-33,-99,65.55183947,68.22742475,62.87625418,45,-0.016393443,-0.75,-0.117647059,-6,-6,-0.061395527,-0.335501219,1.317895803,1349000,-0.026695527,0.0792,3.174117647,0
202210,47380,"Waco, TX",184,77,43,33,65.2173913,53.17725753,77.25752508,49,0.180722892,7.5,0.139534884,6,-2,-0.133309347,-0.51229584,1.564601573,325000,-0.034031803,0.186131387,0.764705882,0
202210,17860,"Columbia, MO",214,78,26,53,65.05016722,63.5451505,66.55518395,46.5,0.107142857,4.5,0.5,15.5,-4.5,-0.081430821,-0.372053132,1.400133953,349950,0.007765946,0.29659133,0.823411765,0
202210,13780,"Binghamton, NY",189,79,-8,-25,64.88294314,36.4548495,93.31103679,53.5,0.038834951,2,0.126315789,6,2.5,-0.056864253,-0.089968544,2.046900958,210000,0.091476091,0.320754717,0.494117647,0
202210,20260,"Duluth, MN-WI",164,80,18,-43,64.71571906,36.78929766,92.64214047,53,0.092783505,4.5,0,0,2,-0.089446056,-0.189804235,2.025085715,253900,0.005644123,0.274278545,0.597411765,0
202210,32820,"Memphis, TN-MS-AR",46,80,23,57,64.71571906,64.21404682,65.2173913,46,0.069767442,3,0.352941176,12,-5,-0.114730054,-0.433825363,1.357203955,319900,0.012181617,0.207169811,0.752705882,0
202210,21060,"Elizabethtown-Fort Knox, KY",282,82,-125,-54,64.21404682,74.24749164,54.18060201,44,-0.124378109,-6.25,0,0,-7,0.011321279,-0.386704068,1.183256327,314000,0.04249668,0.16339385,0.738823529,0
202210,16540,"Chambersburg-Waynesboro, PA",277,83,-67,-96,63.87959866,59.53177258,68.22742475,47.5,-0.05,-2.5,0.079545455,3.5,-3.5,-0.034044977,-0.151692094,1.415728287,289900,-0.032699366,0.207916667,0.682117647,0
202210,49180,"Winston-Salem, NC",86,84,-38,7,63.71237458,68.22742475,59.19732442,45,-0.02173913,-1,0.153846154,6,-6,-0.095958292,-0.375700059,1.247866267,319990,0.01584127,0.185587255,0.752917647,0
202210,11700,"Asheville, NC",111,84,-13,-65,63.71237458,39.7993311,87.62541806,52,0.019607843,1,-0.087719298,-5,1,-0.087237776,-0.278263099,1.785642273,529000,0.012440191,0.125771441,1.244705882,0
202210,16860,"Chattanooga, TN-GA",98,86,22,41,63.5451505,53.17725753,73.91304348,49,0.101123596,4.5,0.152941176,6.5,-2,-0.106457123,-0.453482393,1.505868124,399250,-0.000500688,0.140714286,0.939411765,0
202210,22660,"Fort Collins, CO",140,86,10,-56,63.5451505,74.24749164,52.84280937,44,0.1,4,0.128205128,5,-7,-0.069271319,-0.280145319,1.169319579,610000,-0.017555162,0.102386396,1.435294118,0
202210,46340,"Tyler, TX",206,88,45,-11,63.37792642,49.1638796,77.59197324,50,0.149425287,6.5,0,0,-1,-0.153523544,-0.401582452,1.57534077,399000,0.015267176,0.140039087,0.938823529,0
202210,27180,"Jackson, TN",245,89,26,36,62.54180602,58.19397993,66.88963211,48,0.078651685,3.5,0.090909091,4,-3,-0.165259779,-0.541451545,1.408133363,269000,0.02388429,0.376663255,0.632941177,0
202210,21780,"Evansville, IN-KY",158,90,37,6,62.37458194,64.21404682,60.53511706,46,0.095238095,4,0.210526316,8,-5,-0.166326257,-0.343981717,1.269806024,225000,0.028101439,0.25,0.529411765,0
202210,41500,"Salinas, CA",154,91,22,-22,62.37458194,36.78929766,87.95986622,53,0.115789474,5.5,0.06,3,2,-0.101953279,-0.24587657,1.791731824,899990,-0.064945455,-0.172042318,2.117623529,1
202210,34740,"Muskegon, MI",248,91,-45,-99,62.37458194,84.61538462,40.13377926,40,-0.075144509,-3.25,0.025641026,1,-11,-0.011911052,-0.178044267,1.054871163,229700,-0.033554223,0.120761161,0.540470588,0
202210,37900,"Peoria, IL",130,93,-9,-92,62.04013378,49.1638796,74.91638796,50,0.063829787,3,0.063829787,3,-1,-0.027887541,-0.159127615,1.522544698,149500,-0.002335669,0.346846847,0.351764706,0
202210,31180,"Lubbock, TX",165,94,9,-65,60.86956522,89.29765886,32.44147157,38,0.055555556,2,-0.11627907,-5,-13,-0.100694299,-0.430363771,0.966008041,318000,0.020089017,0.122683142,0.748235294,0
202210,49660,"Youngstown-Warren-Boardman, OH-PA",103,95,13,-26,60.70234114,43.47826087,77.92642141,51,0.096774194,4.5,0.085106383,4,0,-0.081777713,-0.24746997,1.576813403,149900,0.006040268,0.153964588,0.352705882,0
202210,22520,"Florence-Muscle Shoals, AL",267,96,-104,-158,60.36789298,79.59866221,41.13712375,43,-0.173076923,-9,-0.180952381,-9.5,-8,-0.134066054,-0.257769476,1.077235688,279900,0.022559138,0.406532663,0.658588235,0
202210,35660,"Niles, MI",270,97,17,-134,60.36789298,53.17725753,67.55852843,49,0.065217391,3,-0.117117117,-6.5,-2,-0.168161181,-0.226733702,1.410294089,379950,0.048171183,0.142878628,0.894,0
202210,34980,"Nashville-Davidson--Murfreesboro--Franklin, TN",35,98,4,80,60.2006689,98.66220736,21.73913044,31,0,0,0.55,11,-20,-0.124997895,-0.593916111,0.854500271,525000,-0.007397254,0.153846154,1.235294118,1
202210,16700,"Charleston-North Charleston, SC",67,99,11,-5,59.86622074,64.21404682,55.51839465,46,0.045454545,2,0.179487179,7,-5,-0.144508483,-0.361305226,1.195214979,494394,-0.011211011,0.043025316,1.16328,0
202210,42200,"Santa Maria-Santa Barbara, CA",142,100,14,78,59.3645485,32.10702341,86.62207358,54,0.090909091,4.5,0.479452055,17.5,3,-0.109704523,-0.355214069,1.767869878,1150000,-0.08,-0.090909091,2.705882353,0
202210,33460,"Minneapolis-St. Paul-Bloomington, MN-WI",15,101,-26,-93,58.52842809,87.2909699,29.76588629,39,-0.037037037,-1.5,0.054054054,2,-12,-0.071462763,-0.117527648,0.933444832,405000,-0.015396883,0.157142857,0.952941177,0
202210,40340,"Rochester, MN",202,102,-15,-71,58.36120401,53.17725753,63.5451505,49,0.053763441,2.5,0.139534884,6,-2,-0.07699809,-0.169972682,1.332104442,384900,0.030522088,0.13539823,0.905647059,0
202210,31340,"Lynchburg, VA",182,102,-43,-53,58.36120401,36.78929766,79.93311037,53,0,0,0.104166667,5,2,-0.028371334,-0.179208332,1.619194885,329900,0.041844308,0.137978613,0.776235294,0
202210,40900,"Sacramento-Roseville-Folsom, CA",29,104,-25,43,58.19397993,60.53511706,55.85284281,47,0.044444444,2,0.424242424,14,-4,-0.066008566,-0.371954638,1.205780826,599000,-0.001665835,0.008078088,1.409411765,0
202210,45220,"Tallahassee, FL",138,105,-64,-133,57.85953177,68.22742475,47.4916388,45,-0.02173913,-1,-0.042553191,-2,-6,-0.05419375,-0.166434863,1.116968965,318000,0.032635168,0.178214153,0.748235294,0
202210,41740,"San Diego-Chula Vista-Carlsbad, CA",19,105,-14,-24,57.85953177,84.61538462,31.10367893,40,0,0,0.142857143,5,-11,-0.066303852,-0.322836501,0.960016379,890000,0.002749675,0.078859803,2.094117647,0
202210,19100,"Dallas-Fort Worth-Arlington, TX",4,107,11,13,57.52508361,68.22742475,46.82274248,45,0.046511628,2,0.216216216,8,-6,-0.100717022,-0.384011053,1.110208182,449999,-0.007725973,0.127817043,1.058821176,0
202210,39060,"Pottsville, PA",289,108,18,-7,57.35785953,49.1638796,65.55183947,50,0.111111111,5,0.136363636,6,-1,-0.098111654,-0.313393197,1.368727386,129900,-0.01943763,0.202777778,0.305647059,0
202210,16740,"Charlotte-Concord-Gastonia, NC-SC",22,109,11,79,57.02341137,68.22742475,45.81939799,45,0.046511628,2,0.40625,13,-6,-0.083891465,-0.498592106,1.108713173,412990,-0.016573402,0.040277078,0.971741177,0
202210,19740,"Denver-Aurora-Lakewood, CO",18,109,6,44,57.02341137,90.96989967,23.07692308,37,0.027777778,1,0.541666667,13,-14,-0.092328067,-0.469739401,0.867343139,620000,-0.008,0.016393443,1.458823529,1
202210,42340,"Savannah, GA",139,111,39,-80,56.85618729,49.1638796,64.54849498,50,0.136363636,6,-0.019607843,-1,-1,-0.130334883,-0.306174836,1.350152352,399990,0.000231309,0.177917037,0.941152941,0
202210,33660,"Mobile, AL",122,112,-61,-58,56.68896321,59.53177258,53.84615385,47.5,-0.05,-2.5,0.055555556,2.5,-3.5,-0.112036991,-0.3338132,1.182671956,249000,0,0.251256281,0.585882353,0
202210,49620,"York-Hanover, PA",118,113,15,-104,56.35451505,43.47826087,69.23076923,51,0.090909091,4.25,-0.055555556,-3,0,-0.069738468,-0.246707063,1.429628045,339995,0.032007892,0.291528965,0.799988235,0
202210,14860,"Bridgeport-Stamford-Norwalk, CT",62,114,-13,-88,56.18729097,23.07692308,89.29765886,58,0.045045045,2.5,0.01754386,1,7,-0.069373997,-0.078513947,1.8528815,799000,0.027653394,0.143061517,1.88,0
202210,33700,"Modesto, CA",119,115,3,52,56.02006689,64.21404682,47.82608696,46,0.045454545,2,0.533333333,16,-5,-0.122820966,-0.384638472,1.118931833,470000,-0.005291005,-0.005185734,1.105882353,1
202210,16980,"Chicago-Naperville-Elgin, IL-IN-WI",3,116,-15,-108,55.85284281,84.61538462,27.090301,40,-0.012345679,-0.5,-0.047619048,-2,-11,-0.089830343,-0.180405887,0.907156702,339900,-0.000294118,0.033130699,0.799764706,0
202210,24860,"Greenville-Anderson, SC",60,117,-22,5,55.68561873,60.53511706,50.8361204,47,0,0,0,0,-4,-0.136122993,-0.467892859,1.147180087,345000,-0.012734297,0.029850746,0.811764706,0
202210,44300,"State College, PA",273,118,-13,-33,55.68561873,36.78929766,74.5819398,53,0.044334975,2.25,0.019230769,1,2,-0.078897356,-0.288630722,1.52202965,375000,-0.001929603,0.339764202,0.882352941,0
202210,49740,"Yuma, AZ",260,119,28,26,55.35117057,67.55852843,43.14381271,45.5,0.070588235,3,0.034090909,1.5,-5.5,-0.115893547,-0.496333497,1.089166221,310000,-0.015873016,0.112406926,0.729411765,0
202210,42020,"San Luis Obispo-Paso Robles, CA",180,120,-34,7,55.18394649,30.76923077,79.59866221,55.5,-0.022026432,-1.25,0.15625,7.5,4.5,-0.105825572,-0.271326061,1.606184321,929000,-0.021564549,-0.022105263,2.185882353,0
202210,12540,"Bakersfield, CA",83,121,14,74,54.84949833,64.21404682,45.48494983,46,0.045454545,2,0.483870968,15,-5,-0.138936347,-0.433107532,1.107734107,380000,-0.018086587,0.151864201,0.894117647,0
202210,36540,"Omaha-Council Bluffs, NE-IA",57,121,-37,-21,54.84949833,84.61538462,25.08361204,40,-0.069767442,-3,0.052631579,2,-11,-0.091885143,-0.414866323,0.886053333,387500,0.027851459,0.359649123,0.911764706,0
202210,21660,"Eugene-Springfield, OR",127,123,-7,-152,54.68227425,74.24749164,35.11705686,44,0.011494253,0.5,-0.228070175,-13,-7,-0.117992414,-0.288322939,0.992283126,508500,0.014064284,0.117582418,1.196470588,0
202210,23420,"Fresno, CA",71,124,6,110,54.34782609,64.21404682,44.48160535,46,0.057471264,2.5,0.769230769,20,-5,-0.080512233,-0.526456009,1.10081238,425550,-0.011526959,0.064141035,1.001294118,1
202210,21500,"Erie, PA",177,124,58,-45,54.34782609,25.4180602,83.27759197,57,0.212765957,10,0,0,6,-0.132636665,-0.235795732,1.728623122,200000,0.059310812,0.333333333,0.470588235,0
202210,41060,"St. Cloud, MN",220,126,-51,-107,54.18060201,64.21404682,44.14715719,46,0,0,0.045454545,2,-5,-0.025629055,-0.119380358,1.092319429,335000,0.01545923,0.17564485,0.788235294,0
202210,30100,"Lebanon, NH-VT",197,127,11,-40,54.01337793,10.36789298,97.65886288,64,0.132743363,7.5,-0.104895105,-7.5,13,-0.002001797,-0.125984831,2.347565799,424850,-0.000352941,0.291337386,0.999647059,0
202210,14500,"Boulder, CO",152,128,-13,28,53.84615385,79.59866221,28.09364549,43,0.023809524,1,0.194444444,7,-8,-0.079702833,-0.456418821,0.918404235,822450,-0.014439784,0.034528302,1.935176471,0
