data/RDC_Inventory_Hotness_Metrics_Metro_History.csv
month_date_yyyymm,cbsa_code,cbsa_title,nielsen_hh_rank,hotness_rank,hotness_rank_mm,hotness_rank_yy,hotness_score,supply_score,demand_score,median_days_on_market,median_days_on_market_mm,median_dom_mm_day,median_days_on_market_yy,median_dom_yy_day,median_dom_vs_us,ldp_unique_viewers_per_property_mm,ldp_unique_viewers_per_property_yy,ldp_unique_viewers_per_property_vs_us,median_listing_price,median_listing_price_mm,median_listing_price_yy,median_listing_price_vs_us,quality_flag
202210,29700,"Laredo, TX",228,129,-59,-89,53.84615385,53.17725753,54.51505017,49,-0.048543689,-2.5,-0.125,-7,-2,-0.102757774,-0.380132508,1.186611401,239900,-0.000416667,0.066696309,0.564470588,0
202210,41860,"San Francisco-Oakland-Berkeley, CA",12,130,9,-10,53.67892977,89.29765886,18.06020067,38,0,0,0.266666667,8,-13,-0.100482485,-0.290549771,0.803541493,1089000,0.000459348,0.09403255,2.562352941,0
202210,47300,"Visalia, CA",149,131,-10,100,53.51170569,31.10367893,75.91973244,55,0.037735849,2,0.428571429,16.5,4,-0.0944323,-0.459572633,1.529943169,399900,-0.000231254,0.096923731,0.940941177,0
202210,48660,"Wichita Falls, TX",290,132,54,83,53.01003345,68.22742475,37.79264214,45,0.2,7.5,0.25,9,-6,-0.093845848,-0.507701451,1.020660643,185000,-0.020256852,0.121892056,0.435294118,0
202210,22220,"Fayetteville-Springdale-Rogers, AR",107,133,-12,78,52.84280937,39.7993311,65.88628763,52,0.04,2,0.268292683,11,1,-0.080303506,-0.405724637,1.372102538,414994,0.018390184,0.185697143,0.976456471,0
202210,26580,"Huntington-Ashland, WV-KY-OH",147,134,10,8,52.17391304,18.06020067,86.28762542,60,0.111111111,6,0.132075472,7,9,-0.095507025,-0.276764589,1.760396341,179900,0.014378348,0.223809524,0.423294118,0
202210,13820,"Birmingham-Hoover, AL",50,135,-14,-104,52.00668896,60.53511706,43.47826087,47,0.032967033,1.5,-0.113207547,-6,-4,-0.091368765,-0.332238837,1.091087925,279900,-0.008677174,-0.017894737,0.658588235,0
202210,45060,"Syracuse, NY",84,135,-32,-87,52.00668896,18.06020067,85.95317726,60,0.016949153,1,0.016949153,1,9,-0.077983504,-0.100413984,1.759683983,217000,-0.013299989,0.142706688,0.510588235,0
202210,30980,"Longview, TX",181,137,67,19,51.83946488,25.4180602,78.26086957,57,0.239130435,11,0.075471698,4,6,-0.1292451,-0.400001316,1.578156301,299999.5,0.004602763,0.153897488,0.705881177,0
202210,28420,"Kennewick-Richland, WA",178,138,-77,47,51.83946488,74.24749164,29.43143813,44,-0.12,-6,0.257142857,9,-7,-0.169813191,-0.456867464,0.926039175,549000,0.019972132,0.074679456,1.291764706,0
202210,17820,"Colorado Springs, CO",74,139,59,124,51.6722408,60.53511706,42.80936455,47,0.189873418,7.5,1.238095238,26,-4,-0.097328325,-0.515129283,1.088187129,499900,-0.009068834,0.039093314,1.176235294,1
202210,48900,"Wilmington, NC",162,140,27,55,51.50501672,29.43143813,73.57859532,56,0.071770335,3.75,0.217391304,10,5,-0.216756579,-0.366528462,1.505091294,529900,-0.019883474,0.127686742,1.246823529,0
202210,42140,"Santa Fe, NM",257,141,-44,-60,51.17056856,21.40468227,80.93645485,59,0,0,-0.180555556,-13,8,-0.022094047,-0.265044586,1.635360916,775000,-0.085491769,0.139705882,1.823529412,0
202210,12620,"Bangor, ME",268,141,48,-59,51.17056856,18.06020067,84.28093646,60,0.153846154,8,0.034482759,2,9,-0.144810375,-0.150478062,1.745045216,249900,0.022294948,0.136425648,0.588,0
202210,17980,"Columbus, GA-AL",159,143,-48,-71,50.8361204,72.909699,28.76254181,44.5,-0.011111111,-0.5,0.047058824,2,-6.5,-0.080518799,-0.265266381,0.919705215,230000,0.025869759,0.21116377,0.541176471,0
202210,47900,"Washington-Arlington-Alexandria, DC-VA-MD-WV",7,143,-13,-43,50.8361204,90.96989967,10.70234114,37,-0.063291139,-2.5,0.057142857,2,-14,-0.075562677,-0.220240762,0.725824172,573999.5,0.007105009,0.136632673,1.350587059,0
202210,37100,"Oxnard-Thousand Oaks-Ventura, CA",85,145,20,72,50.66889632,43.47826087,57.85953177,51,0.108695652,5,0.378378378,14,0,-0.089953949,-0.368819449,1.234069312,859999,-0.022117232,-0.010357883,2.023527059,0
202210,38300,"Pittsburgh, PA",23,146,9,-40,50.50167224,32.10702341,68.89632107,54,0.058823529,3,0.08,4,3,-0.124100245,-0.260535409,1.427478487,219900,-0.022666667,-0.022666667,0.517411765,0
202210,47260,"Virginia Beach-Norfolk-Newport News, VA-NC",36,147,14,-32,50.50167224,89.29765886,11.70568562,38,0.027027027,1,0.151515152,5,-13,-0.114608292,-0.197420272,0.732092091,359250,0.029517123,0.1975,0.845294118,0
202210,46140,"Tulsa, OK",54,148,-14,-65,50,60.53511706,39.46488294,47,0.056179775,2.5,0.02173913,1,-4,-0.054167988,-0.304723258,1.042952169,318910,0.011609833,0.203433962,0.750376471,0
202210,41940,"San Jose-Sunnyvale-Santa Clara, CA",37,148,0,-50,50,90.96989967,9.030100334,37,-0.038961039,-1.5,0,0,-14,-0.060649202,-0.299831378,0.676910528,1399000,0.000357526,0.097254902,3.291764706,0
202210,24780,"Greenville, NC",230,150,27,44,49.83277592,39.7993311,59.86622074,52,0.100529101,4.75,0.195402299,8.5,1,-0.13190086,-0.367876673,1.252061583,346600,0.035569698,0.3864,0.815529412,0
202210,15380,"Buffalo-Cheektowaga, NY",47,151,42,-22,49.49832776,36.78929766,62.20735786,53,0.152173913,7,0.06,3,2,-0.108454438,-0.3354966,1.30477973,239900,0,0.066222222,0.564470588,0
202210,14540,"Bowling Green, KY",236,152,-30,-24,48.99665552,64.21404682,33.77926421,46,-0.051546392,-2.5,0.022222222,1,-5,-0.188756954,-0.428351313,0.976541595,334900,-0.006426778,0.19649875,0.788,0
202210,36837,"Ottawa, IL",284,153,40,-81,48.49498328,32.10702341,64.88294314,54,0.161290323,7.5,0.102040816,5,3,-0.077304633,-0.081705046,1.357082069,169900,0.038032687,0.176185531,0.399764706,0
202210,45460,"Terre Haute, IN",240,153,62,-55,48.49498328,25.4180602,71.57190636,57,0.212765957,10,0.096153846,5,6,-0.12249464,-0.207997037,1.458142636,150000,-0.016393443,0.111934767,0.352941177,0
202210,31420,"Macon-Bibb County, GA",207,155,-51,-126,48.3277592,72.909699,23.7458194,44.5,-0.032608696,-1.5,-0.152380952,-8,-6.5,-0.099102114,-0.181024853,0.882188456,225000,-0.042553191,0.062623973,0.529411765,0
202210,37980,"Philadelphia-Camden-Wilmington, PA-NJ-DE-MD",6,156,-37,-47,48.3277592,43.47826087,53.17725753,51,0,0,0.040816327,2,0,-0.08524211,-0.314005032,1.17302443,335000,0,0.047202251,0.788235294,0
202210,45860,"Torrington, CT",229,157,14,-70,47.4916388,3.010033445,91.97324415,71.5,0.222222222,13,-0.046666667,-3.5,20.5,-0.026606922,-0.033731614,1.968185284,537000,-0.022659023,0.09614207,1.263529412,0
202210,13980,"Blacksburg-Christiansburg, VA",265,158,32,-37,47.4916388,14.71571906,80.26755853,62.5,0.168224299,9,-0.094202899,-6.5,11.5,-0.135986351,-0.280743234,1.62911947,315000,0.089965398,0.212004617,0.741176471,0
202210,16820,"Charlottesville, VA",210,159,-60,-116,47.32441472,53.17725753,41.47157191,49,-0.08411215,-4.5,-0.251908397,-16.5,-2,-0.109330127,-0.292582334,1.077367568,499900,0.001803607,0.003815261,1.176235294,0
202210,45300,"Tampa-St. Petersburg-Clearwater, FL",17,160,71,127,46.98996656,43.47826087,50.50167224,51,0.159090909,7,0.416666667,15,0,-0.17995339,-0.528948381,1.14253935,425000,-0.010362091,0.133333333,1,0
202210,30700,"Lincoln, NE",150,160,-36,-47,46.98996656,84.61538462,9.364548495,40,-0.08045977,-3.5,0.052631579,2,-11,-0.084642996,-0.290441794,0.696125432,381000,0.00927286,0.220117528,0.896470588,0
202210,25940,"Hilton Head Island-Bluffton, SC",203,162,12,-10,45.98662207,15.71906355,76.2541806,61,0.089285714,5,0.033898305,2,10,-0.136858348,-0.326853949,1.53776194,629900,-0.015742802,0.213680154,1.482117647,0
202210,12580,"Baltimore-Columbia-Towson, MD",21,163,-16,-59,45.98662207,79.59866221,12.37458194,43,0.023809524,1,0.075,3,-8,-0.058159681,-0.250743503,0.740085157,340000,-0.024739351,0.046475839,0.8,0
202210,45540,"The Villages, FL",253,164,11,118,45.81939799,32.10702341,59.53177258,54,0.085427136,4.25,0.317073171,13,3,-0.111186967,-0.50293903,1.250222834,409000,-0.022057505,0.136426785,0.962352941,0
202210,45900,"Traverse City, MI",266,165,7,32,45.65217391,10.03344482,81.27090301,64.5,0.084033613,5,0.194444444,10.5,13.5,-0.160729226,-0.327704301,1.643758403,499900,-0.00010001,0.156105458,1.176235294,0
202210,26620,"Huntsville, AL",108,166,-9,128,45.65217391,82.60869565,8.695652174,42,0.05,2,1.1,22,-9,-0.062186125,-0.655911453,0.671056986,399000,0,0.155416558,0.938823529,1
202210,33860,"Montgomery, AL",144,167,-43,-86,45.48494983,56.85618729,34.11371238,48.5,-0.010204082,-0.5,-0.049019608,-2.5,-2.5,-0.096442464,-0.31520365,0.980132717,262000,-0.020377641,0.114893617,0.616470588,0
202210,39380,"Pueblo, CO",252,168,-8,86,45.31772575,74.24749164,16.38795987,44,0.023255814,1,0.571428571,16,-7,-0.094184052,-0.499597911,0.782740622,374900,-0.026233766,0.139513678,0.882117647,1
202210,22900,"Fort Smith, AR-OK",195,169,4,-12,45.15050167,39.13043478,51.17056856,52.5,0.071428571,3.5,0.071428571,3.5,1.5,-0.141009965,-0.396235419,1.147193694,239900,0.044178455,0.142925203,0.564470588,0
202210,13900,"Bismarck, ND",297,170,-29,-51,44.81605351,48.82943144,40.80267559,50.5,0.041237113,2,0.147727273,6.5,-0.5,-0.037975601,-0.198920647,1.075438449,372500,0.003569745,0.357012751,0.876470588,0
202210,27140,"Jackson, MS",104,170,-18,0,44.81605351,25.4180602,64.21404682,57,0.008849558,0.5,0,0,6,-0.129088783,-0.39874104,1.345057707,299000,0.004198153,0,0.703529412,0
202210,16300,"Cedar Rapids, IA",171,172,-59,28,44.81605351,68.22742475,21.40468227,45,-0.0625,-3,0.323529412,11,-6,-0.099094651,-0.330575028,0.853520745,289900,-0.006341045,0.320728929,0.682117647,0
202210,45940,"Trenton-Princeton, NJ",148,173,23,20,44.64882943,25.4180602,63.87959866,57,0.163265306,8,0.325581395,14,6,-0.049682931,-0.227645748,1.333759475,377500,0.006063029,0.120178042,0.888235294,0
202210,26140,"Homosassa Springs, FL",249,174,35,27,44.48160535,39.13043478,49.83277592,52.5,0.076923077,3.75,0.029411765,1.5,1.5,-0.210726512,-0.47178492,1.13503098,330000,0.031572366,0.18545128,0.776470588,0
202210,43620,"Sioux Falls, SD",173,175,7,-62,44.48160535,83.61204013,5.351170569,41,0.064935065,2.5,-0.023809524,-1,-10,-0.038614473,-0.244230479,0.616447285,350000,0.000285796,0.27295872,0.823529412,0
202210,37340,"Palm Bay-Melbourne-Titusville, FL",88,176,70,-34,44.31438127,43.47826087,45.15050167,51,0.133333333,6,-0.037735849,-2,0,-0.210923977,-0.424904044,1.102925023,379900,-0.000250003,0.040821918,0.893882353,0
202210,42660,"Seattle-Tacoma-Bellevue, WA",14,177,-4,-12,43.64548495,87.2909699,0,39,-0.012658228,-0.5,0.181818182,6,-12,-0.063838683,-0.360326324,0.381800724,750000,-0.01632894,0.111111111,1.764705882,0
202210,34060,"Morgantown, WV",283,177,43,-71,43.64548495,5.351170569,81.93979933,68,0.203539823,11.5,0.03030303,2,17,-0.160587712,-0.084223805,1.674807342,280000,0.020408163,0.073002491,0.658823529,0
202210,24580,"Green Bay, WI",153,179,-16,42,43.47826087,5.351170569,81.60535117,68,0.014925373,1,0.283018868,15,17,-0.043312072,-0.30585774,1.652976413,405400,0.034447563,0.283114417,0.953882353,0
202210,44700,"Stockton, CA",94,179,-9,83,43.47826087,56.85618729,30.10033445,48.5,0.065934066,3,0.46969697,15.5,-2.5,-0.070040187,-0.414537192,0.943117005,559975,-0.037388801,0.037817151,1.317588235,0
202210,24300,"Grand Junction, CO",278,181,66,104,42.97658863,43.47826087,42.47491639,51,0.146067416,6.5,0.416666667,15,0,-0.177387408,-0.420613694,1.084418622,469900,-0.019653353,0.102404692,1.105647059,0
202210,22420,"Flint, MI",126,182,-12,44,42.64214047,43.47826087,41.80602007,51,0.02,1,0.307692308,12,0,-0.110696961,-0.338755298,1.079142202,209900,-0.018356132,0.105318589,0.493882353,0
202210,12060,"Atlanta-Sandy Springs-Alpharetta, GA",9,183,13,-53,41.97324415,68.22742475,15.71906355,45,0.058823529,2.5,-0.02173913,-1,-6,-0.125673628,-0.393435919,0.773254168,412000,-0.018814003,0.048666259,0.969411765,0
202210,49700,"Yuba City, CA",286,184,29,117,41.47157191,29.43143813,53.51170569,56,0.154639175,7.5,0.435897436,17,5,-0.114803636,-0.441418553,1.175225262,450000,-0.010989011,0.046535966,1.058823529,0
202210,46060,"Tucson, AZ",53,184,21,36,41.47157191,68.22742475,14.71571906,45,0.084337349,3.5,0.323529412,11,-6,-0.112332817,-0.393919228,0.76687418,379000,-0.009393123,0.055710306,0.891764706,0
202210,25620,"Hattiesburg, MS",262,186,-31,-26,40.96989967,15.71906355,66.22073579,61,0.029535865,1.75,0.173076923,9,10,-0.023031657,-0.243110288,1.384665665,298200,0.066523605,0.340827338,0.701647059,0
202210,27340,"Jacksonville, NC",250,187,-22,33,40.96989967,49.1638796,32.77591973,50,0,0,0.25,10,-1,-0.143372746,-0.386424955,0.970632874,325000,0.01088647,0.413043478,0.764705882,0
202210,39580,"Raleigh-Cary, NC",42,188,30,178,40.46822743,58.19397993,22.74247492,48,0.129411765,5.5,1.285714286,27,-3,-0.083062712,-0.64626839,0.857744972,452000,-0.024235444,0.063529412,1.063529412,1
202210,22500,"Florence, SC",224,189,-12,-67,40.13377926,25.4180602,54.84949833,57,0.027027027,1.5,0.055555556,3,6,-0.136208975,-0.225257166,1.189038657,273369,0.02244472,0.259764977,0.643221177,0
202210,28660,"Killeen-Temple, TX",121,190,52,64,39.7993311,60.53511706,19.06354515,47,0.13253012,5.5,0.068181818,3,-4,-0.16758587,-0.582072583,0.815356547,315000,0.016130671,0.145871226,0.741176471,0
202210,24540,"Greeley, CO",166,191,34,33,39.63210702,68.22742475,11.0367893,45,0.125,5,0.285714286,10,-6,-0.12594722,-0.412133642,0.728940147,510000,-0.023923445,0.034472267,1.2,0
202210,33740,"Monroe, LA",225,192,-36,-68,39.13043478,23.07692308,55.18394649,58,-0.025210084,-1.5,-0.140740741,-9.5,7,-0.120635831,-0.33030354,1.192619478,242450,-0.034832803,0.058733624,0.570470588,0
202210,10580,"Albany-Schenectady-Troy, NY",55,193,-47,-86,38.79598662,15.71906355,61.8729097,61,-0.008130081,-0.5,-0.031746032,-2,10,-0.022355266,-0.138654546,1.290534547,347500,0.010174419,0.069230769,0.817647059,0
202210,36500,"Olympia-Lacey-Tumwater, WA",168,194,16,37,38.62876254,74.24749164,3.010033445,44,0.113924051,4.5,0.517241379,15,-7,-0.037216634,-0.317715631,0.594976421,549975,0.013788146,0.122397959,1.294058824,1
202210,14020,"Bloomington, IN",251,195,-18,-29,38.29431438,43.47826087,33.11036789,51,0.035532995,1.75,0.03030303,1.5,0,-0.083339873,-0.385432466,0.970892574,334500,-0.064204784,-0.001492537,0.787058824,0
202210,49420,"Yakima, WA",213,196,76,116,38.1270903,39.7993311,36.4548495,52,0.253012048,10.5,0.444444444,16,1,-0.063562324,-0.461033772,1.000094455,393850,-0.012783557,0.067344173,0.926705882,0
202210,46540,"Utica-Rome, NY",167,197,-5,-59,37.95986622,15.71906355,60.2006689,61,0.074889868,4.25,0.033898305,2,10,-0.116373182,-0.254000582,1.25874268,189000,0,0.022174148,0.444705882,0
202210,48540,"Wheeling, WV-OH",292,198,53,-56,37.79264214,13.04347826,62.54180602,63,0.166666667,9,0.05,3,12,-0.223684133,-0.227684138,1.311217055,155000,-0.062736206,0,0.364705882,0
202210,10740,"Albuquerque, NM",58,199,-14,-46,37.79264214,23.07692308,52.5083612,58,0.094339623,5,0.054545455,3,7,-0.040195362,-0.281967826,1.168129775,385000,0,0.069741595,0.905882353,0
202210,20500,"Durham-Chapel Hill, NC",89,200,13,166,37.2909699,49.1638796,25.4180602,50,0.111111111,5,0.612903226,19,-1,-0.119155357,-0.578516905,0.889873905,462412.5,0.00919909,-0.005564516,1.088029412,1
202210,10180,"Abilene, TX",261,201,22,-31,36.78929766,43.14381271,30.43478261,51.5,0.144444444,6.5,0.051020408,2.5,0.5,-0.097306437,-0.36538405,0.951352132,284182.5,0.010202177,0.13673,0.668664706,0
202210,36740,"Orlando-Kissimmee-Sanford, FL",25,202,30,144,36.28762542,25.4180602,47.15719064,57,0.163265306,8,0.390243902,16,6,-0.14536789,-0.511024616,1.112587304,445000,-0.009427137,0.141318287,1.047058824,0
202210,36420,"Oklahoma City, OK",41,203,-41,-11,36.28762542,58.19397993,14.3812709,48,0,0,0.11627907,5,-3,-0.094736911,-0.411122568,0.764958808,320000,-0.000765039,0.165121364,0.752941177,0
202210,16580,"Champaign-Urbana, IL",199,204,0,-54,35.95317726,39.7993311,32.10702341,52,0.072164948,3.5,0.106382979,5,1,-0.110778234,-0.180248439,0.965441859,199900,0.007433539,0.249765552,0.470352941,0
202210,31080,"Los Angeles-Long Beach-Anaheim, CA",2,204,-28,5,35.95317726,53.17725753,18.72909699,49,0.042553191,2,0.256410256,10,-2,-0.069329019,-0.342606945,0.813799454,939888,-0.010064838,0.016204995,2.211501176,0
202210,33260,"Midland, TX",242,206,-1,-58,35.6187291,43.47826087,27.75919732,51,0.073684211,3.5,0.0625,3,0,-0.10643067,-0.214461015,0.918127085,355000,0.014285714,0.092307692,0.835294118,0
202210,38900,"Portland-Vancouver-Hillsboro, OR-WA",24,207,-11,-35,35.45150502,68.22742475,2.675585284,45,0.022727273,1,0.046511628,2,-6,-0.089638781,-0.361263456,0.576019176,579900,-0.016952026,0.054459496,1.364470588,0
202210,35840,"North Port-Sarasota-Bradenton, FL",56,208,64,169,35.11705686,21.40468227,48.82943144,59,0.162561576,8.25,0.512820513,20,8,-0.267928851,-0.586109503,1.123214725,539900,-0.015416599,0.090707071,1.270352941,1
202210,12100,"Atlantic City-Hammonton, NJ",188,209,-15,-65,34.94983278,12.7090301,57.19063545,63.5,-0.037878788,-2.5,-0.0078125,-0.5,12.5,-0.185903277,-0.198029093,1.221850296,329000,0.012723168,0.115632418,0.774117647,0
202210,40580,"Rocky Mount, NC",293,209,-18,16,34.94983278,31.10367893,38.79598662,55,0.052631579,2.75,0.25,11,4,-0.088791689,-0.345738699,1.032422088,275000,-0.027925062,0.309835675,0.647058824,0
202210,25180,"Hagerstown-Martinsburg, MD-WV",172,209,-16,1,34.94983278,43.47826087,26.42140468,51,0.03030303,1.5,0.096774194,4.5,0,-0.126484021,-0.417335435,0.897096893,316990,-0.015559006,0.132107143,0.745858824,0
202210,39100,"Poughkeepsie-Newburgh-Middletown, NY",92,212,-38,-60,34.7826087,21.40468227,48.16053512,59,0.039647577,2.25,0.017241379,1,8,-0.033221997,-0.22970186,1.119497428,450499.5,-0.00880198,0.098779268,1.059998824,0
202210,20700,"East Stroudsburg, PA",272,213,10,-16,34.11371238,9.364548495,58.86287625,65,0.111111111,6.5,-0.015151515,-1,14,-0.172045141,-0.370384764,1.245268583,345000,-0.001302649,0.169491525,0.811764706,0
202210,46700,"Vallejo, CA",137,214,-2,144,34.11371238,39.7993311,28.42809365,52,0.106382979,5,0.677419355,21,1,-0.053601026,-0.468245609,0.918868648,606781,-0.026736707,0.012989983,1.42772,1
