data/RDC_Inventory_Hotness_Metrics_Metro_History.csv
month_date_yyyymm,cbsa_code,cbsa_title,nielsen_hh_rank,hotness_rank,hotness_rank_mm,hotness_rank_yy,hotness_score,supply_score,demand_score,median_days_on_market,median_days_on_market_mm,median_dom_mm_day,median_days_on_market_yy,median_dom_yy_day,median_dom_vs_us,ldp_unique_viewers_per_property_mm,ldp_unique_viewers_per_property_yy,ldp_unique_viewers_per_property_vs_us,median_listing_price,median_listing_price_mm,median_listing_price_yy,median_listing_price_vs_us,quality_flag
202210,41620,"Salt Lake City, UT",51,215,-15,99,33.44481605,63.5451505,3.344481605,46.5,0.04494382,2,0.86,21.5,-4.5,-0.067370739,-0.502060352,0.603021501,574500,-0.009481051,0.065106858,1.351764706,1
202210,35380,"New Orleans-Metairie, LA",45,216,-12,-50,33.27759197,18.06020067,48.49498328,60,0.052631579,3,-0.259259259,-21,9,-0.129372065,-0.372342106,1.122093759,328500,-0.002202141,-0.030973451,0.772941177,0
202210,42220,"Santa Rosa-Petaluma, CA",116,217,-18,-60,33.27759197,10.36789298,56.18729097,64,0.066666667,4,0.103448276,6,13,-0.087288081,-0.141437371,1.212585008,919000,-0.024416136,0.025097602,2.162352941,0
202210,21700,"Eureka-Arcata, CA",299,218,-8,201,33.11036789,5.351170569,60.86956522,68,0.007407407,0.5,1.125,36,17,-0.157640892,-0.50405586,1.273315724,495000,-0.009009009,0.004056795,1.164705882,1
202210,13380,"Bellingham, WA",196,218,-3,34,33.11036789,64.21404682,2.006688963,46,0.045454545,2,0.333333333,11.5,-5,-0.111688474,-0.384187365,0.555545388,638975,0.002706944,0.065135856,1.503470588,0
202210,42680,"Sebastian-Vero Beach, FL",238,220,16,122,32.94314381,9.030100334,56.85618729,65.5,0.11965812,7,0.393617021,18.5,14.5,-0.184603401,-0.474448476,1.218706763,429450,0.034819277,0.084497083,1.010470588,0
202210,43900,"Spartanburg, SC",163,221,50,61,31.93979933,39.7993311,24.08026756,52,0.195402299,8.5,0.106382979,5,1,-0.090644607,-0.543871896,0.882847805,304400,-0.007499185,0.097061468,0.716235294,0
202210,30460,"Lexington-Fayette, KY",105,222,-1,-21,31.77257525,32.10702341,31.43812709,54,0.102040816,5,0.058823529,3,3,-0.062047668,-0.35116466,0.960667175,385900,-0.002584647,0.237057221,0.908,0
202210,28140,"Kansas City, MO-KS",30,223,-35,-27,31.43812709,31.10367893,31.77257525,55,0.037735849,2,0.145833333,7,4,-0.034612964,-0.234631614,0.964738551,388475,0.002516129,0.213984375,0.914058824,0
202210,16060,"Carbondale-Marion, IL",298,223,-28,-61,31.43812709,23.07692308,39.7993311,58,0.008695652,0.5,-0.033333333,-2,7,-0.098752431,-0.191193785,1.051919043,124450,-0.04195535,0.069158076,0.292823529,0
202210,12020,"Athens-Clarke County, GA",219,225,-14,-42,31.27090301,29.09698997,33.44481605,56.5,0.081339713,4.25,0.066037736,3.5,5.5,-0.080871539,-0.327502811,0.973447562,390000,0.015956376,0.147396293,0.917647059,0
202210,38940,"Port St. Lucie, FL",110,225,33,140,31.27090301,25.4180602,37.12374582,57,0.14,7,0.357142857,15,6,-0.179664645,-0.508370343,1.014140491,449977,-5.11E-05,0.09244234,1.058769412,0
202210,41540,"Salisbury, MD-DE",120,225,14,-10,31.27090301,10.36789298,52.17391304,64,0.075630252,4.5,0.185185185,10,13,-0.218226669,-0.329664756,1.153912202,504900,0.009906545,0.152739726,1.188,0
202210,17660,"Coeur d'Alene, ID",239,228,-21,159,31.10367893,23.07692308,39.13043478,58,0.026548673,1.5,0.45,18,7,-0.087310266,-0.515903187,1.035113257,725000,-0.033236657,0.035862266,1.705882353,0
202210,27980,"Kahului-Wailuku-Lahaina, HI",274,229,-26,51,30.76923077,0,61.53846154,82.5,0.037735849,3,0.556603774,29.5,31.5,-0.030533105,-0.379238132,1.285737385,1395000,-0.012214551,0.167364017,3.282352941,1
202210,22020,"Fargo, ND-MN",175,230,47,-64,30.43478261,39.7993311,21.07023411,52,0.168539326,7.5,-0.161290323,-10,1,-0.15759511,-0.259906922,0.837286694,354875,-0.012262007,0.088951078,0.835,0
202210,20020,"Dothan, AL",271,231,-23,-10,30.10033445,18.06020067,42.14046823,60,0.071428571,4,0.2,10,9,-0.032564828,-0.260599209,1.079515836,258450,0.016219404,0.175306958,0.608117647,0
202210,36100,"Ocala, FL",135,232,59,121,30.10033445,36.78929766,23.41137124,53,0.177777778,8,0.277108434,11.5,2,-0.2054466,-0.538069602,0.873577104,318750,0.01772843,0.159090909,0.75,0
202210,25900,"Hilo, HI",222,233,-5,83,29.93311037,1.337792642,58.52842809,74,0.042253521,3,0.48,24,23,-0.148112898,-0.406216645,1.240173824,599450,-0.040803264,0.089909091,1.410470588,0
202210,15180,"Brownsville-Harlingen, TX",161,234,-14,6,29.76588629,21.07023411,38.46153846,59.5,0.021459227,1.25,0.0625,3.5,8.5,-0.133808158,-0.439014637,1.02896647,321000,-0.023796852,0.127304653,0.755294118,0
202210,11260,"Anchorage, AK",143,235,-17,-15,29.43143813,23.07692308,35.78595318,58,0.099526066,5.25,0.260869565,12,7,-0.008924721,-0.086950035,0.994323945,430000,-0.021337127,0.228571429,1.011764706,0
202210,34820,"Myrtle Beach-Conway-North Myrtle Beach, SC-NC",102,236,39,96,28.76254181,21.40468227,36.12040134,59,0.123809524,6.5,0.340909091,15,8,-0.231120429,-0.474691538,0.998916778,379000,-0.009020787,0.038356164,0.891764706,0
202210,41420,"Salem, OR",131,236,-20,72,28.76254181,49.1638796,8.361204013,50,0.041666667,2,0.515151515,17,-1,-0.090431729,-0.40164863,0.653140841,489000,-0.016089156,0.086666667,1.150588235,1
202210,39820,"Redding, CA",237,238,-21,20,28.42809365,36.78929766,20.06688963,53,0.034146341,1.75,0.23255814,10,2,-0.08448941,-0.347828634,0.82621832,424900,-0.030406755,-0.040316206,0.999764706,0
202210,25060,"Gulfport-Biloxi, MS",129,239,-2,185,28.26086957,7.357859532,49.1638796,67,0.085020243,5.25,1.791666667,43,16,-0.148758901,-0.35905927,1.125541386,295000,0.017434341,0.206543967,0.694117647,1
202210,22180,"Fayetteville, NC",112,239,73,106,28.26086957,32.10702341,24.41471572,54,0.227272727,10,0.367088608,14.5,3,-0.140399954,-0.468064024,0.884585844,334925,0.019448431,0.459686206,0.788058824,0
202210,14740,"Bremerton-Silverdale-Port Orchard, WA",176,241,30,49,27.75919732,49.1638796,6.35451505,50,0.136363636,6,0.388888889,14,-1,-0.122162759,-0.340481556,0.623510606,599000,-0.012361964,0.003350084,1.409411765,0
202210,36260,"Ogden-Clearfield, UT",100,242,8,166,27.59197324,49.1638796,6.02006689,50,0.111111111,5,1.173913043,27,-1,-0.119431139,-0.590708058,0.618785358,525000,-0.014084507,0.082474227,1.235294118,1
202210,12260,"Augusta-Richmond County, GA-SC",95,243,-18,3,27.42474916,43.47826087,11.37123746,51,0.00990099,0.5,0.085106383,4,0,-0.142442111,-0.449465986,0.730958731,312950,0.00219365,0.118077885,0.736352941,0
202210,26420,"Houston-The Woodlands-Sugar Land, TX",5,244,-8,-45,27.090301,53.17725753,1.003344482,49,0.065217391,3,-0.075471698,-4,-2,-0.101649424,-0.291829499,0.453756176,369000,-0.017310253,0.025284801,0.868235294,0
202210,39150,"Prescott Valley-Prescott, AZ",187,244,11,98,27.090301,10.36789298,43.81270903,64,0.132743363,7.5,0.361702128,17,13,-0.127927978,-0.448419759,1.092220302,624950,-0.035012546,0.056244893,1.470470588,0
202210,27260,"Jacksonville, FL",40,246,48,115,27.090301,32.10702341,22.0735786,54,0.14893617,7,0.384615385,15,3,-0.183766338,-0.488330325,0.856395731,400000,-0.018404908,0.126760563,0.941176471,0
202210,32900,"Merced, CA",218,247,-31,50,26.58862876,39.7993311,13.37792642,52,-0.071428571,-4,0.333333333,13,1,-0.143345928,-0.405970064,0.751477397,428000,-0.016601174,0.037575758,1.007058824,0
202210,23540,"Gainesville, FL",151,248,13,-23,26.2541806,15.71906355,36.78929766,61,0.099099099,5.5,0.070175439,4,10,-0.162711515,-0.298851924,1.005953868,344900,-0.023685326,0.157576775,0.811529412,0
202210,17300,"Clarksville, TN-KY",169,249,86,160,25.58528428,43.47826087,7.692307692,51,0.291139241,11.5,0.961538462,25,0,-0.153153357,-0.562324015,0.644071152,359900,0.006713287,0.12486326,0.846823529,1
202210,20100,"Dover, DE",246,250,8,30,25.4180602,4.682274247,46.15384615,70,0.181434599,10.75,0.428571429,21,19,-0.131182862,-0.31598888,1.108926948,389450,0.000578072,0.060957736,0.916352941,0
202210,47580,"Warner Robins, GA",232,251,4,83,25.25083612,15.71906355,34.7826087,61,0.099099099,5.5,0.648648649,24,10,-0.111402265,-0.22685615,0.991247833,321915,0.002054443,0.260010333,0.757447059,1
202210,41700,"San Antonio-New Braunfels, TX",26,251,14,35,25.25083612,32.10702341,18.39464883,54,0.125,6,0.227272727,10,3,-0.101867786,-0.428050479,0.807032748,355000,-0.013093881,0.066066066,0.835294118,0
202210,28740,"Kingston, NY",231,253,-14,-20,25.08361204,5.351170569,44.81605351,68,-0.00729927,-0.5,-0.035460993,-2.5,17,-0.04934274,-0.32160171,1.101657013,490000,-0.018036072,0.225003063,1.152941176,0
202210,37860,"Pensacola-Ferry Pass-Brent, FL",109,254,93,212,24.74916388,32.10702341,17.39130435,54,0.125,6,0.588235294,20,3,-0.387045763,-0.619973639,0.796804489,371250,-0.052933673,0.060714286,0.873529412,1
202210,38060,"Phoenix-Mesa-Chandler, AZ",11,255,9,146,24.24749164,43.47826087,5.016722408,51,0.096774194,4.5,0.7,21,0,-0.091140675,-0.557248478,0.611716548,485000,-0.017174122,0.008976773,1.141176471,1
202210,19460,"Decatur, AL",275,256,37,125,23.57859532,32.10702341,15.05016722,54,0.161290323,7.5,0.565217391,19.5,3,-0.132980336,-0.443987661,0.768052113,299900,0.001984591,0.111152279,0.705647059,1
202210,30940,"London, KY",288,257,-25,8,22.909699,10.36789298,35.45150502,64,0.036437247,2.25,0.132743363,7.5,13,-0.012983601,-0.389144139,0.992549158,249450,-0.006076302,0.08716496,0.586941177,0
202210,29460,"Lakeland-Winter Haven, FL",80,258,72,202,22.40802676,29.43143813,15.38461539,56,0.258426966,11.5,0.513513514,19,5,-0.221029949,-0.626299354,0.768905528,359900,-0.000273612,0.12747271,0.846823529,1
202210,19660,"Deltona-Daytona Beach-Ormond Beach, FL",78,258,74,150,22.40802676,18.06020067,26.75585284,60,0.224489796,11,0.428571429,18,9,-0.258965783,-0.533074467,0.903238752,399000,-0.000957728,0.140325807,0.938823529,0
202210,46180,"Tupelo, MS",269,260,15,-10,22.24080268,7.023411371,37.45819398,67.5,0.205357143,11.5,0.071428571,4.5,16.5,-0.119372561,-0.353116302,1.015107839,250000,0.00020004,0.077586207,0.588235294,0
202210,46520,"Urban Honolulu, HI",70,261,-12,2,22.0735786,39.7993311,4.347826087,52,0.009708738,0.5,0.181818182,8,1,-0.119976453,-0.208792236,0.610322147,825500,-0.006917293,0.170921986,1.942352941,0
202210,27100,"Jackson, MI",276,262,-1,76,21.90635452,3.344481605,40.46822743,71,0.059701493,4,0.52688172,24.5,20,-0.086357986,-0.372867934,1.069384292,199450,-0.002251126,0.180177515,0.469294118,1
202210,18580,"Corpus Christi, TX",133,263,-5,2,21.23745819,4.347826087,38.1270903,70.5,0.11023622,7,0.194915254,11.5,19.5,-0.076870197,-0.380030215,1.028694171,310057.5,-0.008684392,0.051220546,0.729547059,0
202210,23580,"Gainesville, GA",241,264,8,-17,21.07023411,29.43143813,12.7090301,56,0.108910891,5.5,0.018181818,1,5,-0.165136055,-0.411191133,0.740519319,478340,-0.030049132,0.063216411,1.125505882,0
202210,21340,"El Paso, TX",82,265,-10,3,20.90301003,32.10702341,9.698996656,54,-0.018181818,-1,0.058823529,3,3,-0.160333821,-0.487292331,0.701883509,290950,-0.000944287,0.1638,0.684588235,0
202210,40140,"Riverside-San Bernardino-Ontario, CA",16,266,0,84,20.06688963,32.10702341,8.026755853,54,0.069306931,3.5,0.459459459,17,3,-0.084570086,-0.451281092,0.651128614,575000,-0.007594063,0.047358834,1.352941176,0
202210,45500,"Texarkana, TX-AR",291,267,-4,64,19.89966555,5.351170569,34.44816054,68,0.038167939,2.5,0.36,18,17,-0.103314602,-0.459605222,0.986153763,213450,-0.045500279,0.199157303,0.502235294,0
202210,17020,"Chico, CA",215,268,-8,62,19.73244147,8.695652174,30.76923077,66,0.128205128,7.5,0.466666667,21,15,-0.034050146,-0.366048496,0.954254484,444700,-0.011777778,-0.009576837,1.046352941,0
202210,32580,"McAllen-Edinburg-Mission, TX",91,269,7,-9,19.56521739,25.4180602,13.71237458,57,0.117647059,6,0.096153846,5,6,-0.088662341,-0.344456333,0.758264973,275000,0.022304833,0.037735849,0.647058824,0
202210,39900,"Reno, NV",117,270,-10,150,18.89632107,13.04347826,24.74916388,63,0.086206897,5,0.657894737,25,12,-0.05794303,-0.464747063,0.88565454,599950,-0.035798947,-0.039926388,1.411647059,1
202210,33100,"Miami-Fort Lauderdale-Pompano Beach, FL",8,271,-7,-19,17.72575251,15.71906355,19.73244147,61,0.051724138,3,0,0,10,-0.154511306,-0.330317772,0.820016532,599000,0,0.250521921,1.409411765,0
202210,13140,"Beaumont-Port Arthur, TX",145,272,-11,-11,17.55852843,18.06020067,17.05685619,60,0.034482759,2,0.100917431,5.5,9,-0.10287324,-0.358252597,0.79395567,225000,0.025991792,0.071428571,0.529411765,0
202210,15980,"Cape Coral-Fort Myers, FL",66,273,31,113,17.39130435,7.357859532,27.42474916,67,0.196428571,11,0.34,17,16,-0.219863567,-0.552962439,0.914684207,459949.5,-0.01054211,0.082488821,1.082234118,0
202210,29820,"Las Vegas-Henderson-Paradise, NV",33,274,14,118,16.72240803,32.10702341,1.337792642,54,0.136842105,6.5,0.636363636,21,3,-0.08140023,-0.575992572,0.502067235,450000,-0.02173913,0.022959764,1.058823529,1
202210,12940,"Baton Rouge, LA",69,275,6,-12,16.55518395,7.357859532,25.75250836,67,0.145299145,8.5,-0.014705882,-1,16,-0.119488893,-0.333627186,0.892719163,325000,0,0.086956522,0.764705882,0
202210,43340,"Shreveport-Bossier City, LA",136,276,-8,-21,16.38795987,25.4180602,7.357859532,57,0.027027027,1.5,-0.033898305,-2,6,-0.132822371,-0.21963875,0.640208037,222000,0.002257336,0.334134615,0.522352941,0
202210,19780,"Des Moines-West Des Moines, IA",79,277,-8,-14,15.88628763,21.40468227,10.36789298,59,0.035087719,2,0.035087719,2,8,-0.107145379,-0.306370367,0.725082942,350000,-0.015817223,0.15406809,0.823529412,0
202210,29740,"Las Cruces, NM",216,278,-11,-14,15.55183947,15.05016722,16.05351171,62,0.050847458,3,0.068965517,4,11,-0.039094983,-0.258700811,0.773375582,359162.5,-0.015885303,0.260219298,0.845088235,0
202210,17780,"College Station-Bryan, TX",186,279,16,27,15.38461539,13.04347826,17.72575251,63,0.155963303,8.5,0.235294118,12,12,-0.120910386,-0.442556321,0.799957518,355800,0.000411215,0.186,0.837176471,0
202210,26980,"Iowa City, IA",234,280,0,-6,15.05016722,18.06020067,12.04013378,60,0.11627907,6.25,0.111111111,6,9,-0.047539927,-0.291425121,0.732368538,339400,0.00719638,0.144688027,0.798588235,0
202210,41100,"St. George, UT",263,281,7,162,15.05016722,23.07692308,7.023411371,58,0.104761905,5.5,0.657142857,23,7,-0.11277617,-0.568786603,0.638020863,649900,-0.010806697,0.047465549,1.529176471,1
202210,34940,"Naples-Marco Island, FL",124,282,17,71,14.88294314,0.668896321,29.09698997,76,0.070422535,5,0.245901639,15,25,-0.225790433,-0.552094858,0.921919129,795000,0.022573799,0.135876554,1.870588235,0
202210,10780,"Alexandria, LA",295,282,-10,-3,14.88294314,10.36789298,19.39799331,64,-0.033962264,-2.25,0.049180328,3,13,-0.047168651,-0.38973752,0.816669806,219900,0.002050581,0.294290759,0.517411765,0
202210,12420,"Austin-Round Rock-Georgetown, TX",27,284,14,167,14.71571906,25.4180602,4.013377926,57,0.128712871,6.5,0.838709677,26,6,-0.084956221,-0.548302513,0.607402703,549900,-0.015019211,0,1.293882353,1
202210,19300,"Daphne-Fairhope-Foley, AL",191,285,8,17,14.71571906,3.344481605,26.08695652,71,0.100775194,6.5,0.339622642,18,20,-0.151735083,-0.336924797,0.89532171,499900,-0.045276324,0.149195402,1.176235294,0
202210,18880,"Crestview-Fort Walton Beach-Destin, FL",170,286,14,90,14.04682274,7.357859532,20.73578595,67,0.089430894,5.5,0.34,17,16,-0.205074357,-0.558914608,0.831224866,667975,0.008264912,0.11515025,1.571705882,0
202210,12220,"Auburn-Opelika, AL",255,287,-3,-6,13.5451505,13.04347826,14.04682274,63,0.024390244,1.5,0.06779661,4,12,-0.111993326,-0.284134532,0.759855981,374959,-0.01315412,0.096502797,0.882256471,0
202210,46220,"Tuscaloosa, AL",185,288,-3,0,11.8729097,3.344481605,20.40133779,71,0.140562249,8.75,0.203389831,12,20,-0.040010074,-0.305372388,0.828513568,304900,0.005490791,0.220088035,0.717411765,0
202210,29180,"Lafayette, LA",114,289,1,-5,11.8729097,1.337792642,22.40802676,74,0.125475285,8.25,0.104477612,7,23,-0.083419523,-0.282855485,0.856688708,280000,-0.026108128,0.026280101,0.658823529,0
202210,14260,"Boise City, ID",75,290,3,85,10.36789298,15.05016722,5.685618729,62,0.107142857,6,0.476190476,20,11,-0.081622258,-0.516059048,0.618399483,539900,-0.018185125,0.018698466,1.270352941,0
202210,35620,"New York-Newark-Jersey City, NY-NJ-PA",1,291,-3,-5,10.2006689,10.36789298,10.03344482,64,-0.007751938,-0.5,0.049180328,3,13,-0.097711169,-0.249316512,0.715776565,670000,0.022670077,0.087838935,1.576470588,0
202210,39340,"Provo-Orem, UT",115,292,6,154,9.197324415,18.06020067,0.334448161,60,0.132075472,7,1.4,35,9,-0.105657417,-0.584677924,0.405042074,549900,-0.009189189,0.027850467,1.293882353,1
202210,39460,"Punta Gorda, FL",204,293,71,148,9.030100334,1.337792642,16.72240803,74,0.37037037,20,0.510204082,25,23,-0.351783179,-0.616047566,0.786706936,449900,0.000532624,0.18566346,1.058588235,1
202210,36220,"Odessa, TX",281,294,-3,-6,7.357859532,13.04347826,1.672240803,63,0.037037037,2.25,-0.073529412,-5,12,-0.003142056,-0.119448147,0.550305793,255000,-0.026763062,0.108695652,0.6,0
202210,32780,"Medford, OR",200,295,0,51,6.688963211,0.334448161,13.04347826,77.5,0.127272727,8.75,0.722222222,32.5,26.5,-0.080076801,-0.326307377,0.74123945,530000,0.004739813,0.06,1.247058824,1
202210,37460,"Panama City, FL",247,296,3,31,6.52173913,9.364548495,3.678929766,65,0.048387097,3,0.226415094,12,14,-0.226305013,-0.584638834,0.604566648,448000,-0.014518258,0.102777374,1.054117647,0
202210,13460,"Bend, OR",212,297,1,17,5.685618729,4.682274247,6.688963211,70,0.102362205,6.5,0.4,20,19,-0.099982802,-0.327223666,0.623905812,677500,-0.032004572,-0.032004572,1.594117647,0
202210,29420,"Lake Havasu City-Kingman, AZ",211,298,0,68,3.511705686,2.341137124,4.682274247,73,0.177419355,11,0.659090909,29,22,-0.055434766,-0.518400779,0.611585664,419450,0.001133719,0.025550122,0.986941177,1
202210,29340,"Lake Charles, LA",217,299,-1,0,1.672240803,2.675585284,0.668896321,72,0.095057034,6.25,0.180327869,11,21,-0.170957349,-0.41438204,0.411150695,237450,0.036560079,0.055802579,0.558705882,0
202210,26380,"Houma-Thibodaux, LA",227,300,1,2,1.672240803,1.003344482,2.341137124,74.5,0.020547945,1.5,-0.255,-25.5,23.5,-0.176846865,-0.467669922,0.569614335,255000,-0.018286814,0.064940489,0.6,0
