data/RDC_Inventory_Hotness_Metrics_Metro_History.csv
month_date_yyyymm,cbsa_code,cbsa_title,nielsen_hh_rank,hotness_rank,hotness_rank_mm,hotness_rank_yy,hotness_score,supply_score,demand_score,median_days_on_market,median_days_on_market_mm,median_dom_mm_day,median_days_on_market_yy,median_dom_yy_day,median_dom_vs_us,ldp_unique_viewers_per_property_mm,ldp_unique_viewers_per_property_yy,ldp_unique_viewers_per_property_vs_us,median_listing_price,median_listing_price_mm,median_listing_price_yy,median_listing_price_vs_us,quality_flag
202209,40380,"Rochester, NY",49,1,-1,-1,99.1638796,100,98.3277592,24.5,0.065217391,1.5,0.166666667,3.5,-25,-0.073136194,-0.162987832,2.47557511,222500,-0.011111111,0.059776137,0.520772382,0
202209,31700,"Manchester-Nashua, NH",123,2,1,1,98.99665552,98.99665552,98.99665552,30,0.2,5,0.5,10,-19.5,-0.075985665,-0.219074093,2.774623365,487400,0.00754522,0.171001261,1.140784084,0
202209,23060,"Fort Wayne, IN",125,3,0,0,97.65886288,99.66555184,95.65217391,25.25,-0.009803922,-0.25,0.02020202,0.5,-24.25,-0.121623881,-0.267158711,2.18488345,299900,0.008236678,0.29062105,0.701930954,0
202209,29100,"La Crosse-Onalaska, WI-MN",294,4,0,-15,97.4916388,98.66220736,96.32107023,30.25,0.24742268,6,0,0,-19.25,-0.056830802,-0.091479631,2.210750255,349700,0.006475752,0.250156404,0.818490345,0
202209,18140,"Columbus, OH",31,5,1,-1,97.4916388,97.32441472,97.65886288,32,0.122807018,3.5,0.333333333,8,-17.5,-0.030731306,-0.16181935,2.33829501,337400,0.013213213,0.165659009,0.78970158,0
202209,45820,"Topeka, KS",198,6,-3,0,96.82274248,99.33110368,94.31438127,29.25,-0.120300752,-4,0.244680851,5.75,-20.25,-0.052697044,-0.239171839,2.08922642,229900,0.008997147,0.337989233,0.538092452,0
202209,15540,"Burlington-South Burlington, VT",201,7,-23,-82,96.48829431,95.65217391,97.32441472,35.75,-0.052980132,-2,-0.17816092,-7.75,-13.75,-0.070731462,-0.027586504,2.306381442,467000,0.000107078,0.102259987,1.093036864,0
202209,29200,"Lafayette-West Lafayette, IN",205,8,-7,3,95.48494983,96.98996656,93.97993311,32.5,-0.044117647,-1.5,0.444444444,10,-17,-0.017427781,-0.249871947,2.039911482,291250,0.004310345,0.344696241,0.681685196,0
202209,38860,"Portland-South Portland, ME",97,9,3,-6,94.81605351,89.96655518,99.66555184,38.5,0.166666667,5.5,0.212598425,6.75,-11,-0.124842318,-0.183220206,2.918056802,540125,-0.017775959,0.200344464,1.264189585,0
202209,49340,"Worcester, MA-CT",59,10,3,-4,94.48160535,96.6555184,92.30769231,33,0.081967213,2.5,0.137931034,4,-16.5,-0.070639788,-0.247081042,1.915067818,439675,-0.022727273,0.085885404,1.029081334,0
202209,44140,"Springfield, MA",81,11,-6,-1,94.31438127,93.64548495,94.98327759,36.5,0.057971014,2,0.226890756,6.75,-13,-0.03139744,-0.222325336,2.174765172,350000,0.014786895,0.133695036,0.81919251,0
202209,25540,"Hartford-East Hartford-Middletown, CT",48,12,-2,-33,93.97993311,88.62876254,99.33110368,39,0.098591549,3.5,0.012987013,0.5,-10.5,-0.00914656,0.04732627,2.81497763,372400,-0.000134246,0.128655857,0.871620831,0
202209,35300,"New Haven-Milford, CT",64,13,1,-37,93.31103679,89.96655518,96.6555184,38.5,0.124087591,4.25,0.013157895,0.5,-11,-0.054843418,-0.005734682,2.238406429,352450,-0.018245125,0.087389125,0.824926858,0
202209,21140,"Elkhart-Goshen, IN",233,14,-2,6,90.80267559,98.3277592,83.27759197,30.75,0.025,0.75,0.294736842,7,-18.75,-0.051632713,-0.363742856,1.699834707,257425,0.007731454,0.108097928,0.602516091,0
202209,28700,"Kingsport-Bristol, TN-VA",156,15,4,-24,90.46822743,82.27424749,98.66220736,40.25,0.166666667,5.75,0.045454545,1.75,-9.25,-0.074301996,-0.214293665,2.695599922,290000,0.010452962,0.234305171,0.678759509,0
202209,40420,"Rockford, IL",157,16,6,-35,89.7993311,88.62876254,90.96989967,39,0.21875,7,0.164179104,5.5,-10.5,-0.073570991,-0.019275522,1.858500646,187450,-0.024586965,0.156741746,0.438736103,0
202209,14460,"Boston-Cambridge-Newton, MA-NH",10,17,-11,-11,88.9632107,95.98662207,81.93979933,35,0,0,0.186440678,5.5,-14.5,-0.058389038,-0.197886257,1.657436651,741975,0.023413793,0.111700026,1.736629608,0
202209,10420,"Akron, OH",76,17,-13,-37,88.9632107,93.64548495,84.28093646,36.5,0.013888889,0.5,-0.013513514,-0.5,-13,-0.049720159,-0.15953851,1.728588581,197000,-0.003792668,0.10117384,0.461088356,0
202209,27740,"Johnson City, TN",209,19,0,6,88.29431438,76.58862876,100,42,0.142857143,5.25,0.37704918,11.5,-7.5,-0.120229909,-0.273322839,3.032895125,379350,-0.006937173,0.264921641,0.887887654,0
202209,39540,"Racine, WI",223,20,-4,-38,88.29431438,88.29431438,88.29431438,39.25,0.105633803,3.75,0.137681159,4.75,-10.25,-0.03667371,-0.048897336,1.786162556,308675,-0.046342782,0.260412413,0.72246928,0
202209,19430,"Dayton-Kettering, OH",63,21,-1,-4,87.95986622,85.28428094,90.63545151,39.5,0.097222222,3.5,0.316666667,9.5,-10,-0.036403189,-0.150493144,1.854970424,209725,-0.013213227,0.033385152,0.490871855,0
202209,18180,"Concord, NH",279,22,9,-1,87.2909699,76.58862876,97.99331104,42,0.2,7,0.208633094,7.25,-7.5,-0.078655168,-0.287593492,2.359935546,481050,-0.002436622,0.204282394,1.125921592,0
202209,39300,"Providence-Warwick, RI-MA",38,23,5,3,86.95652174,85.28428094,88.62876254,39.5,0.161764706,5.5,0.316666667,9.5,-10,-0.066975541,-0.257115314,1.786666165,477375,0.010424384,0.097603035,1.11732007,0
202209,39660,"Rapid City, SD",280,24,-15,15,86.78929766,96.32107023,77.25752508,34,-0.062068966,-2.25,0.283018868,7.5,-15.5,-0.070959671,-0.415390852,1.543274939,399900,-0.012409706,0.134790011,0.935985957,0
202209,30140,"Lebanon, PA",296,25,-10,-22,85.6187291,97.65886288,73.57859532,31.25,-0.113475177,-4,-0.080882353,-2.75,-18.25,-0.092322525,-0.251093676,1.488683973,321997.5,0.091516949,0.431577192,0.753651258,0
202209,17140,"Cincinnati, OH-KY-IN",28,26,6,-61,85.45150502,91.97324415,78.92976589,37.75,0.217741935,6.75,0.094202899,3.25,-11.75,-0.066017356,-0.099507931,1.585343602,324950,0.015944974,0.065585396,0.760561732,0
202209,43780,"South Bend-Mishawaka, IN-MI",160,27,1,-40,85.45150502,92.97658863,77.92642141,37.25,0.128787879,4.25,-0.006666667,-0.25,-12.25,-0.028582116,-0.200825909,1.557267814,279900,0.0299908,0.236580517,0.655119953,0
202209,33780,"Monroe, MI",285,28,20,-32,84.11371238,76.58862876,91.63879599,42,0.272727273,9,0.076923077,3,-7.5,-0.158203319,-0.148174235,1.890184148,264725,0.073281979,0.075243704,0.619602107,0
202209,31140,"Louisville/Jefferson County, KY-IN",44,29,6,0,82.60869565,93.64548495,71.57190636,36.5,0.177419355,5.5,0.216666667,6.5,-13,-0.084510817,-0.301496347,1.465803901,299950,0.000166722,0.15409773,0.702047981,0
202209,15940,"Canton-Massillon, OH",128,30,-7,-23,81.93979933,93.64548495,70.23411371,36.5,0.057971014,2,0.140625,4.5,-13,-0.080260321,-0.226473297,1.435211186,192200,-0.011698162,-0.011571098,0.449853716,0
202209,28940,"Knoxville, TN",61,31,-2,-27,81.77257525,80.93645485,82.60869565,41,0.123287671,4.5,0.025,1,-8.5,-0.066079147,-0.28519974,1.696823501,422450,0.024121212,0.293428757,0.98876536,0
202209,19340,"Davenport-Moline-Rock Island, IA-IL",134,31,-58,-219,81.77257525,85.28428094,78.26086957,39.5,-0.048192771,-2,-0.172774869,-8.25,-10,-0.072923408,0.164136542,1.568311171,220160.5,0.129028205,0.694193921,0.515296665,1
202209,33340,"Milwaukee-Waukesha, WI",39,33,8,-80,80.93645485,82.60869565,79.26421405,40,0.15942029,5.5,0.081081081,3,-9.5,-0.077663839,-0.060654017,1.591589072,354924.75,-0.020762174,0.270083199,0.830719134,0
202209,47380,"Waco, TX",184,34,-1,17,79.76588629,79.26421405,80.26755853,41.5,0.136986301,5,0.296875,9.5,-8,-0.107117451,-0.454686759,1.605130601,336450,-0.038714286,0.223677032,0.787478057,0
202209,15500,"Burlington, NC",256,35,14,9,78.59531773,88.62876254,68.56187291,39,0.258064516,8,0.2,6.5,-10.5,-0.16776957,-0.423951153,1.398477448,356450,-0.016676092,0.238748914,0.834289058,0
202209,36780,"Oshkosh-Neenah, WI",235,36,-4,-75,78.09364549,60.86956522,95.31772575,44.5,0.119496855,4.75,-0.043010753,-2,-5,-0.170335369,-0.076521388,2.17663436,272400,-0.050705698,0.15491017,0.637565828,0
202209,25860,"Hickory-Lenoir-Morganton, NC",146,37,-20,-11,77.42474916,65.2173913,89.63210702,44,0.053892216,2.25,0.106918239,4.25,-5.5,-0.077257231,-0.350007079,1.808003678,339675,-0.008103373,0.246742522,0.795026331,0
202209,29540,"Lancaster, PA",106,38,-15,-78,77.090301,72.909699,81.27090301,43,0.102564103,4,-0.022727273,-1,-6.5,-0.064775838,-0.188966924,1.643951591,344950,-0.041805556,0.076496977,0.807372733,0
202209,11540,"Appleton, WI",193,39,-41,-18,76.58862876,57.19063545,95.98662207,45,-0.02173913,-1,0.125,5,-4.5,-0.119361252,-0.076588957,2.194555155,374672,0.006100967,0.260672948,0.876938561,0
202209,45780,"Toledo, OH",87,39,1,-40,76.58862876,79.26421405,73.91304348,41.5,0.152777778,5.5,0.202898551,7,-8,-0.104744963,-0.162927895,1.496092684,179925,-0.000138927,0.059005297,0.421123464,0
202209,42540,"Scranton--Wilkes-Barre, PA",99,41,-3,-10,76.42140468,60.86956522,91.97324415,44.5,0.1125,4.5,0.126582278,5,-5,-0.112098569,-0.23975418,1.908998373,226700,0.007555556,0.193471966,0.530602692,0
202209,13740,"Billings, MT",221,42,-48,6,76.08695652,65.2173913,86.95652174,44,0.011494253,0.5,0.157894737,6,-5.5,-0.054813932,-0.404014805,1.772293598,494425,0.01430916,0.171762057,1.157226448,0
202209,46340,"Tyler, TX",206,43,-10,-20,75.91973244,70.23411371,81.60535117,43.5,0.101265823,4,0.048192771,2,-6,-0.082152171,-0.369414619,1.654742246,393000,0.009796049,0.118781581,0.919836162,0
202209,11100,"Amarillo, TX",190,44,-5,-70,75.91973244,82.60869565,69.23076923,40,0.081081081,3,0.012658228,0.5,-9.5,-0.077534856,-0.228937425,1.405927045,326500,-0.001032623,0.134862704,0.764189585,0
202209,29620,"Lansing-East Lansing, MI",101,45,13,-10,75.25083612,82.60869565,67.89297659,40,0.290322581,9,0.15942029,5.5,-9.5,-0.082388526,-0.262036742,1.392751022,199950,-0.012470675,0.111450806,0.467992978,0
202209,44100,"Springfield, IL",208,46,0,-60,74.5819398,65.2173913,83.94648829,44,0.157894737,6,0.121019108,4.75,-5.5,-0.022071473,-0.057972971,1.726051759,204950,0.181438248,0.64091273,0.479695729,1
202209,30780,"Little Rock-North Little Rock-Conway, AR",73,47,5,-53,74.24749164,81.27090301,67.22408027,40.5,0.14084507,5,0.031847134,1.25,-9,-0.080335609,-0.261595169,1.380919748,282475,0.022533937,0.134893532,0.66114687,0
202209,17900,"Columbia, SC",68,47,-2,23,74.24749164,92.30769231,56.18729097,37.5,0.086956522,3,0.442307692,11.5,-12,-0.072899871,-0.384954196,1.232915822,307115,-0.027089529,0.122190778,0.718818022,0
202209,47940,"Waterloo-Cedar Falls, IA",244,49,-22,-210,73.57859532,78.92976589,68.22742475,41.75,0.113333333,4.25,-0.082417582,-3.75,-7.75,-0.023424529,0.158040312,1.393245172,233405,0.075846969,0.533042802,0.54629608,1
202209,44180,"Springfield, MO",113,50,-48,10,72.909699,75.25083612,70.56856187,42.5,0.042944785,1.75,0.297709924,9.75,-7,-0.056948804,-0.289922118,1.44296468,333725,-0.00380597,0.238541473,0.781100059,0
202209,48620,"Wichita, KS",90,51,-10,-148,70.90301003,60.86956522,80.93645485,44.5,0.1125,4.5,-0.168224299,-9,-5,-0.05892738,-0.135611206,1.621831238,290260,0.000896552,0.398843374,0.679368052,0
202209,17860,"Columbia, MO",214,52,-7,21,70.73578595,76.58862876,64.88294314,42,0.127516779,4.75,0.3125,10,-7.5,-0.083916197,-0.373225408,1.355278168,347253.25,0.015954506,0.38499651,0.812763604,0
202209,35980,"Norwich-New London, CT",183,53,26,-25,70.56856187,44.14715719,96.98996656,48,0.28,10.5,0.170731707,7,-1.5,-0.079870724,0.065396637,2.276161401,399900,-0.024396194,0.151288326,0.935985957,0
202209,21780,"Evansville, IN-KY",158,53,2,-51,70.56856187,76.58862876,64.54849498,42,0.135135135,5,0.076923077,3,-7.5,-0.110610281,-0.264960338,1.354290976,218850,-0.000228415,0.233652762,0.512229374,0
202209,40220,"Roanoke, VA",155,55,-18,-116,69.73244147,46.48829431,92.97658863,47.5,0.073446328,3.25,-0.103773585,-5.5,-2,-0.081613208,-0.049562972,1.948170916,337250,0.037772136,0.163131574,0.789350497,0
202209,40980,"Saginaw, MI",226,56,28,-29,69.56521739,70.23411371,68.89632107,43.5,0.359375,11.5,0.242857143,8.5,-6,-0.098575794,-0.208811499,1.402806511,152450,-0.043900909,0.297999149,0.356816852,0
202209,14010,"Bloomington, IL",259,57,-65,-178,69.06354515,65.2173913,72.909699,44,-0.011235955,-0.5,-0.097435897,-4.75,-5.5,-0.077433694,-0.006324759,1.483314627,213475,0.101948639,0.337562657,0.499648918,0
202209,32820,"Memphis, TN-MS-AR",46,57,-20,-39,69.06354515,72.909699,65.2173913,43,0.116883117,4.5,0.023809524,1,-6.5,-0.096179731,-0.352539449,1.363138929,316050,0.017874396,0.272727273,0.739730837,0
202209,24340,"Grand Rapids-Kentwood, MI",52,59,-9,-71,69.06354515,91.30434783,46.82274248,38,0.101449275,3.5,0.070422535,2.5,-11.5,-0.072389114,-0.226123727,1.115243687,364800,-0.033386328,0.191475463,0.853832651,0
202209,25420,"Harrisburg-Carlisle, PA",93,60,-51,-82,68.56187291,60.86956522,76.2541806,44.5,0.034883721,1.5,-0.021978022,-1,-5,-0.047253545,-0.19583981,1.52399563,293500,-0.056599983,0.223426428,0.686951434,0
202209,39740,"Reading, PA",132,61,27,-74,68.39464883,70.23411371,66.55518395,43.5,0.279411765,9.5,0.054545455,2.25,-6,-0.100740714,-0.223728536,1.378044437,244200,-0.078142695,0.007217983,0.571562317,0
202209,20260,"Duluth, MN-WI",164,62,21,-95,68.06020067,42.47491639,93.64548495,48.5,0.2125,8.5,-0.08490566,-4.5,-1,-0.178133693,-0.09407933,1.977463405,252475,0.0099,0.265856104,0.590930369,0
202209,27180,"Jackson, TN",245,63,-24,17,67.72575251,60.86956522,74.5819398,44.5,0.053254438,2.25,0.148387097,5.75,-5,-0.129301122,-0.430029667,1.499902998,262725,0.057349834,0.349210425,0.614921006,0
202209,16860,"Chattanooga, TN-GA",98,64,6,26,67.55852843,60.86956522,74.24749164,44.5,0.148387097,5.75,0.253521127,9,-5,-0.097461672,-0.35790314,1.498450041,399450,0.006424792,0.168409506,0.934932709,0
202209,26900,"Indianapolis-Carmel-Anderson, IN",34,64,-29,-68,67.55852843,85.28428094,49.83277592,39.5,0.082191781,3,0.067567568,2.5,-10,-0.06264536,-0.235693694,1.153221965,299996.25,-0.031489104,0.071417092,0.702156232,0
202209,11460,"Ann Arbor, MI",141,66,-25,-168,67.39130435,64.88294314,69.89966555,44.25,0.149350649,5.75,-0.149038462,-7.75,-5.25,-0.018103834,-0.133810169,1.426581615,449830,-0.000252809,0.090629167,1.05284962,0
202209,24660,"Greensboro-High Point, NC",72,66,-11,-63,67.39130435,65.2173913,69.56521739,44,0.128205128,5,0.157894737,6,-5.5,-0.078232985,-0.127223128,1.416710329,323722.5,0.00536499,0.262076023,0.757688707,0
202209,21500,"Erie, PA",177,66,2,-94,67.39130435,48.16053512,86.62207358,47,0.099415205,4.25,-0.100478469,-5.25,-2.5,-0.069223956,-0.157306435,1.772025564,188802,0.021241379,0.25951968,0.441900527,0
202209,41500,"Salinas, CA",154,69,0,0,66.88963211,46.48829431,87.2909699,47.5,0.098265896,4.25,0.151515152,6.25,-2,-0.079401406,-0.250838203,1.773963994,962500,-0.026247314,-0.144064029,2.252779403,1
202209,30980,"Longview, TX",181,70,25,-22,66.55518395,52.5083612,80.60200669,46,0.194805195,7.5,0.063583815,2.75,-3.5,-0.123848576,-0.282006424,1.611479598,298625,0.000586363,0.137619048,0.698946753,0
202209,27620,"Jefferson City, MO",287,71,28,67,66.38795987,56.85618729,75.91973244,45.25,0.198675497,7.5,0.925531915,21.75,-4.25,-0.117158889,-0.45846583,1.522656732,224975,0.040346821,0.058955048,0.526565243,1
202209,42340,"Savannah, GA",139,72,21,-115,66.05351171,65.2173913,66.88963211,44,0.173333333,6.5,-0.043478261,-2,-5.5,-0.136599099,-0.202516322,1.380388879,399897.5,0.002249373,0.215678675,0.935980105,0
202209,48140,"Wausau-Weston, WI",258,73,25,-145,65.88628763,41.80602007,89.96655518,48.75,0.18902439,7.75,-0.015151515,-0.75,-0.75,-0.122034941,0.06643616,1.811977727,299499.5,0.035962128,0.241834767,0.700993564,0
202209,19820,"Detroit-Warren-Dearborn, MI",13,74,19,2,65.05016722,82.60869565,47.4916388,40,0.194029851,6.5,0.333333333,10,-9.5,-0.09374933,-0.321467451,1.119407301,263700,-0.030336459,0.055011002,0.617203043,0
202209,17460,"Cleveland-Elyria, OH",32,74,13,-46,65.05016722,52.5083612,77.59197324,46,0.164556962,6.5,0.069767442,3,-3.5,-0.078099193,-0.19841594,1.552903171,219450,-0.022276676,0.103040965,0.513633704,0
202209,22660,"Fort Collins, CO",140,76,-3,-58,64.88294314,82.60869565,47.15719064,40,0.103448276,3.75,0.081081081,3,-9.5,-0.105626368,-0.255652503,1.117071184,620900,-0.022204724,0.140416935,1.453247513,0
202209,31540,"Madison, WI",77,76,-23,-42,64.88294314,44.14715719,85.6187291,48,0.066666667,3,0.11627907,5,-1.5,-0.065405259,-0.093594946,1.759071639,405000,-0.017943744,0.080288077,0.947922762,0
202209,48660,"Wichita Falls, TX",290,78,12,-13,64.21404682,92.30769231,36.12040134,37.5,0.102941176,3.5,0.02739726,1,-12,-0.153812561,-0.443085779,1.001497821,188825,0.020675676,0.096544715,0.441954359,0
202209,10900,"Allentown-Bethlehem-Easton, PA-NJ",65,78,31,-25,64.21404682,57.19063545,71.23745819,45,0.216216216,8,0.184210526,7,-4.5,-0.095639364,-0.193964585,1.449984028,355820,0.00941844,0.186462154,0.832814511,0
202209,17820,"Colorado Springs, CO",74,80,13,70,64.04682274,85.28428094,42.80936455,39.5,0.179104478,6,1.135135135,21,-10,-0.074190483,-0.52018994,1.071875871,504475,-0.022987087,0.058655462,1.180748976,1
202209,35660,"Niles, MI",270,80,-56,-87,64.04682274,52.5083612,75.58528428,46,-0.031578947,-1.5,-0.005405405,-0.25,-3.5,-0.122462091,-0.1771365,1.507444137,362488.5,-0.033235098,0.063405941,0.848422469,0
202209,49660,"Youngstown-Warren-Boardman, OH-PA",103,82,-34,-66,63.71237458,50.8361204,76.58862876,46.5,0.068965517,3,0,0,-3,-0.058345593,-0.194704707,1.526873994,149000,-0.006666667,0.147036182,0.348741954,0
202209,44060,"Spokane-Spokane Valley, WA",96,83,22,-10,63.71237458,88.62876254,38.79598662,39,0.190839695,6.25,0.2,6.5,-10.5,-0.098688758,-0.363504003,1.039726627,475000,-0.029788555,0.055790176,1.111761264,0
202209,27500,"Janesville-Beloit, WI",264,84,-12,62,63.5451505,35.78595318,91.30434783,50,0.086956522,4,0.612903226,19,0.5,-0.076334512,-0.22588524,1.878689979,298900,0.008264463,0.286144578,0.699590404,1
202209,31180,"Lubbock, TX",165,85,-1,-39,63.37792642,94.98327759,31.77257525,36,0.180327869,5.5,-0.006896552,-0.25,-13.5,-0.063654855,-0.37463156,0.955089608,311737.5,-0.023698382,0.129586013,0.729637215,0
