data/RDC_Inventory_Hotness_Metrics_Metro_History.csv
month_date_yyyymm,cbsa_code,cbsa_title,nielsen_hh_rank,hotness_rank,hotness_rank_mm,hotness_rank_yy,hotness_score,supply_score,demand_score,median_days_on_market,median_days_on_market_mm,median_dom_mm_day,median_days_on_market_yy,median_dom_yy_day,median_dom_vs_us,ldp_unique_viewers_per_property_mm,ldp_unique_viewers_per_property_yy,ldp_unique_viewers_per_property_vs_us,median_listing_price,median_listing_price_mm,median_listing_price_yy,median_listing_price_vs_us,quality_flag
202209,42200,"Santa Maria-Santa Barbara, CA",142,86,6,59,62.37458194,38.79598662,85.95317726,49.5,0.164705882,7,0.5,16.5,0,-0.018664522,-0.324496156,1.765577777,1250000,-0.009704892,-0.046529367,2.925687537,0
202209,13780,"Binghamton, NY",189,87,5,-11,61.70568562,30.76923077,92.64214047,51.5,0.170454545,7.5,0.197674419,8.5,2,-0.028669742,-0.106594787,1.929715779,192400,0.038736672,0.152958802,0.450321826,0
202209,16700,"Charleston-North Charleston, SC",67,88,19,0,61.0367893,65.2173913,56.85618729,44,0.189189189,7,0.333333333,11,-5.5,-0.103205887,-0.276627468,1.24222723,499999.5,-0.010045083,0.099762286,1.170273844,0
202209,45300,"Tampa-St. Petersburg-Clearwater, FL",17,89,5,45,60.86956522,65.2173913,56.52173913,44,0.189189189,7,0.222222222,8,-5.5,-0.072419966,-0.437736974,1.238806153,429450,-0.018287804,0.172159673,1.00514921,0
202209,39060,"Pottsville, PA",289,90,-28,28,60.70234114,57.19063545,64.21404682,45,0.097560976,4,0.232876712,8.5,-4.5,-0.048911793,-0.294856683,1.349381981,132475,-0.018521949,0.108577406,0.310064365,0
202209,45460,"Terre Haute, IN",240,91,-8,-63,60.2006689,48.16053512,72.24080268,47,0.146341463,6,-0.015706806,-0.75,-2.5,-0.069172091,-0.234799492,1.477477773,152500,0.027281913,0.119471463,0.35693388,0
202209,49740,"Yuma, AZ",260,91,-27,10,60.2006689,75.25083612,45.15050167,42.5,0.111111111,4.25,0.08974359,3.5,-7,-0.104794575,-0.438900054,1.095368704,315000,0.016129032,0.163220089,0.737273259,0
202209,12620,"Bangor, ME",268,93,22,-100,60.2006689,30.10033445,90.30100334,52,0.216374269,9.25,0.106382979,5,2.5,-0.029268709,0.028286727,1.814324586,244450,0.035037578,0.063288386,0.572147455,0
202209,34980,"Nashville-Davidson--Murfreesboro--Franklin, TN",35,94,-3,59,60.03344482,97.99331104,22.0735786,31,0.169811321,4.5,0.675675676,12.5,-18.5,-0.073176303,-0.520665133,0.868308059,528912.5,-0.007979211,0.185970939,1.237946167,1
202209,41180,"St. Louis, MO-IL",20,95,-27,-103,59.69899666,60.86956522,58.52842809,44.5,0.09202454,3.75,0.047058824,2,-5,-0.066146799,-0.129650601,1.259362615,274950,-0.003623845,0.100240096,0.643534231,0
202209,19100,"Dallas-Fort Worth-Arlington, TX",4,96,14,-12,59.19732442,72.909699,45.48494983,43,0.228571429,8,0.211267606,7.5,-6.5,-0.077938154,-0.317358693,1.097687644,453502.75,-0.019453514,0.138939048,1.061445875,0
202209,11700,"Asheville, NC",111,97,-12,-57,58.52842809,32.10702341,84.94983278,51,0.085106383,4,-0.055555556,-3,1.5,-0.079328332,-0.22811707,1.739432282,522500,0.004904318,0.144578313,1.22293739,0
202209,27900,"Joplin, MO",254,98,3,33,58.19397993,57.19063545,59.19732442,45,0.168831169,6.5,0.5,15,-4.5,-0.099334504,-0.266370135,1.261696485,229225,0.104965052,0.140669747,0.536512581,0
202209,49620,"York-Hanover, PA",118,98,14,-123,58.19397993,50.50167224,65.88628763,46.75,0.198717949,7.75,-0.005319149,-0.25,-2.75,-0.102509083,-0.104880272,1.366434194,329450,0.014004309,0.243794243,0.771094207,0
202209,40060,"Richmond, VA",43,98,-29,-153,58.19397993,65.2173913,51.17056856,44,0.113924051,4.5,-0.12,-6,-5.5,-0.069463261,-0.183070741,1.165171453,379750,-0.013636364,0.085930798,0.888823874,0
202209,16740,"Charlotte-Concord-Gastonia, NC-SC",22,98,-13,68,58.19397993,72.909699,43.47826087,43,0.178082192,6.5,0.482758621,14,-6.5,-0.063618686,-0.45601731,1.076076144,419950,-0.011882353,0.083881791,0.982913985,0
202209,37900,"Peoria, IL",130,102,-9,-103,57.85953177,48.16053512,67.55852843,47,0.146341463,6,0.032967033,1.5,-2.5,-0.061490791,-0.121897344,1.392593189,149850,-0.005310322,0.279661831,0.350731422,0
202209,19740,"Denver-Aurora-Lakewood, CO",18,103,-1,35,57.69230769,94.98327759,20.40133779,36,0.180327869,5.5,0.6,13.5,-13.5,-0.074272171,-0.426268703,0.849635726,625000,-0.011857708,0.041828584,1.462843768,1
202209,20740,"Eau Claire, WI",243,104,31,18,57.52508361,25.75250836,89.29765886,53,0.225433526,9.75,0.325,13,3.5,-0.053086116,-0.098257111,1.798232231,368675,0.017244947,0.229326442,0.862902282,0
202209,28020,"Kalamazoo-Portage, MI",174,105,32,-73,57.35785953,72.909699,41.80602007,43,0.28358209,9.5,0.102564103,4,-6.5,-0.069539659,-0.225327454,1.067900738,294950,0.017244352,0.053392857,0.690345231,0
202209,37340,"Palm Bay-Melbourne-Titusville, FL",88,106,12,-45,57.19063545,57.19063545,57.19063545,45,0.184210526,7,0.071428571,3,-4.5,-0.089697749,-0.285994176,1.242790337,379995,-0.025641354,0.058162088,0.889397308,0
202209,12700,"Barnstable Town, MA",192,107,-7,-56,57.02341137,20.73578595,93.31103679,55.5,0.121212121,6,0.03255814,1.75,6,-0.161484893,-0.102239451,1.95532532,797000,-0.003625453,0.139793043,1.865418373,0
202209,12540,"Bakersfield, CA",83,107,-2,70,57.02341137,65.2173913,48.82943144,44,0.173333333,6.5,0.454545455,13.75,-5.5,-0.059264808,-0.420130335,1.143855054,386999.5,-0.006419769,0.215402976,0.905791691,0
202209,42100,"Santa Cruz-Watsonville, CA",194,109,-40,-71,56.85618729,55.85284281,57.85953177,45.75,0.076470588,3.25,0.033898305,1.5,-3.75,-0.054885102,-0.273287822,1.248444327,1386000,0.027427724,0.155,3.244002341,0
202209,15380,"Buffalo-Cheektowaga, NY",47,109,53,-30,56.85618729,52.5083612,61.20401338,46,0.260273973,9.5,0.12195122,5,-3.5,-0.098077555,-0.258414395,1.30126091,239900,-0.020516485,0.043497173,0.561497952,0
202209,34100,"Morristown, TN",300,111,-13,69,56.85618729,25.75250836,87.95986622,53,0.109947644,5.25,0.376623377,14.5,3.5,-0.021424897,-0.343914383,1.778229428,377000,0.034435451,0.206593055,0.882387361,0
202209,33700,"Modesto, CA",119,112,8,51,56.52173913,65.2173913,47.82608696,44,0.205479452,7.5,0.491525424,14.5,-5.5,-0.024726281,-0.343846123,1.134190777,472500,-0.005262634,0.017223915,1.105909889,0
202209,36837,"Ottawa, IL",284,113,-66,-133,56.35451505,50.8361204,61.8729097,46.5,0.021978022,1,-0.02617801,-1.25,-3,-0.032113851,-0.050374644,1.307731235,163675,0.023608505,0.159787423,0.383089526,0
202209,48900,"Wilmington, NC",162,113,11,19,56.35451505,29.09698997,83.61204013,52.25,0.135869565,6.25,0.215116279,9.25,2.75,-0.117244886,-0.228489091,1.708585879,540650,-0.01682124,0.203348409,1.265418373,0
202209,24300,"Grand Junction, CO",278,115,7,26,56.18729097,60.86956522,51.50501672,44.5,0.171052632,6.5,0.390625,12.5,-5,-0.072885311,-0.280834831,1.172120709,479320.25,-0.001416146,0.13515749,1.121873025,0
202209,30100,"Lebanon, NH-VT",197,116,43,-50,55.85284281,17.05685619,94.64882943,56.5,0.255555556,11.5,-0.073770492,-4.5,7,-0.111520241,-0.076048224,2.091504191,425000,0.037217816,0.295240069,0.994733762,0
202209,40340,"Rochester, MN",202,117,18,-74,55.68561873,50.8361204,60.53511706,46.5,0.17721519,7,0.094117647,4,-3,-0.132707973,-0.138095443,1.283235606,373500,-0.023274059,0.140632158,0.874195436,0
202209,23420,"Fresno, CA",71,118,11,97,55.68561873,70.23411371,41.13712375,43.5,0.167785235,6.25,0.611111111,16.5,-6,-0.1122978,-0.500066969,1.064481392,430512.5,-0.002057255,0.076415802,1.007636044,1
202209,41740,"San Diego-Chula Vista-Carlsbad, CA",19,119,-13,-28,55.51839465,82.60869565,28.42809365,40,0.111111111,4,0.212121212,7,-9.5,-0.058381202,-0.267076094,0.914205438,887559.5,-0.009972672,0.109450068,2.077377414,0
202209,49420,"Yakima, WA",213,120,-20,47,55.35117057,79.26421405,31.43812709,41.5,0.0375,1.5,0.431034483,12.5,-8,-0.23142354,-0.395422326,0.949582857,398950,-0.037398962,0.0799215,0.933762434,0
202209,41860,"San Francisco-Oakland-Berkeley, CA",12,121,-41,-17,54.51505017,91.30434783,17.72575251,38,0.055555556,2,0.310344828,9,-11.5,-0.044506277,-0.277406187,0.794272283,1088500,0.049156627,0.096173212,2.547688707,0
202209,49180,"Winston-Salem, NC",86,122,-21,4,54.18060201,52.5083612,55.85284281,46,0.069767442,3,0.25170068,9.25,-3.5,-0.114299817,-0.231907806,1.227298779,315000,-0.012523707,0.18021731,0.737273259,0
202209,24780,"Greenville, NC",230,123,-44,39,54.01337793,47.82608696,60.2006689,47.25,0.06779661,3,0.235294118,9,-2.25,-0.04001106,-0.315194962,1.282410571,334695,-0.040094644,0.35230303,0.783370392,0
202209,26580,"Huntington-Ashland, WV-KY-OH",147,124,-35,-45,54.01337793,23.41137124,84.61538462,54,0.009345794,0.5,0.018867925,1,4.5,-0.077808125,-0.157186029,1.730517455,177350,0.041400591,0.182727576,0.415096548,0
202209,37100,"Oxnard-Thousand Oaks-Ventura, CA",85,125,19,45,53.67892977,52.5083612,54.84949833,46,0.210526316,8,0.333333333,11.5,-3.5,-0.060377627,-0.321857507,1.205721231,879450,-0.014621849,0.017440347,2.058396723,0
202209,13980,"Blacksburg-Christiansburg, VA",265,126,-54,-62,53.51170569,24.74916388,82.27424749,53.5,0.054187192,2.75,-0.085470085,-5,4,0.030902247,-0.160200022,1.676498062,289000,-0.117220313,0.047101449,0.676418959,0
202209,14860,"Bridgeport-Stamford-Norwalk, CT",62,127,6,-96,53.51170569,20.73578595,86.28762542,55.5,0.180851064,8.5,-0.026315789,-1.5,6,-0.008617191,-0.016224094,1.77028499,777499.5,-0.033832054,0.110872268,1.819776477,0
202209,33460,"Minneapolis-St. Paul-Bloomington, MN-WI",15,127,-24,-56,53.51170569,81.27090301,25.75250836,40.5,0.109589041,4,0.208955224,7,-9,-0.065589754,-0.06539549,0.893840556,411333.25,-0.020466033,0.175237857,0.96274605,0
202209,40900,"Sacramento-Roseville-Folsom, CA",29,129,12,48,53.34448161,57.19063545,49.49832776,45,0.168831169,6.5,0.363636364,12,-4.5,-0.083473832,-0.338062172,1.14787925,599999.5,-0.024073683,0.018674873,1.404328847,0
202209,21660,"Eugene-Springfield, OR",127,130,43,-108,53.01003345,70.23411371,35.78595318,43.5,0.260869565,9,-0.016949153,-0.75,-6,-0.135734589,-0.219372569,1.000308618,501447.5,-0.014731454,0.103981022,1.173662961,0
202209,44300,"State College, PA",273,131,-13,-78,52.67558528,33.44481605,71.90635452,50.75,0.10326087,4.75,-0.004901961,-0.25,1.25,-0.070356881,-0.171530878,1.46921654,375725,0.00213376,0.277031448,0.87940316,0
202209,16980,"Chicago-Naperville-Elgin, IL-IN-WI",3,131,-33,-97,52.67558528,81.27090301,24.08026756,40.5,0.094594595,3.5,0.038461538,1.5,-9,-0.05733135,-0.099436082,0.886197836,340000,-0.028293798,0.03045916,0.79578701,0
202209,47260,"Virginia Beach-Norfolk-Newport News, VA-NC",36,133,-6,-49,52.67558528,93.31103679,12.04013378,37,0.104477612,3.5,0.15625,5,-12.5,-0.076778439,-0.131212619,0.735192367,348950,-0.002715061,0.163166667,0.816734933,0
202209,34060,"Morgantown, WV",283,134,-33,-92,52.34113712,17.05685619,87.62541806,56.5,0.03196347,1.75,-0.106719368,-6.75,7,-0.036593793,-0.036064898,1.774027135,274400,-0.001909612,0.055790689,0.642246928,0
202209,16620,"Charleston, WV",179,134,-49,-86,52.34113712,24.74916388,79.93311037,53.5,-0.009259259,-0.5,0.028846154,1.5,4,-0.0633266,-0.088835066,1.603999864,149900,0.034685073,0,0.350848449,0
202209,34740,"Muskegon, MI",248,136,10,-45,51.83946488,72.57525084,31.10367893,43.25,0.176870748,6.5,0.201388889,7.25,-6.25,-0.113706818,-0.176632755,0.949235788,237675,-0.040375492,0.219161886,0.556290228,0
202209,38300,"Pittsburgh, PA",23,137,6,-49,51.50501672,32.10702341,70.90301003,51,0.172413793,7.5,0.108695652,5,1.5,-0.032105119,-0.163749299,1.449058411,225000,-0.032255983,-0.007608336,0.526623757,0
202209,28660,"Killeen-Temple, TX",121,138,47,16,51.00334448,79.26421405,22.74247492,41.5,0.307086614,9.75,-0.011904762,-0.5,-8,-0.149844999,-0.538185539,0.870921164,309999.5,-0.001611916,0.203881553,0.725569339,0
202209,26140,"Homosassa Springs, FL",249,139,-15,37,50.8361204,41.80602007,59.86622074,48.75,0.107954545,4.75,0.174698795,7.25,-0.75,-0.083262158,-0.358469224,1.27864777,319900,-0.028397874,0.196558818,0.748741954,0
202209,24860,"Greenville-Anderson, SC",60,139,-5,-26,50.8361204,48.16053512,53.51170569,47,0.112426036,4.75,0.02173913,1,-2.5,-0.108965936,-0.354953086,1.180729488,349450,-0.001571429,0.015990696,0.817905208,0
202209,14500,"Boulder, CO",152,141,-6,31,50.50167224,76.58862876,24.41471572,42,0.166666667,6,0.35483871,11,-7.5,-0.044797683,-0.365347372,0.887312332,834500,0.009068924,0.112666667,1.953188999,0
202209,47300,"Visalia, CA",149,141,21,125,50.50167224,25.75250836,75.25083612,53,0.184357542,8.25,0.723577236,22.25,3.5,-0.094363509,-0.445227806,1.502190808,399992.5,-0.003669057,0.170874393,0.936202458,1
202209,45860,"Torrington, CT",229,143,14,-111,50.50167224,12.04013378,88.9632107,58.5,0.17,8.5,-0.071428571,-4.5,9,-0.064172415,0.063652308,1.797829289,549450,-9.10E-05,0.101102204,1.286015214,0
202209,35840,"North Port-Sarasota-Bradenton, FL",56,144,8,103,49.49832776,33.44481605,65.55183947,50.75,0.153409091,6.75,0.353333333,13.25,1.25,-0.09581929,-0.450717888,1.364206836,548353.75,-0.013820979,0.151788926,1.283449386,0
202209,48540,"Wheeling, WV-OH",292,145,-78,-130,49.1638796,23.41137124,74.91638796,54,-0.072961373,-4.25,-0.114754098,-7,4.5,0.008552846,0.060452732,1.501781851,165375,0.002576538,0.121566633,0.387068461,0
202209,22220,"Fayetteville-Springdale-Rogers, AR",107,145,13,80,49.1638796,35.78595318,62.54180602,50,0.149425287,6.5,0.265822785,10.5,0.5,-0.110353354,-0.387819034,1.326516821,407500,-0.016585319,0.164180938,0.953774137,0
202209,31340,"Lynchburg, VA",182,145,-27,9,49.1638796,25.75250836,72.57525084,53,0.06,3,0.191011236,8.5,3.5,-0.090691197,-0.218188509,1.481731551,316650,-0.053221707,0.092273198,0.741135167,0
202209,41940,"San Jose-Sunnyvale-Santa Clara, CA",37,148,-56,-29,48.99665552,89.96655518,8.026755853,38.5,0.054794521,2,0.241935484,7.5,-11,-0.009246502,-0.242484647,0.64072871,1398500,0.00903696,0.107722772,3.273259216,0
202209,13820,"Birmingham-Hoover, AL",50,149,24,-43,48.82943144,56.18729097,41.47157191,45.5,0.197368421,7.5,0.083333333,3.5,-4,-0.103745416,-0.26960488,1.06768419,282350,-0.01306591,0.026727273,0.660854301,0
202209,16540,"Chambersburg-Waynesboro, PA",277,150,-20,-23,48.66220736,35.78595318,61.53846154,50,0.081081081,3.75,0.212121212,8.75,0.5,-0.077005319,-0.142101026,1.303147962,299700,-0.011625031,0.263224447,0.701462844,0
202209,25940,"Hilton Head Island-Bluffton, SC",203,150,1,-6,48.66220736,18.72909699,78.59531773,56,0.108910891,5.5,0.076923077,4,6.5,-0.136267479,-0.256431936,1.584082361,639975,0.02069378,0.259793307,1.497893505,0
202209,45940,"Trenton-Princeton, NJ",148,150,18,-92,48.66220736,39.7993311,57.52508361,49,0.180722892,7.5,0,0,-0.5,-0.065922868,-0.141325599,1.247899793,375225,-0.034790997,0.064543585,0.878232885,0
202209,45540,"The Villages, FL",253,153,6,58,48.3277592,38.46153846,58.19397993,49.75,0.156976744,6.75,0.177514793,7.5,0.25,-0.086055091,-0.412656514,1.250684413,418225,0.001796515,0.157796387,0.978876536,0
202209,42020,"San Luis Obispo-Paso Robles, CA",180,154,-7,13,47.82608696,16.05351171,79.59866221,56.75,0.123762376,6.25,0.170103093,8.25,7.25,-0.073491467,-0.234314414,1.597143217,949475,0.046253444,0.046830209,2.222293739,0
202209,49700,"Yuba City, CA",286,155,-46,74,47.82608696,42.47491639,53.17725753,48.5,0.031914894,1.5,0.310810811,11.5,-1,-0.093568501,-0.362101579,1.180462572,455000,-0.010170229,0.080118694,1.064950263,0
202209,47900,"Washington-Arlington-Alexandria, DC-VA-MD-WV",7,156,-31,-40,47.65886288,85.28428094,10.03344482,39.5,0.082191781,3,0.161764706,5.5,-10,-0.059659326,-0.163919769,0.698111321,569950,-8.51E-05,0.129732408,1.333996489,0
202209,24540,"Greeley, CO",166,157,-3,-27,47.65886288,82.60869565,12.7090301,40,0.142857143,5,0.126760563,4.5,-9.5,-0.065326677,-0.319166869,0.741523529,522500,-0.011352886,0.062942469,1.22293739,0
202209,45900,"Traverse City, MI",266,158,55,59,47.32441472,9.364548495,85.28428094,59.5,0.265957447,12.5,0.352272727,15.5,10,-0.165637914,-0.219046092,1.741432361,499950,-0.01922511,0.111,1.170157987,0
202209,36540,"Omaha-Council Bluffs, NE-IA",57,158,43,-6,47.32441472,72.909699,21.73913044,43,0.323076923,10.5,0.194444444,7,-6.5,-0.045178766,-0.318964248,0.867540598,377000,-0.007764179,0.29109589,0.882387361,0
202209,39580,"Raleigh-Cary, NC",42,158,93,148,47.32441472,75.25083612,19.39799331,42.5,0.393442623,12,1.125,22.5,-7,-0.258193641,-0.630715424,0.831743225,463226.5,-0.042060486,0.090162738,1.084204798,1
202209,37860,"Pensacola-Ferry Pass-Brent, FL",109,161,26,129,47.32441472,44.14715719,50.50167224,48,0.170731707,7,0.627118644,18.5,-1.5,-0.131419259,-0.40659945,1.155831286,392000,-0.007972912,0.129682997,0.917495612,1
202209,46140,"Tulsa, OK",54,162,4,-37,47.15719064,60.86956522,33.44481605,44.5,0.155844156,6,0.098765432,4,-5,-0.114706636,-0.25919874,0.980440195,315250,0.008483739,0.189622642,0.737858397,0
202209,17300,"Clarksville, TN-KY",169,163,35,66,47.15719064,85.28428094,9.030100334,39.5,0.253968254,8,0.58,14.5,-10,-0.129038904,-0.49132823,0.676238359,357500,-0.020413755,0.134920635,0.836746636,1
202209,46060,"Tucson, AZ",53,163,-14,15,47.15719064,79.26421405,15.05016722,41.5,0.136986301,5,0.276923077,9,-8,-0.061161154,-0.362094845,0.768147597,382593.75,-0.018990385,0.062908043,0.895479813,0
202209,22900,"Fort Smith, AR-OK",195,165,11,48,47.15719064,39.7993311,54.51505017,49,0.126436782,5.5,0.256410256,10,-0.5,-0.130183113,-0.332865547,1.187460987,229750,-0.016049422,0.166243655,0.537741369,0
202209,22180,"Fayetteville, NC",112,166,25,33,46.98996656,65.2173913,28.76254181,44,0.173333333,6.5,0.173333333,6.5,-5.5,-0.171906302,-0.402174592,0.914985644,328535.5,0.010878462,0.452989695,0.768953774,0
202209,45060,"Syracuse, NY",84,167,15,-32,46.98996656,11.0367893,82.94314381,59,0.123809524,6.5,0.134615385,7,9.5,-0.099855701,-0.082099459,1.696940891,219925,-0.022338297,0.161626832,0.514745465,0
202209,43620,"Sioux Falls, SD",173,168,-14,-76,46.48829431,89.96655518,3.010033445,38.5,0.1,3.5,-0.012820513,-0.5,-11,-0.125016822,-0.229139341,0.570123693,349900,0.002722453,0.272595017,0.818958455,0
