data/RDC_Inventory_Hotness_Metrics_Metro_History.csv
month_date_yyyymm,cbsa_code,cbsa_title,nielsen_hh_rank,hotness_rank,hotness_rank_mm,hotness_rank_yy,hotness_score,supply_score,demand_score,median_days_on_market,median_days_on_market_mm,median_dom_mm_day,median_days_on_market_yy,median_dom_yy_day,median_dom_vs_us,ldp_unique_viewers_per_property_mm,ldp_unique_viewers_per_property_yy,ldp_unique_viewers_per_property_vs_us,median_listing_price,median_listing_price_mm,median_listing_price_yy,median_listing_price_vs_us,quality_flag
202209,45220,"Tallahassee, FL",138,169,4,-70,46.32107023,52.5083612,40.13377926,46,0.179487179,7,0.108433735,4.5,-3.5,-0.056180944,-0.068965484,1.050049208,307950,0.0265,0.144901943,0.720772382,0
202209,12060,"Atlanta-Sandy Springs-Alpharetta, GA",9,170,1,-83,45.81939799,75.25083612,16.38795987,42.5,0.164383562,6,-0.022988506,-1,-7,-0.073893666,-0.314937415,0.786356383,419900,-0.012,0.061694058,0.982796957,0
202209,43900,"Spartanburg, SC",163,171,-24,-35,45.65217391,70.23411371,21.07023411,43.5,0.101265823,4,0.011627907,0.5,-6,-0.111967353,-0.397728969,0.863222833,306700,0.00615107,0.124658514,0.717846694,0
202209,36740,"Orlando-Kissimmee-Sanford, FL",25,172,28,117,45.31772575,39.7993311,50.8361204,49,0.225,9,0.306666667,11.5,-0.5,-0.061943875,-0.436374457,1.157512311,449235,-0.00721547,0.182352941,1.051456992,0
202209,33660,"Mobile, AL",122,173,21,-2,44.98327759,35.78595318,54.18060201,50,0.176470588,7.5,0.234567901,9.5,0.5,-0.096311826,-0.185214444,1.184241154,249000,0.007556675,0.246870306,0.582796957,0
202209,36100,"Ocala, FL",135,173,-36,46,44.98327759,57.19063545,32.77591973,45,0.058823529,2.5,0.097560976,4,-4.5,-0.08131431,-0.457198106,0.977572278,313197.5,-0.010160787,0.14808573,0.733054418,0
202209,26620,"Huntsville, AL",108,175,34,141,44.81605351,82.60869565,7.023411371,40,0.194029851,6.5,1.025316456,20.25,-9.5,-0.193669106,-0.650861973,0.636229018,399000,0.012462294,0.182222222,0.933879462,1
202209,39380,"Pueblo, CO",252,176,-32,99,44.14715719,72.909699,15.38461539,43,0.109677419,4.25,0.54954955,15.25,-6.5,-0.094650301,-0.479128189,0.768331494,385000,-0.027529135,0.150541651,0.901111761,1
202209,41060,"St. Cloud, MN",220,177,20,-36,43.97993311,52.5083612,35.45150502,46,0.135802469,5.5,0.179487179,7,-3.5,-0.161570336,-0.144691838,0.996772523,329900,-0.017862459,0.114621167,0.772147455,0
202209,36500,"Olympia-Lacey-Tumwater, WA",168,178,-5,25,43.64548495,85.28428094,2.006688963,39.5,0.128571429,4.5,0.385964912,11,-10,-0.123104202,-0.349050522,0.549467363,542495,-0.010832622,0.091649059,1.269736688,0
202209,12580,"Baltimore-Columbia-Towson, MD",21,179,-17,-38,43.47826087,76.58862876,10.36789298,42,0.135135135,5,0.135135135,5,-7.5,-0.092702154,-0.20666956,0.698674899,348624.75,-0.003929286,0.040826243,0.815973669,0
202209,10180,"Abilene, TX",261,179,23,-51,43.47826087,57.19063545,29.76588629,45,0.19205298,7.25,0.034482759,1.5,-4.5,-0.084054396,-0.283467479,0.937069225,281312.5,0.00585501,0.082387457,0.65842598,0
202209,42660,"Seattle-Tacoma-Bellevue, WA",14,181,0,12,42.64214047,85.28428094,0,39.5,0.161764706,5.5,0.362068966,10.5,-10,-0.029290872,-0.324742296,0.362624198,762450,-0.016161812,0.129555556,1.78455237,0
202209,14540,"Bowling Green, KY",236,182,-58,20,42.47491639,42.47491639,42.47491639,48.5,0.021052632,1,0.293333333,11,-1,-0.041706995,-0.214708942,1.07031222,337066.25,0.013885547,0.204453279,0.788920421,0
202209,22020,"Fargo, ND-MN",175,183,-77,-108,42.30769231,60.86956522,23.7458194,44.5,-0.082474227,-4,-0.183486239,-10,-5,-0.0628143,-0.125199326,0.883739029,359280.5,-0.009072731,0.134943337,0.840913985,0
202209,19660,"Deltona-Daytona Beach-Ormond Beach, FL",78,184,54,69,42.30769231,39.7993311,44.81605351,49,0.256410256,10,0.289473684,11,-0.5,-0.112113539,-0.375677738,1.08376476,399382.5,-0.001294074,0.166080292,0.934774722,0
202209,42140,"Santa Fe, NM",257,185,0,-12,42.14046823,11.0367893,73.24414716,59,0.092592593,5,-0.070866142,-4.5,9.5,-0.124607583,-0.261819925,1.486918789,847450,-5.90E-05,0.224638728,1.983499122,0
202209,29460,"Lakeland-Winter Haven, FL",80,186,10,110,41.97324415,60.86956522,23.07692308,44.5,0.186666667,7,0.219178082,8,-5,-0.062533221,-0.528912358,0.877653213,359998.5,-0.010993132,0.170888659,0.8425945,0
202209,20500,"Durham-Chapel Hill, NC",89,187,127,138,41.80602007,57.19063545,26.42140468,45,0.323529412,11,0.5,15,-4.5,-0.256684734,-0.510158291,0.898255487,458197.5,-0.069803205,0.018329814,1.072434172,0
202209,44700,"Stockton, CA",94,188,11,124,41.63879599,56.18729097,27.090301,45.5,0.197368421,7.5,0.542372881,16,-4,-0.074440108,-0.456108668,0.901720865,581725,-0.021488646,0.073293358,1.361556466,1
202209,29700,"Laredo, TX",228,188,25,13,41.63879599,30.76923077,52.5083612,51.5,0.256097561,10.5,0.024875622,1.25,2,-0.020216959,-0.379126136,1.17589769,240000,0,0.067140952,0.561732007,0
202209,27140,"Jackson, MS",104,188,-1,-7,41.63879599,17.05685619,66.22073579,56.5,0.13,6.5,0.086538462,4.5,7,-0.088033773,-0.26428671,1.373212531,297750,-0.007417285,0.087770573,0.696898771,0
202209,17980,"Columbus, GA-AL",159,191,0,-36,41.13712375,57.19063545,25.08361204,45,0.153846154,6,0.118012422,4.75,-4.5,-0.077906805,-0.188837309,0.889357802,224200,-0.001336303,0.18062138,0.524751317,0
202209,38940,"Port St. Lucie, FL",110,192,20,64,40.80267559,35.78595318,45.81939799,50,0.162790698,7,0.162790698,7,0.5,-0.113394143,-0.413122263,1.099201767,450000,-0.027027027,0.126549005,1.053247513,0
202209,37980,"Philadelphia-Camden-Wilmington, PA-NJ-DE-MD",6,193,-12,-26,40.30100334,32.10702341,48.49498328,51,0.120879121,5.5,0.085106383,4,1.5,-0.066320603,-0.259723885,1.140175273,335000,-0.010624709,0.048677414,0.78408426,0
202209,22420,"Flint, MI",126,194,19,74,39.7993311,35.78595318,43.81270903,50,0.204819277,8.5,0.351351351,13,0.5,-0.075413312,-0.344143187,1.078945792,213825,-0.022514286,0.125987362,0.50046811,0
202209,24580,"Green Bay, WI",153,195,5,49,39.63210702,2.341137124,76.92307692,67,0.185840708,10.5,0.360406091,17.75,17.5,-0.103545237,-0.255474741,1.536268364,391900,0.00512952,0.267259499,0.917261557,0
202209,30700,"Lincoln, NE",150,196,-41,-65,39.46488294,70.23411371,8.695652174,43.5,0.0875,3.5,0.035714286,1.5,-6,-0.064388094,-0.263761195,0.6761884,377499.5,0.020408191,0.258541424,0.883556466,0
202209,34820,"Myrtle Beach-Conway-North Myrtle Beach, SC-NC",102,197,27,96,39.29765886,28.42809365,50.16722408,52.5,0.141304348,6.5,0.296296296,12,3,-0.17873558,-0.3933103,1.155158852,382450,0.003693814,0.083888338,0.895143359,0
202209,27260,"Jacksonville, FL",40,198,-1,62,38.79598662,48.16053512,29.43143813,47,0.146341463,6,0.236842105,9,-2.5,-0.128458285,-0.391898242,0.932890601,407500,-0.03079457,0.132258961,0.953774137,0
202209,13900,"Bismarck, ND",297,199,-13,-67,38.79598662,42.47491639,35.11705686,48.5,0.141176471,6,0.043010753,2,-1,-0.029864916,-0.148710475,0.993962952,371175,0.003446878,0.375231567,0.868753657,0
202209,22520,"Florence-Muscle Shoals, AL",267,200,-12,-31,38.1270903,30.10033445,46.15384615,52,0.149171271,6.75,0.124324324,5.75,2.5,-0.0519768,-0.209129225,1.106105859,273725,0.06303035,0.311414541,0.640667057,0
202209,22500,"Florence, SC",224,201,-41,-27,38.1270903,20.73578595,55.51839465,55.5,0.023041475,1.25,0.247191011,11,6,-0.059698381,-0.102821033,1.223934034,267368,0.065423391,0.220858448,0.62578818,0
202209,46540,"Utica-Rome, NY",167,202,-16,-35,37.79264214,16.05351171,59.53177258,56.75,0.091346154,4.75,0.158163265,7.75,7.25,-0.073519365,-0.152108075,1.26659799,189000,-0.004739336,-0.044851548,0.442363956,0
202209,20700,"East Stroudsburg, PA",272,203,1,-8,37.79264214,12.04013378,63.5451505,58.5,0.181818182,9,0.093457944,5,9,-0.04697544,-0.27210073,1.337294618,345450,-0.012081236,0.163131313,0.808543008,0
202209,16580,"Champaign-Urbana, IL",199,204,-10,-72,37.45819398,42.47491639,32.44147157,48.5,0.154761905,6.5,0.031914894,1.5,-1,-0.015815892,-0.064279661,0.965354365,198425,0.055452128,0.203122632,0.46442364,0
202209,42680,"Sebastian-Vero Beach, FL",238,204,10,54,37.45819398,12.04013378,62.87625418,58.5,0.175879397,8.75,0.21875,10.5,9,-0.100048776,-0.32947768,1.328926771,415000,0.002929036,0.123823709,0.971328262,0
202209,31420,"Macon-Bibb County, GA",207,206,-57,-73,37.45819398,52.5083612,22.40802676,46,-0.041666667,-2,-0.026455026,-1.25,-3.5,-0.040373028,-0.117509467,0.870675908,235000,0.023073574,0.129834852,0.550029257,0
202209,21060,"Elizabethtown-Fort Knox, KY",282,207,-41,137,37.2909699,35.45150502,39.13043478,50.25,0.057894737,2.75,0.467153285,16,0.75,-0.047994586,-0.427544016,1.040304352,301200,0.03044817,0.110619469,0.704973669,0
202209,33260,"Midland, TX",242,207,-27,-82,37.2909699,46.48829431,28.09364549,47.5,0.079545455,3.5,-0.112149533,-6,-2,-0.08281035,-0.10369228,0.913577238,350000,0.029411765,0.062546012,0.81919251,0
202209,27340,"Jacksonville, NC",250,209,21,35,36.28762542,35.78595318,36.78929766,50,0.149425287,6.5,0.204819277,8.5,0.5,-0.160174645,-0.351406645,1.007473969,321500,-0.025536107,0.359695496,0.752486834,0
202209,33860,"Montgomery, AL",144,210,11,-53,35.95317726,39.7993311,32.10702341,49,0.209876543,8.5,0.020833333,1,-0.5,-0.050852776,-0.249635209,0.964494596,267450,-0.04072911,0.138085106,0.625980105,0
202209,41540,"Salisbury, MD-DE",120,211,-6,-12,35.78595318,9.364548495,62.20735786,59.5,0.053097345,3,0.112149533,6,10,-0.134152553,-0.256891027,1.312389175,499947.25,4.50E-06,0.179120873,1.170151551,0
202209,14740,"Bremerton-Silverdale-Port Orchard, WA",176,211,37,7,35.78595318,65.2173913,6.35451505,44,0.275362319,9.5,0.230769231,8.25,-5.5,-0.067824047,-0.297631991,0.631539573,606497.5,-0.041034864,0.045685345,1.419537741,0
202209,14020,"Bloomington, IN",251,213,-25,19,35.11705686,39.46488294,30.76923077,49.25,0.094444444,4.25,0.216049383,8.75,-0.25,-0.063341995,-0.30604681,0.941745522,357450,0.021431633,0.131170886,0.836629608,0
202209,10740,"Albuquerque, NM",58,213,27,-20,35.11705686,25.75250836,44.48160535,53,0.177777778,8,0.087179487,4.25,3.5,-0.142165055,-0.279624249,1.082128848,385000,-0.01910828,0.115942029,0.901111761,0
202209,28420,"Kennewick-Richland, WA",178,215,77,182,34.94983278,35.78595318,34.11371238,50,0.324503311,12.25,1.173913043,27,0.5,-0.118145591,-0.461483684,0.991800347,538250,0.025238095,0.077685454,1.259801053,1
202209,46700,"Vallejo, CA",137,216,50,145,34.7826087,48.16053512,21.40468227,47,0.27027027,10,0.620689655,18,-2.5,-0.073877149,-0.450741047,0.863276458,623450,-0.00248,0.040037568,1.459215916,1
202209,25620,"Hattiesburg, MS",262,217,24,32,34.61538462,10.36789298,58.86287625,59.25,0.240837696,11.5,0.331460674,14.75,9.75,-0.069760076,-0.250788211,1.260187469,279600,0,0.189787234,0.654417788,0
202209,38900,"Portland-Vancouver-Hillsboro, OR-WA",24,218,4,-50,33.94648829,65.2173913,2.675585284,44,0.189189189,7,0.029239766,1.25,-5.5,-0.076184903,-0.290587352,0.562592473,589900,-8.48E-05,0.072545455,1.380690462,0
202209,19460,"Decatur, AL",275,219,23,113,33.94648829,50.8361204,17.05685619,46.5,0.2,7.75,0.805825243,20.75,-3,-0.144762027,-0.372062124,0.787648528,299306,0.001023411,0.151287624,0.700540667,1
202209,16820,"Charlottesville, VA",210,219,-47,-55,33.94648829,24.74916388,43.14381271,53.5,-0.048888889,-2.75,-0.009259259,-0.5,4,-0.051672612,-0.205311004,1.075518439,499000,-0.001825319,0.041862407,1.167934465,0
202209,13380,"Bellingham, WA",196,221,29,9,33.77926421,65.2173913,2.341137124,44,0.222222222,8,0.230769231,8.25,-5.5,-0.114975343,-0.281146167,0.55606425,637250,-0.014307811,0.040408163,1.491515506,0
202209,39460,"Punta Gorda, FL",204,222,-10,61,33.77926421,23.41137124,44.14715719,54,0.125,6,0.2,9,4.5,-0.067507255,-0.40842251,1.079104261,449660.5,0.003404108,0.199596898,1.052452896,0
202209,30460,"Lexington-Fayette, KY",105,223,-10,-36,33.61204013,39.7993311,27.42474916,49,0.113636364,5,0.065217391,3,-0.5,-0.092209751,-0.253615771,0.910673939,386900,0.008864395,0.227810592,0.905558806,0
202209,12100,"Atlantic City-Hammonton, NJ",188,224,4,-49,33.27759197,3.344481605,63.21070234,66,0.189189189,10.5,0.157894737,9,16.5,-0.098536415,-0.040117932,1.334481989,324866.6667,-0.000410256,0.124106113,0.760366686,0
202209,25180,"Hagerstown-Martinsburg, MD-WV",172,225,4,10,33.27759197,38.79598662,27.75919732,49.5,0.151162791,6.5,0.192771084,8,0,-0.097502744,-0.296025662,0.913143903,322000,0.003287168,0.138010249,0.753657109,0
202209,21700,"Eureka-Arcata, CA",299,226,8,208,32.94314381,2.006688963,63.87959866,67.5,0.25,13.5,1.142857143,36,18,-0.078134108,-0.497991887,1.34403182,499500,0.003012048,0.06169297,1.16910474,1
202209,40580,"Rocky Mount, NC",293,227,31,4,32.77591973,29.09698997,36.4548495,52.25,0.194285714,8.5,0.208092486,9,2.75,-0.143277771,-0.232589076,1.00741947,282900,0.043333948,0.419646218,0.662141603,0
202209,35380,"New Orleans-Metairie, LA",45,228,2,-62,32.27424749,15.38461539,49.1638796,57,0.128712871,6.5,-0.129770992,-8.5,7.5,-0.096207144,-0.035108943,1.145954234,329225,-0.009849624,-0.023433445,0.770567583,0
202209,33740,"Monroe, LA",225,228,3,-41,32.27424749,9.364548495,55.18394649,59.5,0.122641509,6.5,0.101851852,5.5,10,-0.103071273,-0.147161636,1.205879347,251200,0.005001,0.051046025,0.587946167,0
202209,41620,"Salt Lake City, UT",51,230,14,107,32.10702341,60.86956522,3.344481605,44.5,0.186666667,7,1.022727273,22.5,-5,-0.120254115,-0.473502703,0.574902882,579999,-0.026806085,0.070108856,1.357516676,1
202209,16300,"Cedar Rapids, IA",171,231,-10,73,32.10702341,44.14715719,20.06688963,48,0.11627907,5,0.454545455,15,-1.5,-0.056836287,-0.29459789,0.842375332,291750,0.085682389,0.346331334,0.682855471,0
202209,31080,"Los Angeles-Long Beach-Anaheim, CA",2,232,5,10,31.93979933,48.16053512,15.71906355,47,0.146341463,6,0.175,7,-2.5,-0.085168224,-0.319639175,0.77748487,949444,-0.000585263,0.043345055,2.222221182,0
202209,39150,"Prescott Valley-Prescott, AZ",187,233,-2,82,31.77257525,17.05685619,46.48829431,56.5,0.141414141,7,0.298850575,13,7,-0.053518353,-0.385131291,1.113598446,647625,-0.003653846,0.142195767,1.515798713,0
202209,36260,"Ogden-Clearfield, UT",100,234,12,160,31.60535117,57.19063545,6.02006689,45,0.184210526,7,1.571428571,27.5,-4.5,-0.079561823,-0.551785272,0.62480922,532500,-0.019607843,0.076997755,1.246342891,1
202209,23540,"Gainesville, FL",151,235,-18,-6,31.43812709,20.73578595,42.14046823,55.5,0.067307692,3.5,0.15625,7.5,6,-0.073515409,-0.253388851,1.068251894,353267.25,-0.003477433,0.239773465,0.826839672,0
202209,42220,"Santa Rosa-Petaluma, CA",116,235,-4,-45,31.43812709,9.030100334,53.84615385,60,0.121495327,6.5,0.100917431,5.5,10.5,-0.076897316,-0.092953426,1.181270061,942000,-0.007376185,0.076571429,2.204798128,0
202209,41700,"San Antonio-New Braunfels, TX",26,237,26,58,31.10367893,44.14715719,18.06020067,48,0.215189873,8.5,0.246753247,9.5,-1.5,-0.121824787,-0.391968375,0.798953693,359710,-0.006039723,0.090030303,0.841919251,0
202209,25900,"Hilo, HI",222,238,9,107,30.76923077,0.668896321,60.86956522,71,0.213675214,12.5,0.586592179,26.25,21.5,-0.098740955,-0.335647804,1.294408162,624950,-0.019301687,0.0775,1.462726741,1
202209,12020,"Athens-Clarke County, GA",219,239,-5,-18,29.76588629,29.09698997,30.43478261,52.25,0.148351648,6.75,0.123655914,5.75,2.75,-0.067009306,-0.256942244,0.941688078,383874.75,0.00774365,0.097098457,0.898478057,0
202209,10580,"Albany-Schenectady-Troy, NY",55,240,-2,-42,29.76588629,7.692307692,51.83946488,61.5,0.138888889,7.5,0.051282051,3,12,-0.097246503,-0.110348975,1.173705918,344000,-0.022588436,0.027018958,0.80514921,0
202209,25060,"Gulfport-Biloxi, MS",129,241,12,26,29.59866221,7.023411371,52.17391304,61.75,0.16509434,8.75,0.279792746,13.5,12.25,-0.107724253,-0.290221625,1.175654227,289945,0.017350877,0.233952909,0.678630778,0
202209,15980,"Cape Coral-Fort Myers, FL",66,242,6,54,29.26421405,18.72909699,39.7993311,56,0.154639175,7.5,0.087378641,4.5,6.5,-0.099030646,-0.441623665,1.042488673,464850,-0.021368421,0.165037594,1.088004681,0
202209,20100,"Dover, DE",246,242,35,116,29.26421405,10.36789298,48.16053512,59.25,0.247368421,11.75,0.519230769,20.25,9.75,-0.111305672,-0.347147464,1.134867825,389225,-0.01073834,0.058611546,0.911000585,1
202209,36420,"Oklahoma City, OK",41,244,16,0,28.76254181,44.14715719,13.37792642,48,0.185185185,7.5,0.156626506,6.5,-1.5,-0.06788558,-0.297538611,0.75133559,320245,0.006110587,0.162624796,0.749549444,0
202209,46180,"Tupelo, MS",269,245,-11,-19,28.09364549,18.72909699,37.45819398,56,0.087378641,4.5,0.009009009,0.5,6.5,-0.087718359,-0.307935491,1.024921712,249950,-0.002693267,0.089225406,0.58502048,0
202209,38060,"Phoenix-Mesa-Chandler, AZ",11,246,22,121,27.59197324,50.8361204,4.347826087,46.5,0.223684211,8.5,0.55,16.5,-3,-0.082767164,-0.530705978,0.59844506,493475,-0.012950308,0.044391534,1.155002926,1
202209,47580,"Warner Robins, GA",232,247,-16,12,27.59197324,20.73578595,34.44816054,55.5,0.11,5.5,0.261363636,11.5,6,0.006071053,-0.223533064,0.991854057,321255,-0.008527304,0.168624955,0.7519134,0
202209,15180,"Brownsville-Harlingen, TX",161,248,-2,17,27.090301,13.71237458,40.46822743,58.25,0.170854271,8.5,0.10952381,5.75,8.75,-0.076463741,-0.372477381,1.056228444,328825,0.006735553,0.124284127,0.769631363,0
202209,17660,"Coeur d'Alene, ID",239,249,39,206,27.090301,17.05685619,37.12374582,56.5,0.306358382,13.25,0.793650794,25,7,-0.091491365,-0.476983722,1.008406021,749925,0.00030012,0.024417731,1.755236981,1
202209,39100,"Poughkeepsie-Newburgh-Middletown, NY",92,250,-1,-15,26.92307692,16.05351171,37.79264214,56.75,0.170103093,8.25,0.112745098,5.75,7.25,-0.062058053,-0.230687271,1.029596517,454500,-0.002085849,0.091236495,1.063779988,0
202209,16060,"Carbondale-Marion, IL",298,251,-11,-35,26.75585284,15.05016722,38.46153846,57.5,0.095238095,5,-0.029535865,-1.75,8,-0.048986675,-0.116433382,1.037788696,129900,0.023237495,0.175033921,0.304037449,0
202209,26420,"Houston-The Woodlands-Sugar Land, TX",5,252,23,-31,26.75585284,52.5083612,1.003344482,46,0.210526316,8,-0.021276596,-1,-3.5,-0.063739619,-0.214959053,0.449104517,375500,-0.018287821,0.039446367,0.878876536,0
