data/RDC_Inventory_Hotness_Metrics_Metro_History.csv
month_date_yyyymm,cbsa_code,cbsa_title,nielsen_hh_rank,hotness_rank,hotness_rank_mm,hotness_rank_yy,hotness_score,supply_score,demand_score,median_days_on_market,median_days_on_market_mm,median_dom_mm_day,median_days_on_market_yy,median_dom_yy_day,median_dom_vs_us,ldp_unique_viewers_per_property_mm,ldp_unique_viewers_per_property_yy,ldp_unique_viewers_per_property_vs_us,median_listing_price,median_listing_price_mm,median_listing_price_yy,median_listing_price_vs_us,quality_flag
202209,11260,"Anchorage, AK",143,252,6,1,26.75585284,28.09364549,25.4180602,52.75,0.226744186,9.75,0.271084337,11.25,3.25,0.049445831,-0.090784315,0.892055714,439375,0.024184149,0.235674612,1.028379169,0
202209,20020,"Dothan, AL",271,254,52,82,26.75585284,18.72909699,34.7826087,56,0.287356322,12.5,0.44516129,17.25,6.5,-0.145541148,-0.277595912,0.992151219,254325,-0.020602676,0.156548431,0.595260386,0
202209,27980,"Kahului-Wailuku-Lahaina, HI",274,255,1,53,26.42140468,0,52.84280937,79.5,0.169117647,11.5,0.492957746,26.25,30,-0.063447964,-0.369183625,1.179206904,1412250,0.067258643,0.181799163,3.305441779,0
202209,23580,"Gainesville, GA",241,256,-2,-16,25.75250836,34.11371238,17.39130435,50.5,0.080213904,3.75,0.02020202,1,1,-0.100675389,-0.362610282,0.788662901,493159,-0.013484697,0.157650235,1.154263312,0
202209,41420,"Salem, OR",131,256,50,113,25.75250836,44.14715719,7.357859532,48,0.297297297,11,0.655172414,19,-1.5,-0.114185059,-0.375319759,0.638472599,496996.25,-0.004015531,0.074702671,1.163244587,1
202209,28140,"Kansas City, MO-KS",30,258,1,-4,25.25083612,25.75250836,24.74916388,53,0.081632653,4,0.177777778,8,3.5,-0.104221683,-0.237487233,0.888543912,387500,0.001356677,0.209142679,0.906963136,0
202209,39820,"Redding, CA",237,259,-14,19,25.08361204,31.77257525,18.39464883,51.25,0.004901961,0.25,0.184971098,8,1.75,-0.165795232,-0.340760388,0.802420791,438225,-0.001765376,-0.002787575,1.025687537,0
202209,29820,"Las Vegas-Henderson-Paradise, NV",33,260,9,115,23.91304348,46.48829431,1.337792642,47.5,0.1875,7.5,0.557377049,17,-2,-0.086626847,-0.577692054,0.485966433,460000,-0.021172465,0.069767442,1.076653013,1
202209,12260,"Augusta-Richmond County, GA-SC",95,261,0,54,23.91304348,34.11371238,13.71237458,50.5,0.086021505,4,0.2625,10.5,1,-0.095318423,-0.396992106,0.757879458,312265,-0.004574434,0.095858923,0.730871855,0
202209,32580,"McAllen-Edinburg-Mission, TX",91,262,-10,-22,22.24080268,32.10702341,12.37458194,51,0.073684211,3.5,0.02,1,1.5,-0.07440796,-0.191117987,0.739796722,269000,-0.021729248,0.017397882,0.629607958,0
202209,27100,"Jackson, MI",276,263,-5,189,20.90301003,2.341137124,39.46488294,67,0.155172414,9,1.233333333,37,17.5,-0.091522033,-0.369049913,1.04070697,199900,0.011639676,0.055159673,0.467875951,1
202209,17780,"College Station-Bryan, TX",186,263,-18,20,20.90301003,23.07692308,18.72909699,54.5,0.09,4.5,0.238636364,10.5,5,-0.02802069,-0.349066013,0.809104283,355653.75,0.009089942,0.205605932,0.832425395,0
202209,34940,"Naples-Marco Island, FL",124,265,-10,51,20.73578595,0.668896321,40.80267559,71,0.14516129,9,0.193277311,11.5,21.5,-0.065929027,-0.434258049,1.058778266,777450,0.01627451,0.169141697,1.81966062,0
202209,40140,"Riverside-San Bernardino-Ontario, CA",16,266,-4,76,20.40133779,34.11371238,6.688963211,50.5,0.134831461,6,0.383561644,14,1,-0.066557699,-0.42666273,0.632429917,579400,-0.00957265,0.06900369,1.356114687,0
202209,28740,"Kingston, NY",231,267,-12,-4,19.89966555,1.672240803,38.1270903,68.5,0.175965665,10.25,0.141666667,8.5,19,-0.007307111,-0.288190709,1.03036989,499000,-0.001150978,0.178415397,1.167934465,0
202209,18580,"Corpus Christi, TX",133,268,13,13,19.56521739,5.351170569,33.77926421,63.5,0.233009709,12,0.144144144,8,14,-0.127971223,-0.371712368,0.990818784,312773.75,-0.001440658,0.083386734,0.73206261,0
202209,12940,"Baton Rouge, LA",69,269,10,-24,19.39799331,12.04013378,26.75585284,58.5,0.158415842,8,-0.071428571,-4.5,9,-0.125413139,-0.185279959,0.90146889,325000,0.004830918,0.083523853,0.76067876,0
202209,12420,"Austin-Round Rock-Georgetown, TX",27,270,25,161,19.06354515,34.11371238,4.013377926,50.5,0.278481013,11,0.803571429,22.5,1,-0.082346486,-0.530866118,0.590208653,558285,-0.029069565,0.021573848,1.306693973,1
202209,45500,"Texarkana, TX-AR",291,271,25,63,18.72909699,4.347826087,33.11036789,65.5,0.350515464,17,0.401069519,18.75,16,-0.140985435,-0.404809997,0.977856808,223625,-0.01039938,0.293566585,0.5234055,0
202209,18880,"Crestview-Fort Walton Beach-Destin, FL",170,272,7,132,18.39464883,7.692307692,29.09698997,61.5,0.14953271,8,0.473053892,19.75,12,-0.153443267,-0.478909764,0.929742631,662499.5,-0.004845094,0.087848112,1.550613224,0
202209,46520,"Urban Honolulu, HI",70,273,-12,-5,18.22742475,30.76923077,5.685618729,51.5,0.06185567,3,0.157303371,7,2,-0.110121135,-0.198863141,0.616645493,831250,-0.022058824,0.167485955,1.945582212,0
202209,41100,"St. George, UT",263,274,3,169,18.06020067,28.42809365,7.692307692,52.5,0.153846154,7,1.019230769,26.5,3,-0.076984863,-0.497595691,0.639399669,657000,-0.015582859,0.041415279,1.537741369,1
202209,21340,"El Paso, TX",82,275,2,28,17.89297659,22.74247492,13.04347826,55,0.12244898,6,0.145833333,7,5.5,-0.150202802,-0.463477629,0.743240049,291225,0.020141869,0.174531156,0.681626682,0
202209,17020,"Chico, CA",215,276,27,18,17.72575251,12.04013378,23.41137124,58.5,0.258064516,12,0.13592233,7,9,-0.138345975,-0.384586324,0.878375782,450000,-0.016285933,0.028688993,1.053247513,0
202209,19300,"Daphne-Fairhope-Foley, AL",191,277,2,28,17.39130435,4.682274247,30.10033445,64.5,0.162162162,9,0.417582418,19,15,-0.10248339,-0.251899821,0.938465549,523607,-0.01308642,0.188277378,1.225528379,0
202209,33100,"Miami-Fort Lauderdale-Pompano Beach, FL",8,278,1,-17,17.39130435,14.04682274,20.73578595,58,0.148514851,7.5,-0.033333333,-2,8.5,-0.067041844,-0.189904423,0.862353894,599000,-0.001666667,0.282655246,1.401989468,0
202209,32900,"Merced, CA",218,278,0,119,17.39130435,18.72909699,16.05351171,56,0.137055838,6.75,0.623188406,21.5,6.5,-0.045389344,-0.375125857,0.779975863,435225.25,0.00600982,0.08819915,1.018666472,1
202209,39900,"Reno, NV",117,280,11,168,16.88963211,14.04682274,19.73244147,58,0.183673469,9,0.784615385,25.5,8.5,-0.096730933,-0.424193902,0.835906902,622225,-0.016244282,0.038772955,1.456348742,1
202209,26980,"Iowa City, IA",234,280,-15,-16,16.88963211,24.41471572,9.364548495,53.75,-0.057017544,-3.25,-0.081196581,-4.75,4.25,-0.0690073,-0.175312958,0.68368118,336975,-0.008605472,0.127006689,0.788706846,0
202209,30940,"London, KY",288,282,2,27,16.55518395,7.023411371,26.08695652,61.75,0.154205607,8.25,0.222772277,11.25,12.25,-0.075087118,-0.362824432,0.894125296,250975,0.00410082,0.115940418,0.587419544,0
202209,13140,"Beaumont-Port Arthur, TX",145,283,16,2,15.38461539,14.04682274,16.72240803,58,0.234042553,11,0.126213592,6.5,8.5,-0.053395673,-0.329800571,0.786888444,219300,-0.001707067,0.044285714,0.513282621,0
202209,43340,"Shreveport-Bossier City, LA",136,284,1,-8,14.54849498,20.73578595,8.361204013,55.5,0.144329897,7,0.077669903,4,6,-0.147701675,-0.129360948,0.656422987,221500,-0.015555556,0.350609756,0.518431832,0
202209,19780,"Des Moines-West Des Moines, IA",79,285,-2,-1,13.5451505,15.38461539,11.70568562,57,0.075471698,4,0.096153846,5,7.5,-0.075910237,-0.267782286,0.722067274,355625,0.014621969,0.175911383,0.832358104,0
202209,39340,"Provo-Orem, UT",115,286,-1,142,13.04347826,25.75250836,0.334448161,53,0.092783505,4.5,1.304347826,30,3.5,-0.062208674,-0.509971672,0.402686392,555000,-0.022538845,0.037528626,1.299005266,1
202209,14260,"Boise City, ID",75,287,6,120,11.70568562,18.72909699,4.682274247,56,0.204301075,9.5,0.723076923,23.5,6.5,-0.047730621,-0.446736742,0.598712731,549900,-0.004705882,0.046531544,1.287068461,1
202209,29180,"Lafayette, LA",114,288,-1,-6,11.37123746,3.678929766,19.06354515,65.75,0.11440678,6.75,0.019379845,1.25,16.25,-0.092541158,-0.250962984,0.831042367,287506.25,0.001851207,0.061731415,0.672922762,0
202209,29740,"Las Cruces, NM",216,289,5,4,11.0367893,11.0367893,11.0367893,59,0.185929648,9.25,0.156862745,8,9.5,-0.082212632,-0.202541103,0.715617116,364960,0.011670132,0.305760286,0.854207139,0
202209,12220,"Auburn-Opelika, AL",255,290,-6,13,10.86956522,7.692307692,14.04682274,61.5,0.042372881,2.5,0.32972973,15.25,12,-0.021388008,-0.189229049,0.760826763,379957,-0.010640722,0.107669658,0.889308368,0
202209,46220,"Tuscaloosa, AL",185,291,5,3,10.36789298,6.02006689,14.71571906,62.25,0.169014085,9,0.185714286,9.75,12.75,-0.058703809,-0.202269628,0.767367981,303235,-0.015222986,0.144498962,0.709736688,0
202209,10780,"Alexandria, LA",295,292,0,22,8.695652174,3.010033445,14.3812709,66.25,0.113445378,6.75,0.365979381,17.75,16.75,-0.129225057,-0.369438629,0.762081092,219450,-0.020749665,0.318018018,0.513633704,0
202209,37460,"Panama City, FL",247,293,3,83,8.026755853,6.35451505,9.698996656,62,0.127272727,7,0.493975904,20.5,12.5,-0.156800888,-0.475244172,0.69477651,454600,-0.062487111,0.123856613,1.064014043,0
202209,35620,"New York-Newark-Jersey City, NY-NJ-PA",1,294,0,-2,7.692307692,4.682274247,10.70234114,64.5,0.12173913,7,0.066115702,4,15,-0.067878229,-0.175373038,0.705346668,655147.75,0.007919615,0.091912917,1.533406085,0
202209,32780,"Medford, OR",200,295,-2,29,6.35451505,1.337792642,11.37123746,68.75,0.175213675,10.25,0.553672316,24.5,19.25,-0.022101313,-0.287814867,0.716436459,527499.75,-0.000947443,0.056066127,1.234639555,1
202209,13460,"Bend, OR",212,296,5,48,5.351170569,5.351170569,5.351170569,63.5,0.233009709,12,0.548780488,22.5,14,-0.110758798,-0.28821044,0.616366388,699900,-0.031146179,-6.79E-05,1.638150965,1
202209,36220,"Odessa, TX",281,297,-2,-2,5.183946488,8.695652174,1.672240803,60.75,0.075221239,4.25,-0.065384615,-4.25,11.25,-0.109031265,-0.141473543,0.490841795,262012.25,0.020495618,0.100891807,0.613252779,0
202209,29420,"Lake Havasu City-Kingman, AZ",211,298,5,96,5.016722408,6.35451505,3.678929766,62,0.203883495,10.5,0.61038961,23.5,12.5,-0.129711579,-0.516282161,0.575699782,418975,-0.008225826,0.050062657,0.980631949,1
202209,26380,"Houma-Thibodaux, LA",227,299,1,-1,2.675585284,0.334448161,5.016722408,73,0.163346614,10.25,-0.179775281,-16,23.5,-0.171916463,0.205942242,0.615277451,259750,-0.04133604,0.181084461,0.60795787,0
202209,29340,"Lake Charles, LA",217,300,0,2,2.173913043,3.678929766,0.668896321,65.75,0.08677686,5.25,0.148471616,8.5,16.25,-0.120067274,-0.345309415,0.440955618,229075,-0.017161858,-0.011968945,0.536161498,0
202208,31700,"Manchester-Nashua, NH",123,1,0,-1,99.33110368,99.33110368,99.33110368,25,0.388888889,7,0.298701299,5.75,-17.5,0.008073482,-0.167940348,2.746812527,483750,-0.030561122,0.209375,1.117621102,0
202208,40380,"Rochester, NY",49,2,0,1,99.1638796,100,98.3277592,23,0.352941176,6,0.352941176,6,-19.5,-0.031640976,-0.162915366,2.443227305,225000,-0.036973786,-0.01055409,0.519823768,0
202208,23060,"Fort Wayne, IN",125,3,-7,-2,97.99331104,98.99665552,96.98996656,25.5,0.02,0.5,0.108695652,2.5,-17,-0.004753197,-0.277152695,2.275366944,297450,0.031916739,0.19027611,0.687207022,0
202208,29100,"La Crosse-Onalaska, WI-MN",294,4,0,-11,97.15719064,99.66555184,94.64882943,24.25,0.276315789,5.25,0.054347826,1.25,-18.25,-0.07164806,-0.027435741,2.144143086,347450,0.070889197,0.186139797,0.802723415,0
202208,18140,"Columbus, OH",31,4,0,0,97.15719064,98.3277592,95.98662207,28.5,0.295454545,6.5,0.425,8.5,-14,-0.056007589,-0.221452458,2.206778815,333000,-0.034782609,0.110370123,0.769339177,0
202208,38860,"Portland-South Portland, ME",97,6,3,-5,95.98662207,92.30769231,99.66555184,33,0.404255319,9.5,0.178571429,5,-9.5,-0.011386898,-0.088460617,3.050079233,549900,0.000819001,0.191678405,1.270449289,0
202208,49340,"Worcester, MA-CT",59,7,-4,-8,93.97993311,96.6555184,91.30434783,30.5,0.326086957,7.5,0.196078431,5,-12,-0.003758689,-0.24100944,1.884967089,449900,0,0.110932774,1.039416504,0
202208,33780,"Monroe, MI",285,8,-25,-27,93.14381271,92.30769231,93.97993311,33,0.047619048,1.5,0.064516129,2,-9.5,0.066011555,-0.130262998,2.054000744,246650,-0.103090909,-0.002628387,0.569842366,0
202208,45820,"Topeka, KS",198,9,-7,2,92.64214047,91.97324415,93.31103679,33.25,0.146551724,4.25,0.445652174,10.25,-9.25,-0.057890012,-0.223575702,2.017438506,227850,0.085,0.372900505,0.526408203,0
202208,40420,"Rockford, IL",157,10,-19,-18,92.30769231,93.97993311,90.63545151,32,0.066666667,2,0.254901961,6.5,-10.5,0.024736613,-0.075064933,1.835076866,192175,-0.038644322,0.235256307,0.443987256,0
202208,28700,"Kingsport-Bristol, TN-VA",156,11,-11,-22,92.14046823,85.28428094,98.99665552,34.5,0.112903226,3.5,0.061538462,2,-8,-0.069738682,-0.16601198,2.663727515,287000,-0.005026868,0.246403561,0.663064095,0
202208,35300,"New Haven-Milford, CT",64,12,-1,-31,91.63879599,87.95986622,95.31772575,34.25,0.268518519,7.25,0.087301587,2.75,-8.25,0.027878343,-0.028995185,2.166401115,359000,0.011267606,0.089694946,0.829407701,0
202208,18180,"Concord, NH",279,13,6,-33,90.46822743,83.27759197,97.65886288,35,0.458333333,11,-0.007092199,-0.25,-7.5,-0.06060951,-0.18997609,2.34305038,482225,-0.025808081,0.236791485,1.114097852,0
202208,25540,"Hartford-East Hartford-Middletown, CT",48,14,6,-14,90.30100334,81.93979933,98.66220736,35.5,0.42,10.5,0.14516129,4.5,-7,-0.001904606,0.034782149,2.598778204,372450,-0.012068966,0.128978478,0.860481611,0
202208,29200,"Lafayette-West Lafayette, IN",205,15,6,0,90.13377926,88.29431438,91.97324415,34,0.47826087,11,0.283018868,7.5,-8.5,-0.049001023,-0.271898735,1.899111794,290000,0.036084316,0.411707436,0.669995079,0
202208,21140,"Elkhart-Goshen, IN",233,16,1,8,89.96655518,97.99331104,81.93979933,30,0.224489796,5.5,0.263157895,6.25,-12.5,-0.060480224,-0.34978115,1.639584548,255450,-0.035673839,0.112587108,0.590173252,0
202208,44140,"Springfield, MA",81,17,5,4,89.46488294,85.28428094,93.64548495,34.5,0.326923077,8.5,0.301886792,8,-8,-0.005494518,-0.251714206,2.053858151,344900,-0.011747851,0.015232909,0.796832078,0
202208,39300,"Providence-Warwick, RI-MA",38,18,-4,-3,88.29431438,88.29431438,88.29431438,34,0.172413793,5,0.333333333,8.5,-8.5,-0.001450771,-0.229502896,1.751677185,472450,-0.015524068,0.083725198,1.091514397,0
202208,27740,"Johnson City, TN",209,19,13,13,87.2909699,74.5819398,100,36.75,0.53125,12.75,0.5,12.25,-5.75,-0.036034948,-0.244926165,3.153493126,382000,0.061258508,0.275672066,0.882545242,0
202208,17140,"Cincinnati, OH-KY-IN",28,20,-5,-55,86.28762542,95.31772575,77.25752508,31,0.107142857,3,0.050847458,1.5,-11.5,-0.012971349,-0.104037576,1.552702627,319850,0.015396825,0.015396825,0.738958366,0
202208,15500,"Burlington, NC",256,21,-5,7,85.78595318,95.31772575,76.2541806,31,0.068965517,2,0.347826087,8,-11.5,-0.085656143,-0.313222181,1.537147579,362495,-0.058454545,0.254307959,0.837482297,0
202208,19430,"Dayton-Kettering, OH",63,22,-2,4,84.28093646,79.59866221,88.9632107,36,0.24137931,7,0.531914894,12.5,-6.5,0.0047275,-0.179811525,1.760943107,212533.25,-0.033500455,0.012424675,0.491021488,1
202208,31140,"Louisville/Jefferson County, KY-IN",44,23,3,0,83.77926421,95.31772575,72.24080268,31,0.24,6,0.291666667,7,-11.5,-0.08539502,-0.283450558,1.464624671,299900,0,0.111152279,0.692867325,0
202208,39540,"Racine, WI",223,24,-6,-13,83.61204013,81.93979933,85.28428094,35.5,0.183333333,5.5,0.224137931,6.5,-7,-0.042989073,-0.154652073,1.696099232,323675,-0.018869354,0.282135076,0.74779537,0
202208,33340,"Milwaukee-Waukesha, WI",39,25,-11,-88,82.77591973,85.28428094,80.26755853,34.5,0.15,4.5,0.014705882,0.5,-8,-0.045327747,-0.075793547,1.578502965,362450,0.007085301,0.25025871,0.837378332,0
202208,43780,"South Bend-Mishawaka, IN-MI",160,26,8,-58,82.44147157,92.30769231,72.57525084,33,0.2,5.5,-0.043478261,-1.5,-9.5,-0.117942494,-0.231367531,1.466428533,271750,0.025858815,0.235367655,0.627831596,0
202208,35980,"Norwich-New London, CT",183,27,8,-23,82.27424749,68.22742475,96.32107023,37.5,0.25,7.5,0.19047619,6,-5,-0.006542226,0.070088033,2.26286109,409900,0.02475,0.188202044,0.947003389,0
202208,40980,"Saginaw, MI",226,28,-32,-8,82.10702341,93.97993311,70.23411371,32,0.032258065,1,0.163636364,4.5,-10.5,-0.054187921,-0.27709997,1.423548428,159450,-0.027743902,0.127652051,0.368381777,0
202208,14460,"Boston-Cambridge-Newton, MA-NH",10,28,1,-27,82.10702341,83.27759197,80.93645485,35,0.25,7,0.111111111,3.5,-7.5,0.033185669,-0.189619518,1.610160327,725000,-0.01894452,0.115556239,1.674987698,0
202208,10420,"Akron, OH",76,30,-23,-24,81.77257525,79.59866221,83.94648829,36,0.125,4,0.142857143,4.5,-6.5,-0.033534654,-0.163010612,1.663963564,197750,-0.010755378,0.079421397,0.456867334,0
202208,15540,"Burlington-South Burlington, VT",201,30,16,-56,81.77257525,66.88963211,96.6555184,37.75,0.301724138,8.75,-0.006578947,-0.25,-4.75,-0.053422182,0.033118565,2.270354062,466950,-0.016947368,0.098705882,1.078807594,0
202208,29620,"Lansing-East Lansing, MI",101,32,-5,-6,81.60535117,95.31772575,67.89297659,31,0.107142857,3,0.265306122,6.5,-11.5,-0.023906369,-0.239877302,1.38841194,202475,-0.031220096,0.095051379,0.467783633,0
202208,28940,"Knoxville, TN",61,33,-25,-26,79.26421405,75.25083612,83.27759197,36.5,0.106060606,3.5,0.028169014,1,-6,-0.02235287,-0.286487558,1.661997197,412500,-0.006024096,0.250189423,0.953010242,0
202208,39740,"Reading, PA",132,34,-59,-156,78.92976589,88.29431438,69.56521739,34,0.03030303,1,-0.160493827,-6.5,-8.5,-0.024479384,-0.126555259,1.401786846,264900,0.055378486,0.07904438,0.61200585,0
202208,47380,"Waco, TX",184,35,18,26,78.76254181,75.25083612,82.27424749,36.5,0.237288136,7,0.46,11.5,-6,-0.133724918,-0.414863464,1.644446423,350000,-0.00990099,0.272842986,0.808614751,0
202208,30140,"Lebanon, PA",296,35,0,-33,78.76254181,82.94314381,74.5819398,35.25,0.137096774,4.25,-0.007042254,-0.25,-7.25,-0.181609116,-0.297876438,1.50028803,295000,0.012180477,0.391082923,0.681546718,0
202208,15940,"Canton-Massillon, OH",128,37,3,-75,77.92642141,85.28428094,70.56856187,34.5,0.189655172,5.5,0.061538462,2,-8,-0.095463147,-0.151741531,1.427429201,194475,-0.022738693,0.051784749,0.44930101,0
