data/RDC_Inventory_Hotness_Metrics_Metro_History.csv
month_date_yyyymm,cbsa_code,cbsa_title,nielsen_hh_rank,hotness_rank,hotness_rank_mm,hotness_rank_yy,hotness_score,supply_score,demand_score,median_days_on_market,median_days_on_market_mm,median_dom_mm_day,median_days_on_market_yy,median_dom_yy_day,median_dom_vs_us,ldp_unique_viewers_per_property_mm,ldp_unique_viewers_per_property_yy,ldp_unique_viewers_per_property_vs_us,median_listing_price,median_listing_price_mm,median_listing_price_yy,median_listing_price_vs_us,quality_flag
202208,45780,"Toledo, OH",87,38,-39,-18,77.75919732,79.59866221,75.91973244,36,0.058823529,2,0.2,6,-6.5,-0.034333533,-0.171086457,1.528675888,179950,-0.026771228,0.006671049,0.415743498,0
202208,39660,"Rapid City, SD",280,39,-24,19,77.25752508,78.92976589,75.58528428,36.25,0.1328125,4.25,0.421568627,10.75,-6.25,-0.0549266,-0.333213614,1.519541014,404925,0.012565641,0.20666021,0.935509508,0
202208,36780,"Oshkosh-Neenah, WI",235,40,2,-46,76.92307692,55.85284281,97.99331104,39.75,0.2421875,7.75,-0.00625,-0.25,-2.75,0.174561179,-0.021347045,2.399863792,286950,0.125514807,0.215503548,0.662948579,0
202208,20260,"Duluth, MN-WI",164,41,-4,-125,74.5819398,53.51170569,95.65217391,40,0.142857143,5,-0.252336449,-13.5,-2.5,-0.058497807,0.021636073,2.200954011,250000,-0.038091574,0.251564456,0.577581965,0
202208,30780,"Little Rock-North Little Rock-Conway, AR",73,42,-6,-60,74.08026756,81.93979933,66.22073579,35.5,0.183333333,5.5,0.075757576,2.5,-7,-0.098633273,-0.201662551,1.373544576,276250,-0.010518059,0.117290192,0.638228071,0
202208,27620,"Jefferson City, MO",287,43,-95,40,73.41137124,66.88963211,79.93311037,37.75,-0.05625,-2.25,0.841463415,17.25,-4.75,-0.045031762,-0.482659138,1.577695357,216250,-0.007572281,0.095491388,0.499608399,1
202208,42540,"Scranton--Wilkes-Barre, PA",99,44,1,-16,73.24414716,53.51170569,92.97658863,40,0.176470588,6,0.095890411,3.5,-2.5,-0.081394728,-0.202345628,1.966728865,225000,-0.012291484,0.147373789,0.519823768,0
202208,30980,"Longview, TX",181,45,-28,-51,73.07692308,61.53846154,84.61538462,38.5,0.069444444,2.5,0,0,-4,-0.076428666,-0.196174659,1.68247775,298450,-0.001839465,0.145131895,0.689517349,0
202208,44100,"Springfield, IL",208,46,-26,-24,72.57525084,63.87959866,81.27090301,38,0.151515152,5,0.225806452,7,-4.5,0.022193878,-0.110366855,1.614545874,173475,0.02647929,0.361122009,0.400784125,0
202208,10900,"Allentown-Bethlehem-Easton, PA-NJ",65,47,3,-44,72.0735786,71.23745819,72.909699,37,0.275862069,8,0.15625,5,-5.5,0.005565745,-0.154689213,1.466645848,352500,0.007430694,0.177158123,0.81439057,0
202208,48140,"Wausau-Weston, WI",258,48,-74,-101,70.40133779,49.1638796,91.63879599,41,-0.057471264,-2.5,0.025,1,-1.5,-0.047150638,0.074475763,1.887901415,289102.75,-0.010938248,0.207361662,0.667922137,0
202208,11100,"Amarillo, TX",190,49,-8,-60,70.06688963,71.23745819,68.89632107,37,0.193548387,6,0.034965035,1.25,-5.5,-0.110410457,-0.218235864,1.394172492,326837.5,0.021367188,0.13692495,0.755101782,0
202208,17900,"Columbia, SC",68,49,17,24,70.06688963,85.28428094,54.84949833,34.5,0.4375,10.5,0.568181818,12.5,-8,-0.10059366,-0.373617135,1.216495407,315666.25,-0.005354237,0.169350806,0.729292531,1
202208,21780,"Evansville, IN-KY",158,51,11,-2,69.89966555,71.23745819,68.56187291,37,0.321428571,9,0.396226415,10.5,-5.5,-0.019768016,-0.212986996,1.392911645,218900,-0.024727111,0.251572327,0.505730768,0
202208,42340,"Savannah, GA",139,51,0,-144,69.89966555,68.22742475,71.57190636,37.5,0.209677419,6.5,-0.107142857,-4.5,-5,-0.090640916,-0.109427063,1.462489119,399000,-0.012645072,0.210925645,0.921820816,0
202208,46340,"Tyler, TX",206,53,-25,-30,69.56521739,56.18729097,82.94314381,39.5,0.097222222,3.5,0.039473684,1.5,-3,-0.062516665,-0.286199722,1.64916215,389187.5,-0.013966304,0.091460422,0.899150724,0
202208,29540,"Lancaster, PA",106,53,-31,-75,69.56521739,58.52842809,80.60200669,39,0.083333333,3,-0.037037037,-1.5,-3.5,-0.072048349,-0.146712476,1.607966497,360000,0.000138908,0.094391245,0.831718029,0
202208,19820,"Detroit-Warren-Dearborn, MI",13,55,-23,-10,69.23076923,90.30100334,48.16053512,33.5,0.155172414,4.5,0.367346939,9,-9,-0.046428238,-0.31696431,1.129909042,271950,-0.028403001,0.017015707,0.628293661,0
202208,15380,"Buffalo-Cheektowaga, NY",47,56,-22,-7,68.89632107,75.25083612,62.54180602,36.5,0.177419355,5.5,0.216666667,6.5,-6,-0.044671935,-0.270670276,1.319771903,244925,-0.019907963,0.076830073,0.565857051,0
202208,25860,"Hickory-Lenoir-Morganton, NC",146,57,-8,9,68.89632107,47.82608696,89.96655518,41.75,0.192857143,6.75,0.210144928,7.25,-0.75,0.000885756,-0.320879799,1.792348053,342450,0.007502207,0.270922249,0.791171775,0
202208,16860,"Chattanooga, TN-GA",98,58,8,31,67.89297659,60.53511706,75.25083612,38.75,0.25,7.75,0.313559322,9.25,-3.75,-0.075542258,-0.324724547,1.518729061,396900,-0.005263158,0.221512657,0.916969127,0
202208,17860,"Columbia, MO",214,59,29,29,67.22408027,70.56856187,63.87959866,37.25,0.405660377,10.75,0.307017544,8.75,-5.25,-0.074410607,-0.33260853,1.353308866,341800,0.020603165,0.279071943,0.789670062,0
202208,20500,"Durham-Chapel Hill, NC",89,60,8,8,67.05685619,88.29431438,45.81939799,34,0.36,9,0.172413793,5,-8.5,-0.099435802,-0.401243389,1.10542814,492581.25,-0.012863226,0.106333698,1.138024185,0
202208,44060,"Spokane-Spokane Valley, WA",96,61,-37,-31,66.38795987,93.31103679,39.46488294,32.75,0.129310345,3.75,0.091666667,2.75,-9.75,-0.051603989,-0.361035203,1.055232279,489584,-0.018869739,0.10019,1.131099554,0
202208,48620,"Wichita, KS",90,61,-12,-102,66.38795987,53.51170569,79.26421405,40,0.142857143,5,-0.101123596,-4.5,-2.5,-0.073773576,-0.150710498,1.576471822,290000,0.035714286,0.348837209,0.669995079,0
202208,17460,"Cleveland-Elyria, OH",32,61,-33,-60,66.38795987,56.18729097,76.58862876,39.5,0.097222222,3.5,0.039473684,1.5,-3,-0.059371408,-0.180755117,1.540862447,224450,-0.002000889,0.122530633,0.518553088,0
202208,21500,"Erie, PA",177,64,-55,-45,66.22073579,44.48160535,87.95986622,42.75,0.06875,2.75,0.082278481,3.25,0.25,-0.046272901,-0.134794907,1.741520035,184875,-0.026461295,0.254027472,0.427121863,0
202208,39580,"Raleigh-Cary, NC",42,65,-1,55,66.05351171,96.6555184,35.45150502,30.5,0.326086957,7.5,0.452380952,9.5,-12,-0.074495956,-0.556239068,1.025657616,483565.5,-0.022902607,0.144804688,1.117194846,0
202208,48660,"Wichita Falls, TX",290,66,24,-10,65.71906355,88.29431438,43.14381271,34,0.36,9,0.236363636,6.5,-8.5,-0.162790977,-0.353857031,1.082647615,185000,0.033519553,0.126331811,0.427410654,0
202208,17820,"Colorado Springs, CO",74,67,-4,56,65.55183947,90.30100334,40.80267559,33.5,0.34,8.5,1.233333333,18.5,-9,-0.057580437,-0.489443087,1.059074577,516344.25,-0.007030288,0.08418171,1.192924505,1
202208,24340,"Grand Rapids-Kentwood, MI",52,68,-40,-63,65.38461539,85.28428094,45.48494983,34.5,0.15,4.5,0.078125,2.5,-8,-0.03369453,-0.231749194,1.09978458,377400,0.0064,0.237579931,0.871917734,0
202208,16700,"Charleston-North Charleston, SC",67,69,20,-32,65.2173913,71.23745819,59.19732442,37,0.275862069,8,0.138461538,4.5,-5.5,-0.098503347,-0.261810509,1.267103193,505073,-0.037937865,0.053409529,1.166884223,0
202208,41500,"Salinas, CA",154,69,-12,-35,65.2173913,41.13712375,89.29765886,43.25,0.168918919,6.25,0.017647059,0.75,0.75,-0.036834554,-0.254892015,1.762699099,988444,-0.010368442,-0.173541806,2.28362971,1
202208,12620,"Bangor, ME",268,71,-4,-54,65.05016722,44.48160535,85.6187291,42.75,0.1875,6.75,0.155405405,5.75,0.25,-0.056565751,-0.037306504,1.709698954,236175,-0.054921969,0.02830086,0.545641682,0
202208,47940,"Waterloo-Cedar Falls, IA",244,71,43,-147,65.05016722,68.22742475,61.8729097,37.5,0.5625,13.5,-0.013157895,-0.5,-5,-0.084277888,0.009266686,1.305044811,216950,0.090201005,0.356785491,0.501225629,0
202208,30100,"Lebanon, NH-VT",197,73,14,-72,64.3812709,33.77926421,94.98327759,45,0.25,9,-0.0625,-3,2.5,0.026455532,0.029999041,2.153351317,409750,0.026942356,0.280668855,0.94665684,0
202208,28020,"Kalamazoo-Portage, MI",174,73,-59,-98,64.3812709,90.30100334,38.46153846,33.5,0.080645161,2.5,-0.014705882,-0.5,-9,-0.060603986,-0.208402825,1.049872861,289950,-0.049344262,-0.00854847,0.669879563,0
202208,40220,"Roanoke, VA",155,73,-41,-71,64.3812709,36.12040134,92.64214047,44.25,0.041176471,1.75,-0.016666667,-0.75,1.75,-0.001937987,-0.025301199,1.94046188,324975,-0.055991285,0.165098145,0.750798796,0
202208,20740,"Eau Claire, WI",243,73,32,0,64.3812709,41.13712375,87.62541806,43.25,0.39516129,12.25,0.272058824,9.25,0.75,-0.033692697,-0.124150822,1.737156647,362425,0.047471098,0.210403273,0.837320574,0
202208,24660,"Greensboro-High Point, NC",72,77,-50,-89,64.21404682,58.52842809,69.89966555,39,0.114285714,4,0.046979866,1.75,-3.5,0.061373864,-0.107915169,1.405929638,321995,0.006234375,0.280552794,0.743914019,0
202208,32820,"Memphis, TN-MS-AR",46,77,10,-29,64.21404682,61.53846154,66.88963211,38.5,0.241935484,7.5,-0.025316456,-1,-4,-0.066765557,-0.315917406,1.379627153,310500,-0.024811558,0.242496999,0.7173568,0
202208,22660,"Fort Collins, CO",140,79,9,-100,64.04682274,78.92976589,49.1638796,36.25,0.25,7.25,-0.006849315,-0.25,-6.25,-0.089029912,-0.196684844,1.142524578,635000,0,0.166368187,1.46705819,0
202208,42200,"Santa Maria-Santa Barbara, CA",142,80,59,33,63.87959866,45.15050167,82.60869565,42.5,0.465517241,13.5,0.268656716,9,0,-0.086315803,-0.328933284,1.645784785,1262250,0.051875,0.056718292,2.91621134,0
202208,11540,"Appleton, WI",193,80,5,47,63.87959866,30.43478261,97.32441472,46,0.210526316,8,0.4375,14,3.5,0.023073565,-0.157127849,2.279567198,372400,0.020273973,0.28458089,0.860366095,0
202208,13780,"Binghamton, NY",189,82,13,-23,63.5451505,36.78929766,90.30100334,44,0.205479452,7.5,0.142857143,5.5,1.5,-0.023446442,-0.085771861,1.817314616,185225,-0.024874967,0.009400545,0.427930478,0
202208,19100,"Dallas-Fort Worth-Arlington, TX",4,82,1,-32,63.5451505,83.27759197,43.81270903,35,0.206896552,6,0.129032258,4,-7.5,-0.079298914,-0.29422575,1.088986292,462500,-0.036257554,0.15914787,1.068526635,0
202208,45300,"Tampa-St. Petersburg-Clearwater, FL",17,84,31,36,63.37792642,71.23745819,55.51839465,37,0.275862069,8,0.174603175,5.5,-5.5,-0.107715714,-0.427079116,1.2216749,437450,-0.015195858,0.216828929,1.010652922,0
202208,49620,"York-Hanover, PA",118,84,-95,-106,63.37792642,58.52842809,68.22742475,39,0,0,-0.025,-1,-3.5,0.038579346,-0.124932732,1.392715306,324900,0.018607057,0.232330761,0.750625521,0
202208,31180,"Lubbock, TX",165,86,-2,-41,62.87625418,96.6555184,29.09698997,30.5,0.089285714,2.5,-0.054263566,-1.75,-12,-0.153571772,-0.361699921,0.933064887,319304.5,-0.002173438,0.080099789,0.737698082,0
202208,21660,"Eugene-Springfield, OR",127,87,-41,-129,62.87625418,85.28428094,40.46822743,34.5,0.15,4.5,-0.067567568,-2.5,-8,0.019427577,-0.121999269,1.058743038,508945,-0.006839692,0.101731789,1.175829812,0
202208,27180,"Jackson, TN",245,87,42,15,62.87625418,46.82274248,78.92976589,42.25,0.28030303,9.25,0.119205298,4.5,-0.25,-0.152277203,-0.365922957,1.57579195,248475,0.0353125,0.235118678,0.574058715,0
202208,19340,"Davenport-Moline-Rock Island, IA-IL",134,89,-56,-139,62.54180602,48.16053512,76.92307692,41.5,0.092105263,3.5,0,0,-1,0.093768437,0.149516903,1.547463128,195000,0.026315789,0.517509728,0.450513932,1
202208,13740,"Billings, MT",221,90,43,66,62.37458194,38.79598662,85.95317726,43.5,0.318181818,10.5,0.45,13.5,1,-0.070921106,-0.401889643,1.715228746,487450,-0.023543528,0.124257626,1.126169315,0
202208,28660,"Killeen-Temple, TX",121,91,-25,15,62.20735786,94.64882943,29.76588629,31.75,0.058333333,1.75,-0.015503876,-0.5,-10.75,-0.157215423,-0.498515839,0.937096724,310500,-0.007828727,0.220279033,0.7173568,0
202208,11460,"Ann Arbor, MI",141,91,29,-106,62.20735786,61.53846154,62.87625418,38.5,0.283333333,8.5,-0.025316456,-1,-4,-0.047246709,-0.1105716,1.329029888,449943.75,-0.002098627,0.125001406,1.03951758,0
202208,26900,"Indianapolis-Carmel-Anderson, IN",34,93,-23,-50,61.37123746,75.25083612,47.4916388,36.5,0.177419355,5.5,0.057971014,2,-6,-0.051137085,-0.256783419,1.125414902,309750,-0.046629732,0.110215054,0.715624054,0
202208,37340,"Palm Bay-Melbourne-Titusville, FL",88,94,-5,-31,61.0367893,63.87959866,58.19397993,38,0.117647059,4,0.04109589,1.5,-4.5,-0.123461421,-0.283926341,1.248866282,389995,-0.024768692,0.092575991,0.901016313,0
202208,27900,"Joplin, MO",254,95,10,28,60.86956522,61.53846154,60.2006689,38.5,0.203125,6.5,0.262295082,8,-4,-0.116036372,-0.290615327,1.281430501,207450,0.037509377,0.079906299,0.479277514,0
202208,27500,"Janesville-Beloit, WI",264,96,32,65,60.70234114,30.43478261,90.96989967,46,0.277777778,10,0.472,14.75,3.5,-0.065390027,-0.243160384,1.860561761,296450,0.022241379,0.310421041,0.684896694,0
202208,34980,"Nashville-Davidson--Murfreesboro--Franklin, TN",35,97,7,66,60.53511706,98.66220736,22.40802676,26.5,0.261904762,5.5,0.65625,10.5,-16,-0.094993671,-0.518077012,0.856999151,533166.75,-0.030588283,0.211880327,1.231789996,1
202208,44180,"Springfield, MO",113,98,60,47,60.53511706,51.83946488,69.23076923,40.75,0.405172414,11.75,0.381355932,11.25,-1.75,-0.086336908,-0.272096464,1.399665055,335000,-0.028915139,0.245700474,0.773959833,0
202208,40340,"Rochester, MN",202,99,-37,-76,60.2006689,56.18729097,64.21404682,39.5,0.067567568,2.5,0.067567568,2.5,-3,-0.047252929,-0.089604404,1.353457854,382400,0.047671233,0.185920298,0.883469373,0
202208,45460,"Terre Haute, IN",240,99,-9,-95,60.2006689,49.1638796,71.23745819,41,0.108108108,4,-0.078651685,-3.5,-1.5,-0.096089206,-0.16184055,1.451961996,148450,-0.066352201,0.025030209,0.342968171,0
202208,31540,"Madison, WI",77,99,-4,-19,60.2006689,33.77926421,86.62207358,45,0.184210526,7,0.184210526,7,2.5,0.001559936,-0.094382934,1.721725386,412400,0.005853659,0.078451883,0.952779209,0
202208,48900,"Wilmington, NC",162,102,19,-14,60.03344482,30.43478261,89.63210702,46,0.243243243,9,0.082352941,3.5,3.5,-0.030005748,-0.181722012,1.770517646,549900,0.03774297,0.246986845,1.270449289,0
202208,45900,"Traverse City, MI",266,103,47,4,59.69899666,27.090301,92.30769231,47,0.342857143,12,0.13253012,5.5,4.5,-0.01742895,-0.19206744,1.909218961,509750,-0.041733246,0.129327682,1.177689626,0
202208,33700,"Modesto, CA",119,104,-3,35,58.36120401,75.25083612,41.47157191,36.5,0.216666667,6.5,0.377358491,10,-6,-0.067045197,-0.371229175,1.063808067,474999.75,-0.010417188,0.032608152,1.097405155,0
202208,19740,"Denver-Aurora-Lakewood, CO",18,104,2,22,58.36120401,96.6555184,20.06688963,30.5,0.326086957,7.5,0.648648649,12,-12,-0.035974915,-0.391011711,0.8395627,632500,-0.026923077,0.054167545,1.461282371,1
202208,37100,"Oxnard-Thousand Oaks-Ventura, CA",85,106,-5,14,58.02675585,63.87959866,52.17391304,38,0.151515152,5,0.225806452,7,-4.5,-0.105207562,-0.306223379,1.173808495,892500,-0.008223136,0.050958227,2.061967614,0
202208,23420,"Fresno, CA",71,107,-37,88,57.52508361,70.56856187,44.48160535,37.25,0.1640625,5.25,0.619565217,14.25,-5.25,-0.034716374,-0.470766596,1.096918768,431400,-0.019322573,0.08059365,0.996675438,1
202208,24300,"Grand Junction, CO",278,108,22,8,57.35785953,63.87959866,50.8361204,38,0.266666667,8,0.266666667,8,-4.5,-0.07647046,-0.275546238,1.156491823,480000,0.032258065,0.118294601,1.108957372,0
202208,11700,"Asheville, NC",111,109,12,-74,57.19063545,27.090301,87.2909699,47,0.236842105,9,-0.078431373,-4,4.5,-0.034251285,-0.120028575,1.728249485,519950,-0.018962264,0.156858383,1.20125497,0
202208,12540,"Bakersfield, CA",83,109,-2,69,57.19063545,68.22742475,46.15384615,37.5,0.209677419,6.5,0.388888889,10.5,-5,-0.073313588,-0.416875616,1.112262497,389500,-0.001282051,0.2171875,0.899872701,0
202208,25420,"Harrisburg-Carlisle, PA",93,111,-44,-12,57.02341137,42.14046823,71.90635452,43,0.048780488,2,0.088607595,3.5,0.5,-0.071814448,-0.243965704,1.463221485,311108.75,0.054605932,0.296691675,0.718763212,0
202208,37900,"Peoria, IL",130,111,0,-96,57.02341137,49.1638796,64.88294314,41,0.138888889,5,-0.035294118,-1.5,-1.5,-0.086980513,-0.159042785,1.357342406,150650,0.011073826,0.261197154,0.348050892,0
202208,16740,"Charlotte-Concord-Gastonia, NC-SC",22,111,-12,68,57.02341137,75.25083612,38.79598662,36.5,0.196721311,6,0.351851852,9.5,-6,-0.023247917,-0.439254424,1.051220821,425000,-0.011398,0.103681101,0.98188934,0
202208,12700,"Barnstable Town, MA",192,114,13,-36,56.85618729,19.39799331,94.31438127,49.5,0.2375,9.5,-0.029411765,-1.5,7,0.000521142,-0.036843366,2.133102977,799900,-0.030424242,0.121958062,1.848031254,0
202208,36540,"Omaha-Council Bluffs, NE-IA",57,115,-67,-81,56.35451505,93.64548495,19.06354515,32.5,0.015625,0.5,-0.084507042,-3,-10,-0.132729659,-0.342046111,0.831134726,379950,-0.000131579,0.311642358,0.87780907,0
202208,49660,"Youngstown-Warren-Boardman, OH-PA",103,116,-12,-16,56.18729097,38.79598662,73.57859532,43.5,0.115384615,4.5,0.06097561,2.5,1,-0.08504292,-0.210475803,1.483253372,150000,0.013513514,0.132502831,0.346549179,0
202208,40900,"Sacramento-Roseville-Folsom, CA",29,117,-3,28,55.68561873,61.53846154,49.83277592,38.5,0.203125,6.5,0.262295082,8,-4,-0.068996717,-0.317663541,1.145658087,614800,-0.023972059,0.049639336,1.420389567,0
202208,39060,"Pottsville, PA",289,118,58,62,55.35117057,49.1638796,61.53846154,41,0.344262295,10.5,0.378151261,11.25,-1.5,-0.075148922,-0.283853031,1.29782997,134975,0.039068514,0.12479401,0.311836503,0
202208,49740,"Yuma, AZ",260,118,14,62,55.35117057,63.5451505,47.15719064,38.25,0.275,8.25,0.224,7,-4.25,-0.025099872,-0.418960865,1.11928662,310000,0,0.148148148,0.716201636,0
202208,47300,"Visalia, CA",149,120,67,98,55.01672241,35.11705686,74.91638796,44.75,0.443548387,13.75,0.543103448,15.75,2.25,-0.052608529,-0.423281362,1.517311943,401465.5,0.003688842,0.202892884,0.927516929,1
202208,14860,"Bridgeport-Stamford-Norwalk, CT",62,121,32,-115,54.34782609,27.090301,81.60535117,47,0.342857143,12,-0.040816327,-2,4.5,0.023639672,0.027669308,1.633448672,804725,-0.020956263,0.150511116,1.859178586,0
