data/RDC_Inventory_Hotness_Metrics_Metro_History.csv
month_date_yyyymm,cbsa_code,cbsa_title,nielsen_hh_rank,hotness_rank,hotness_rank_mm,hotness_rank_yy,hotness_score,supply_score,demand_score,median_days_on_market,median_days_on_market_mm,median_dom_mm_day,median_days_on_market_yy,median_dom_yy_day,median_dom_vs_us,ldp_unique_viewers_per_property_mm,ldp_unique_viewers_per_property_yy,ldp_unique_viewers_per_property_vs_us,median_listing_price,median_listing_price_mm,median_listing_price_yy,median_listing_price_vs_us,quality_flag
202208,14010,"Bloomington, IL",259,122,-46,-100,54.34782609,35.45150502,73.24414716,44.5,0.05952381,2.5,0.011363636,0.5,2,-0.008890654,-0.046311055,1.470751769,193725,-0.109105542,0.24983871,0.447568264,0
202208,41180,"St. Louis, MO-IL",20,122,-46,-86,54.34782609,51.83946488,56.85618729,40.75,0.101351351,3.75,0.058441558,2.25,-1.75,-0.02232892,-0.111214793,1.233604299,275950,0.003454545,0.104241697,0.637534973,0
202208,34100,"Morristown, TN",300,124,38,83,54.18060201,24.74916388,83.61204013,47.75,0.290540541,10.75,0.469230769,15.25,5.25,-0.079531244,-0.332827644,1.662253745,364450,-0.028003734,0.121729763,0.841998988,0
202208,13820,"Birmingham-Hoover, AL",50,125,29,-49,54.01337793,63.87959866,44.14715719,38,0.266666667,8,0.055555556,2,-4.5,-0.085502329,-0.230280758,1.089720476,286088,-0.044781302,0.031142829,0.660957076,0
202208,34740,"Muskegon, MI",248,126,-48,-11,53.34448161,74.5819398,32.10702341,36.75,0.1484375,4.75,0.225,6.75,-5.75,-0.034894015,-0.234240676,0.979716414,247675,0.032409337,0.238994497,0.572210452,0
202208,40060,"Richmond, VA",43,127,-65,-122,52.84280937,56.18729097,49.49832776,39.5,0.067567568,2.5,-0.112359551,-5,-3,-0.014722069,-0.157691061,1.145407442,385000,-0.010282776,0.100235765,0.889476226,0
202208,17300,"Clarksville, TN-KY",169,128,13,57,52.67558528,94.98327759,10.36789298,31.5,0.369565217,8.5,0.702702703,13,-11,-0.104730248,-0.504626973,0.710239357,364950,0.019555804,0.215588309,0.843154152,1
202208,45860,"Torrington, CT",229,129,-18,-111,52.67558528,16.72240803,88.62876254,50,0.162790698,7,-0.038461538,-2,7.5,0.03578832,0.059547043,1.757342037,549500,0.027102804,0.101202405,1.269525158,0
202208,19660,"Deltona-Daytona Beach-Ormond Beach, FL",78,130,9,9,52.5083612,58.52842809,46.48829431,39,0.21875,7,0.098591549,3.5,-3.5,-0.08971189,-0.356458432,1.116557982,399900,-0.005805064,0.179646018,0.923900111,0
202208,38300,"Pittsburgh, PA",23,131,-23,-44,52.34113712,38.79598662,65.88628763,43.5,0.115384615,4.5,0.06097561,2.5,1,-0.073138534,-0.194728079,1.369497955,232499.5,-0.027198745,0.01130709,0.537150072,0
202208,41740,"San Diego-Chula Vista-Carlsbad, CA",19,132,-20,-30,52.17391304,79.59866221,24.74916388,36,0.2,6,0.2,6,-6.5,-0.025902124,-0.231239672,0.888121471,896500,-0.003778198,0.096703162,2.071208925,0
202208,22220,"Fayetteville-Springdale-Rogers, AR",107,132,40,52,52.17391304,38.79598662,65.55183947,43.5,0.279411765,9.5,0.260869565,9,1,-0.092697349,-0.306874247,1.363951428,414372.5,-0.024891164,0.184110886,0.957336331,0
202208,45940,"Trenton-Princeton, NJ",148,132,-34,-106,52.17391304,48.16053512,56.18729097,41.5,0.106666667,4,-0.082872928,-3.75,-1,-0.038299372,-0.153034022,1.222082885,388750,0.036943185,0.09537898,0.898139955,0
202208,37860,"Pensacola-Ferry Pass-Brent, FL",109,135,67,109,52.17391304,49.1638796,55.18394649,41,0.366666667,11,0.490909091,13.5,-1.5,-0.09079554,-0.411452655,1.217272861,395150.5,0.000634338,0.129324093,0.912927209,0
202208,35840,"North Port-Sarasota-Bradenton, FL",56,136,36,72,52.00668896,36.78929766,67.22408027,44,0.257142857,9,0.205479452,7.5,1.5,-0.06830828,-0.416730253,1.380157574,556038.75,-0.049343905,0.197714055,1.284631815,0
202208,35660,"Niles, MI",270,136,-5,-32,52.00668896,25.4180602,78.59531773,47.5,0.117647059,5,0.098265896,4.25,5,-0.057880299,-0.124256496,1.571372071,374950,-0.050639321,0.0758967,0.866257431,0
202208,28420,"Kennewick-Richland, WA",178,138,-8,96,51.50501672,66.88963211,36.12040134,37.75,0.198412698,6.25,0.572916667,13.75,-4.75,-0.035370421,-0.424416837,1.028800235,525000,0,0.04017039,1.212922126,1
202208,47260,"Virginia Beach-Norfolk-Newport News, VA-NC",36,139,6,-42,51.33779264,90.30100334,12.37458194,33.5,0.240740741,6.5,0.175438596,5,-9,-0.061117673,-0.097203893,0.72844831,349900,-0.000285714,0.166722241,0.808383718,0
202208,49420,"Yakima, WA",213,140,15,79,51.00334448,53.51170569,48.49498328,40,0.25,8,0.70212766,16.5,-2.5,-0.069052895,-0.314105321,1.130184837,414450,-0.036050704,0.184271435,0.957515381,1
202208,26620,"Huntsville, AL",108,141,-10,96,51.00334448,90.30100334,11.70568562,33.5,0.155172414,4.5,1.310344828,19,-9,-0.110717626,-0.574364865,0.721778369,394088.75,-0.012061294,0.222076302,0.910474218,1
202208,22180,"Fayetteville, NC",112,141,-47,12,51.00334448,68.22742475,33.77926421,37.5,0.071428571,2.5,0.119402985,4,-5,-0.069110742,-0.349257865,1.010737757,325000,0.079734219,0.428571429,0.750856554,0
202208,49180,"Winston-Salem, NC",86,143,-49,-34,50.8361204,42.14046823,59.53177258,43,0.102564103,4,0.131578947,5,0.5,-0.001372251,-0.205577669,1.267556297,318995,-0.003140625,0.192950636,0.736983035,0
202208,36740,"Orlando-Kissimmee-Sanford, FL",25,144,50,55,50.66889632,53.51170569,47.82608696,40,0.290322581,9,0.111111111,4,-2.5,-0.125694873,-0.414243456,1.128757073,452500,-0.026672403,0.206827577,1.045423356,0
202208,44300,"State College, PA",273,144,1,6,50.66889632,30.43478261,70.90301003,46,0.243243243,9,0.022222222,1,3.5,0.037155267,-0.291079959,1.445683548,374925,0.006780344,0.239831349,0.866199672,0
202208,24860,"Greenville-Anderson, SC",60,144,10,6,50.66889632,46.82274248,54.51505017,42.25,0.207142857,7.25,0.097402597,3.75,-0.25,-0.045740766,-0.313105152,1.212159562,350000,-0.00475726,0.029342133,0.808614751,0
202208,14500,"Boulder, CO",152,147,-3,5,50.50167224,79.59866221,21.40468227,36,0.2,6,0.161290323,5,-6.5,-0.077243565,-0.346693032,0.849737608,827000,-0.037252619,0.090309822,1.910641139,0
202208,45540,"The Villages, FL",253,147,-39,6,50.50167224,42.14046823,58.86287625,43,0.102564103,4,0.048780488,2,0.5,-0.044901651,-0.316346379,1.2517898,417475,-0.017705882,0.151734602,0.964504123,0
202208,42100,"Santa Cruz-Watsonville, CA",194,149,-4,29,49.66555184,45.15050167,54.18060201,42.5,0.148648649,5.5,0.349206349,11,0,-0.094164392,-0.223966356,1.208337518,1349000,0,0.148573861,3.116632281,0
202208,25940,"Hilton Head Island-Bluffton, SC",203,149,23,-24,49.66555184,15.05016722,84.28093646,50.5,0.174418605,7.5,-0.056074766,-3,8,-0.10228702,-0.206376714,1.677653145,627000,0.0032,0.173058934,1.448575567,0
202208,33460,"Minneapolis-St. Paul-Bloomington, MN-WI",15,151,-40,-34,49.33110368,75.25083612,23.41137124,36.5,0.140625,4.5,0.196721311,6,-6,-0.029529054,-0.069752114,0.875036468,419927.5,-0.008669736,0.169714485,0.970170202,0
202208,45060,"Syracuse, NY",84,152,-13,-54,49.33110368,11.70568562,86.95652174,52.5,0.117021277,5.5,0.03960396,2,10,-0.031566338,-0.043545519,1.724480424,224950,-0.04235845,0.153885612,0.519708252,0
202208,33660,"Mobile, AL",122,152,-61,46,49.33110368,45.15050167,53.51170569,42.5,0.0625,2.5,0.440677966,13,0,-0.026781314,-0.178825346,1.198740669,247132.5,0.029933319,0.236126047,0.5709571,0
202208,26140,"Homosassa Springs, FL",249,154,49,60,48.3277592,36.78929766,59.86622074,44,0.257142857,9,0.181208054,6.75,1.5,-0.126767043,-0.357024746,1.275878902,329250,-0.031332745,0.198580269,0.760675448,0
202208,22900,"Fort Smith, AR-OK",195,154,-2,19,48.3277592,38.79598662,57.85953177,43.5,0.12987013,5,0.175675676,6.5,1,-0.088819205,-0.270468935,1.248806655,233497.5,-0.006393617,0.182565206,0.539455779,0
202208,10180,"Abilene, TX",261,156,-63,-44,48.16053512,66.88963211,29.43143813,37.75,0.02027027,0.75,0.063380282,2.25,-4.75,-0.100741157,-0.230230909,0.935848787,279675,0.000805153,0.1653125,0.646140944,0
202208,41060,"St. Cloud, MN",220,157,-71,-67,47.99331104,52.5083612,43.47826087,40.5,0.025316456,1,0.125,4.5,-2,-0.019658371,0.027299121,1.08750963,335900,0.033538462,0.158475599,0.776039128,0
202208,46140,"Tulsa, OK",54,158,28,-54,47.82608696,61.53846154,34.11371238,38.5,0.241935484,7.5,0.026666667,1,-4,-0.100118983,-0.204477313,1.013065646,312598,-0.00112478,0.179615094,0.722203868,0
202208,26580,"Huntington-Ashland, WV-KY-OH",147,159,-5,12,47.65886288,9.030100334,86.28762542,53.5,0.163043478,7.5,0.163043478,7.5,11,-0.029608741,-0.140429752,1.716557603,170299.5,-0.026303602,0.135331892,0.393447679,0
202208,24540,"Greeley, CO",166,160,0,-38,47.65886288,83.27759197,12.04013378,35,0.206896552,6,0.09375,3,-7.5,-0.064485576,-0.306700296,0.725719475,528500,-0.026703499,0.05702114,1.221008273,0
202208,42020,"San Luis Obispo-Paso Robles, CA",180,161,38,-24,47.32441472,15.05016722,79.59866221,50.5,0.294871795,11.5,0.063157895,3,8,-0.05106813,-0.1393226,1.57687812,907500,-0.018918919,0.020522913,2.096622532,0
202208,41860,"San Francisco-Oakland-Berkeley, CA",12,162,-45,8,47.15719064,79.59866221,14.71571906,36,0.161290323,5,0.24137931,7,-6.5,0.053717861,-0.279240288,0.760405517,1037500,-0.055100182,0.042713568,2.396965153,0
202208,29700,"Laredo, TX",228,163,33,-67,47.15719064,49.1638796,45.15050167,41,0.242424242,8,-0.296137339,-17.25,-1.5,-0.098550246,-0.372159393,1.097850765,240000,0,0.067140952,0.554478686,0
202208,16980,"Chicago-Naperville-Elgin, IL-IN-WI",3,164,-32,-72,46.98996656,71.23745819,22.74247492,37,0.15625,5,0.01369863,0.5,-5.5,-0.022722027,-0.082726389,0.859954177,349900,-0.000285714,0.030785094,0.808383718,0
202208,45220,"Tallahassee, FL",138,165,-35,-76,46.6555184,58.52842809,34.7826087,39,0.083333333,3,0.026315789,1,-3.5,-0.071325873,-0.074434115,1.017711306,300000,-0.033660815,0.132075472,0.693098358,0
202208,46700,"Vallejo, CA",137,166,-33,86,46.48829431,71.23745819,21.73913044,37,0.088235294,3,0.396226415,10.5,-5.5,-0.102900121,-0.476505972,0.852677861,625000,0.016260163,0.073883162,1.443954912,0
202208,34060,"Morgantown, WV",283,167,-41,-87,45.98662207,7.023411371,84.94983278,54.75,0.004587156,0.25,-0.060085837,-3.5,12.25,0.078359131,0.011346939,1.684435972,274925,-0.010856562,-0.000272727,0.635166887,0
202208,24780,"Greenville, NC",230,167,-11,64,45.98662207,36.12040134,55.85284281,44.25,0.134615385,5.25,0.282608696,9.75,1.75,-0.094792175,-0.309417787,1.221981269,348675,0.040820896,0.430461539,0.805553566,0
202208,12060,"Atlanta-Sandy Springs-Alpharetta, GA",9,169,1,-78,45.81939799,75.25083612,16.38795987,36.5,0.216666667,6.5,-0.064102564,-2.5,-6,-0.052477081,-0.31888403,0.776715999,425000,-0.026823047,0.075949367,0.98188934,0
202208,16540,"Chambersburg-Waynesboro, PA",277,170,-66,-39,45.65217391,30.10033445,61.20401338,46.25,-0.005376344,-0.25,0.12804878,5.25,3.75,0.005512613,-0.104593614,1.29151133,303225,-0.081136364,0.301674179,0.700549165,0
202208,34820,"Myrtle Beach-Conway-North Myrtle Beach, SC-NC",102,170,-15,72,45.65217391,30.43478261,60.86956522,46,0.15,6,0.243243243,9,3.5,-0.08069924,-0.342224729,1.286655829,381042.5,-0.003536919,0.067420688,0.880333103,0
202208,31340,"Lynchburg, VA",182,172,32,-32,45.48494983,16.72240803,74.24749164,50,0.282051282,11,0.156069364,6.75,7.5,-0.036240362,-0.108196667,1.490602422,334450,0.013792058,0.205442422,0.772689152,0
202208,38940,"Port St. Lucie, FL",110,172,11,3,45.48494983,42.14046823,48.82943144,43,0.194444444,7,0.023809524,1,0.5,-0.08072677,-0.348498341,1.134097809,462500,-0.017838182,0.163668386,1.068526635,0
202208,14740,"Bremerton-Silverdale-Port Orchard, WA",176,174,0,-14,45.31772575,85.28428094,5.351170569,34.5,0.189655172,5.5,0.169491525,5,-8,-0.086067681,-0.241287312,0.619735484,632450,0.054083333,0.096148013,1.461166854,0
202208,22420,"Flint, MI",126,175,39,78,45.15050167,48.16053512,42.14046823,41.5,0.296875,9.5,0.296875,9.5,-1,-0.07268288,-0.377279902,1.067469999,218750,-0.005591417,0.042162935,0.505384219,0
202208,29460,"Lakeland-Winter Haven, FL",80,176,-28,52,45.15050167,68.22742475,22.0735786,37.5,0.071428571,2.5,0.013513514,0.5,-5,-0.131386694,-0.51897484,0.856388348,364000,-0.002739726,0.234515563,0.840959341,0
202208,46060,"Tucson, AZ",53,177,-34,18,44.64882943,75.25083612,14.04682274,36.5,0.140625,4.5,0.18699187,5.75,-6,-0.057113576,-0.36606418,0.74844056,390000,-0.024756189,0.084840056,0.901027865,0
202208,44700,"Stockton, CA",94,177,6,103,44.64882943,63.87959866,25.4180602,38,0.225806452,7,0.52,13,-4.5,-0.046350796,-0.451535955,0.891192004,594500,-0.009166667,0.10707635,1.373489912,1
202208,36837,"Ottawa, IL",284,179,-52,-76,44.64882943,32.10702341,57.19063545,45.5,0.034090909,1.5,0.011111111,0.5,3,-0.007916667,-0.09442787,1.23594149,159900,-0.015697138,0.095393047,0.369421425,0
202208,13980,"Blacksburg-Christiansburg, VA",265,180,-17,-30,44.31438127,14.71571906,73.91304348,50.75,0.10326087,4.75,-0.024038462,-1.25,8.25,-0.037087579,-0.171312873,1.487610582,327375,-0.088091922,0.148079958,0.756343583,0
202208,42660,"Seattle-Tacoma-Bellevue, WA",14,181,4,-1,44.14715719,88.29431438,0,34,0.214285714,6,0.283018868,7.5,-8.5,-0.040712609,-0.283853068,0.341720754,774975,-0.018956896,0.148153635,1.790446332,0
202208,43620,"Sioux Falls, SD",173,182,-53,-81,43.64548495,83.27759197,4.013377926,35,0.060606061,2,-0.066666667,-2.5,-7.5,-0.065587575,-0.157294579,0.596036801,348950,-0.002715061,0.269139844,0.806188906,0
202208,36500,"Olympia-Lacey-Tumwater, WA",168,183,26,50,42.80936455,83.27759197,2.341137124,35,0.346153846,9,0.818181818,15.75,-7.5,0.07140583,-0.319903911,0.573188676,548436,-0.001027322,0.128759455,1.267066969,1
202208,16620,"Charleston, WV",179,183,-25,-60,42.80936455,7.692307692,77.92642141,54,0.058823529,3,0.038461538,2,11.5,0.015890357,-0.049806314,1.566461874,144875,-0.034166667,0.03519114,0.334708749,0
202208,42140,"Santa Fe, NM",257,185,94,-8,42.64214047,7.692307692,77.59197324,54,0.5,18,0.069306931,3.5,11.5,-0.080482214,-0.165333054,1.553775103,847500,0.093548387,0.231026218,1.95800286,0
202208,10740,"Albuquerque, NM",58,186,44,-32,42.14046823,33.77926421,50.50167224,45,0.323529412,11,0.065088757,2.75,2.5,-0.032507743,-0.194667997,1.153928581,392500,0.006410256,0.154581556,0.906803685,0
202208,47900,"Washington-Arlington-Alexandria, DC-VA-MD-WV",7,187,-23,-35,41.97324415,75.25083612,8.695652174,36.5,0.177419355,5.5,0.123076923,4,-6,-0.015741434,-0.139194635,0.679114727,569998.5,-0.017243966,0.134353591,1.316883414,0
202208,27340,"Jacksonville, NC",250,188,-18,-37,41.80602007,38.79598662,44.81605351,43.5,0.144736842,5.5,0.023529412,1,1,-0.038281187,-0.222413481,1.097358522,329925,0.04771356,0.4391494,0.762234919,0
202208,27140,"Jackson, MS",104,189,7,43,41.63879599,16.72240803,66.55518395,50,0.162790698,7,0.136363636,6,7.5,-0.071136859,-0.289886849,1.377408287,299975,-0.032337149,0.102951653,0.693040599,0
202208,24580,"Green Bay, WI",153,190,18,42,41.47157191,4.682274247,78.26086957,56.5,0.269662921,12,0.164948454,8,14,-0.041540727,-0.233401939,1.567625782,389900,0,0.222640326,0.900796832,0
202208,17980,"Columbus, GA-AL",159,191,-4,-54,41.30434783,58.52842809,24.08026756,39,0.21875,7,0.026315789,1,-3.5,-0.00822848,-0.175866464,0.882277881,224500,-0.046506689,0.182201159,0.518668604,0
202208,13380,"Bellingham, WA",196,192,30,-19,41.13712375,79.59866221,2.675585284,36,0.285714286,8,0.142857143,4.5,-6.5,-0.059651101,-0.25727924,0.574742474,646500,-0.002314815,0.0775,1.493626961,0
202208,25620,"Hattiesburg, MS",262,193,59,41,41.13712375,24.74916388,57.52508361,47.75,0.326388889,11.75,0.273333333,10.25,5.25,-0.074642729,-0.25570646,1.239207038,279600,-0.050433011,0.189787234,0.645967669,0
202208,42680,"Sebastian-Vero Beach, FL",238,194,55,14,40.96989967,18.39464883,63.5451505,49.75,0.292207792,11.25,0.005050505,0.25,7.25,-0.082421375,-0.299746705,1.350783564,413788,-0.02626662,0.128640982,0.955985944,0
202208,43900,"Spartanburg, SC",163,195,21,-19,40.63545151,56.18729097,25.08361204,39.5,0.274193548,8.5,0.012820513,0.5,-3,-0.046759885,-0.344604308,0.889196361,304825,-0.002307466,0.151151813,0.70424569,0
202208,12580,"Baltimore-Columbia-Towson, MD",21,196,-43,-24,40.46822743,71.23745819,9.698996656,37,0.057142857,2,0.121212121,4,-5.5,-0.050673572,-0.174516092,0.704415576,350000,-0.025069638,0.044932079,0.808614751,0
202208,19460,"Decatur, AL",275,196,86,85,40.46822743,60.53511706,20.40133779,38.75,0.490384615,12.75,0.614583333,14.75,-3.75,-0.047010121,-0.322759494,0.842459786,299000,0.087802784,0.150442478,0.69078803,1
202208,40580,"Rocky Mount, NC",293,196,-1,-39,40.46822743,38.46153846,42.47491639,43.75,0.107594937,4.25,0.041666667,1.75,1.25,-0.14603347,-0.190699662,1.07565746,271150,0.084816963,0.338533118,0.626445399,0
202208,33860,"Montgomery, AL",144,199,40,-13,40.46822743,52.5083612,28.42809365,40.5,0.265625,8.5,0.094594595,3.5,-2,-0.138060229,-0.234217209,0.929543902,278805.5,-0.031925347,0.186658864,0.644132114,0
202208,27260,"Jacksonville, FL",40,199,18,22,40.46822743,49.1638796,31.77257525,41,0.205882353,7,0.108108108,4,-1.5,-0.069531491,-0.330061907,0.979143236,420447.5,-0.021987672,0.201278571,0.971371572,0
202208,49700,"Yuba City, CA",286,201,-4,42,40.13377926,27.090301,53.17725753,47,0.175,7,0.205128205,8,4.5,-0.062562029,-0.298998065,1.191299398,459675,-0.021947275,0.107650602,1.061999958,0
202208,20020,"Dothan, AL",271,202,13,48,39.96655518,38.79598662,41.13712375,43.5,0.175675676,6.5,0.279411765,9.5,1,-0.093132334,-0.236590056,1.062161135,259675,0.018333333,0.289349553,0.599934387,0
202208,20700,"East Stroudsburg, PA",272,202,-1,17,39.96655518,19.39799331,60.53511706,49.5,0.2375,9.5,0.087912088,4,7,-0.000858589,-0.284271659,1.283591088,349674.5,0.001932665,0.212148366,0.807862739,0
202208,41940,"San Jose-Sunnyvale-Santa Clara, CA",37,204,17,2,39.46488294,75.25083612,3.678929766,36.5,0.25862069,7.5,0.20661157,6.25,-6,0.065245578,-0.204888734,0.591578333,1385975,-0.010017857,0.108336665,3.202056654,0
202208,37980,"Philadelphia-Camden-Wilmington, PA-NJ-DE-MD",6,205,-20,-9,39.46488294,32.10702341,46.82274248,45.5,0.1375,5.5,0.070588235,3,3,-0.04340876,-0.256095765,1.117062652,338597.5,-0.018557971,0.058447952,0.782271237,0
