data/RDC_Inventory_Hotness_Metrics_Metro_History.csv
month_date_yyyymm,cbsa_code,cbsa_title,nielsen_hh_rank,hotness_rank,hotness_rank_mm,hotness_rank_yy,hotness_score,supply_score,demand_score,median_days_on_market,median_days_on_market_mm,median_dom_mm_day,median_days_on_market_yy,median_dom_yy_day,median_dom_vs_us,ldp_unique_viewers_per_property_mm,ldp_unique_viewers_per_property_yy,ldp_unique_viewers_per_property_vs_us,median_listing_price,median_listing_price_mm,median_listing_price_yy,median_listing_price_vs_us,quality_flag
202208,41420,"Salem, OR",131,206,40,72,39.29765886,71.23745819,7.357859532,37,0.275862069,8,0.48,12,-5.5,-0.071699887,-0.374835309,0.659330175,499000,0,0.085372485,1.152853601,0
202208,20100,"Dover, DE",246,207,-54,50,38.46153846,25.4180602,51.50501672,47.5,0.032608696,1.5,0.144578313,6,5,0.007307484,-0.336765909,1.168144488,393450,-0.016129032,0.057021963,0.908998496,0
202208,39380,"Pueblo, CO",252,208,60,120,38.29431438,60.53511706,16.05351171,38.75,0.291666667,8.75,0.519607843,13.25,-3.75,-0.161361558,-0.45746793,0.776311398,395898.75,-0.010005626,0.19579778,0.914655911,1
202208,36100,"Ocala, FL",135,209,27,92,38.29431438,45.15050167,31.43812709,42.5,0.214285714,7.5,0.197183099,7,0,-0.117261868,-0.443309811,0.973387164,316412.5,-0.026123423,0.161466459,0.731016614,0
202208,17660,"Coeur d'Alene, ID",239,210,62,131,37.79264214,41.13712375,34.44816054,43.25,0.373015873,11.75,0.478632479,14,0.75,-0.042225466,-0.403185061,1.015336643,749700,-0.000266702,0.034068966,1.732052796,0
202208,41700,"San Antonio-New Braunfels, TX",26,211,38,53,37.79264214,56.18729097,19.39799331,39.5,0.274193548,8.5,0.215384615,7,-3,-0.10788272,-0.370257011,0.832231449,361895.75,-0.034944667,0.078675857,0.836097833,0
202208,13900,"Bismarck, ND",297,212,-3,-60,37.62541806,45.15050167,30.10033445,42.5,0.197183099,7,-0.005847953,-0.25,0,0.009514676,-0.084353517,0.937220277,369900,-0.04406254,0.370507595,0.854590275,0
202208,22520,"Florence-Muscle Shoals, AL",267,212,-21,-41,37.62541806,33.44481605,41.80602007,45.25,0.13125,5.25,0.034285714,1.5,2.75,-0.055133443,-0.183112968,1.067287484,257495,0.030186037,0.229533246,0.594897872,0
202208,16580,"Champaign-Urbana, IL",199,214,-14,-73,36.62207358,47.4916388,25.75250836,42,0.12,4.5,-0.096774194,-4.5,-0.5,-0.076313844,-0.030399381,0.89725132,188000,0.009395973,0.083885846,0.434341637,0
202208,38900,"Portland-Vancouver-Hillsboro, OR-WA",24,214,-7,-45,36.62207358,71.23745819,2.006688963,37,0.193548387,6,0,0,-5.5,-0.049622102,-0.276170345,0.557073567,589950,-0.015108514,0.072636364,1.36297792,0
202208,41620,"Salt Lake City, UT",51,216,15,98,36.4548495,68.22742475,4.682274247,37.5,0.25,7.5,0.973684211,18.5,-5,0.008821841,-0.45100921,0.59777938,595974.75,-0.030935366,0.065660713,1.376897068,1
202208,41540,"Salisbury, MD-DE",120,217,5,12,36.12040134,4.682274247,67.55852843,56.5,0.107843137,5.5,0.09178744,4.75,14,-0.070142345,-0.24513862,1.3865162,499945,-0.014304022,0.176479586,1.155036861,0
202208,46540,"Utica-Rome, NY",167,218,-5,-14,35.45150502,12.37458194,58.52842809,52,0.195402299,8.5,0.124324324,5.75,9.5,-0.006566574,-0.193895961,1.250564619,189900,-0.045728643,-0.013121996,0.43873126,0
202208,21700,"Eureka-Arcata, CA",299,218,24,179,35.45150502,7.692307692,63.21070234,54,0.213483146,9.5,0.6875,22,11.5,-0.097962975,-0.44881424,1.333661129,498000,-0.002004008,0.107281823,1.150543274,1
202208,12100,"Atlantic City-Hammonton, NJ",188,220,-10,-46,35.28428094,6.02006689,64.54849498,55.5,0.206521739,9.5,0.088235294,4.5,13,0.025318289,-0.040027062,1.354154502,325000,-0.012158055,0.155863786,0.750856554,0
202208,25180,"Hagerstown-Martinsburg, MD-WV",172,221,-36,52,35.11705686,42.14046823,28.09364549,43,0.102564103,4,0.228571429,8,0.5,-0.024321363,-0.328765259,0.9255439,320945,0.017290564,0.136088496,0.741488175,0
202208,36260,"Ogden-Clearfield, UT",100,222,8,144,34.94983278,63.87959866,6.02006689,38,0.225806452,7,1.620689655,23.5,-4.5,-0.066657311,-0.558636485,0.620949805,543150,-0.029916056,0.113811135,1.254854576,1
202208,48540,"Wheeling, WV-OH",292,223,-22,-47,34.11371238,3.010033445,65.2173913,58.25,0.04954955,2.75,0.04954955,2.75,15.75,0.029627602,-0.032591405,1.36210906,164950,0.034169279,0.099849975,0.38108858,0
202208,38060,"Phoenix-Mesa-Chandler, AZ",11,224,7,95,34.11371238,63.87959866,4.347826087,38,0.225806452,7,0.345132743,9.75,-4.5,-0.063199696,-0.504989051,0.59682689,499949.5,-0.047715238,0.052525263,1.155047258,0
202208,33740,"Monroe, LA",225,225,23,-26,33.61204013,10.70234114,56.52173913,53,0.23255814,10,0.139784946,6.5,10.5,-0.107921432,-0.137484215,1.229842827,249950,-0.0002,0.048557944,0.577466448,0
202208,35380,"New Orleans-Metairie, LA",45,226,9,-35,33.11036789,15.05016722,51.17056856,50.5,0.174418605,7.5,-0.056074766,-3,8,-0.096594549,-0.247496946,1.15985062,332500,-0.029055337,-0.007462687,0.768184013,0
202208,31080,"Los Angeles-Long Beach-Anaheim, CA",2,227,7,-4,32.94314381,49.1638796,16.72240803,41,0.205882353,7,0.123287671,4.5,-1.5,-0.043265264,-0.257152282,0.777417646,950000,-0.020618557,0.035986914,2.194811466,0
202208,36420,"Oklahoma City, OK",41,228,-31,1,32.77591973,52.5083612,13.04347826,40.5,0.094594595,3.5,0.125,4.5,-2,-0.070076747,-0.284672714,0.737341068,318300,0.01047619,0.138002971,0.735377357,0
202208,25060,"Gulfport-Biloxi, MS",129,229,3,58,32.27424749,10.70234114,53.84615385,53,0.152173913,7,0.325,13,10.5,-0.094834298,-0.288414677,1.205269622,285000,-0.01384083,0.212765957,0.65844344,0
202208,25900,"Hilo, HI",222,229,13,64,32.27424749,2.341137124,62.20735786,58.5,0.193877551,9.5,0.193877551,9.5,16,-0.101401325,-0.333239836,1.313788015,637250,-0.018104777,0.158636364,1.472256428,0
202208,26420,"Houston-The Woodlands-Sugar Land, TX",5,229,-26,-48,32.27424749,63.87959866,0.668896321,38,0.117647059,4,-0.084337349,-3.5,-4.5,-0.062236785,-0.236865942,0.438787722,382495,-0.019218442,0.057773144,0.883688854,0
202208,39460,"Punta Gorda, FL",204,232,-19,43,32.10702341,24.08026756,40.13377926,48,0.11627907,5,0.103448276,4.5,5.5,-0.069674923,-0.38353618,1.058575005,448135,-0.004122314,0.211175676,1.035338775,0
202208,30460,"Lexington-Fayette, KY",105,233,-27,-36,31.93979933,36.78929766,27.090301,44,0.1,4,0.011494253,0.5,1.5,-0.057646083,-0.180719791,0.917658484,383500.5,-0.038725404,0.208065837,0.886011889,0
202208,33260,"Midland, TX",242,234,-9,-52,31.77257525,36.78929766,26.75585284,44,0.142857143,5.5,-0.053763441,-2.5,1.5,-0.040690354,-0.10991374,0.911149864,340000,-0.01734104,0.014925373,0.785511472,0
202208,39150,"Prescott Valley-Prescott, AZ",187,235,-12,35,31.10367893,19.39799331,42.80936455,49.5,0.2375,9.5,0.151162791,6.5,7,-0.012217724,-0.35610995,1.076267209,650000,0,0.097046414,1.501713108,0
202208,15980,"Cape Coral-Fort Myers, FL",66,236,-14,44,30.76923077,21.73913044,39.7993311,48.5,0.182926829,7.5,-0.02020202,-1,6,-0.031967694,-0.422582889,1.058437006,475000,-0.020618557,0.205813289,1.097405733,0
202208,30700,"Lincoln, NE",150,237,-40,-38,30.60200669,53.51170569,7.692307692,40,0.025641026,1,-0.069767442,-3,-2.5,-0.028845487,-0.265629113,0.661112952,369949.5,0.027432014,0.161536892,0.854704636,0
202208,14020,"Bloomington, IN",251,238,14,-14,30.60200669,33.77926421,27.42474916,45,0.216216216,8,0.058823529,2.5,2.5,-0.078709615,-0.273379042,0.919721214,349950,0.030932391,0.13629353,0.808499234,0
202208,42220,"Santa Rosa-Petaluma, CA",116,239,-23,-43,30.43478261,9.030100334,51.83946488,53.5,0.091836735,4.5,0.038834951,2,11,-0.009975995,-0.028780193,1.170584779,949000,-0.010427529,0.116487007,2.192501138,0
202208,14540,"Bowling Green, KY",236,240,77,87,30.26755853,25.4180602,35.11705686,47.5,0.338028169,12,0.461538462,15,5,-0.125944506,-0.23698735,1.021682265,332450,0.007729615,0.177126671,0.768068497,0
202208,16300,"Cedar Rapids, IA",171,241,125,103,30.26755853,42.14046823,18.39464883,43,0.72,18,0.535714286,15,0.5,-0.060789647,-0.296482632,0.817000357,268725,-0.022818182,0.279642857,0.620842854,1
202208,10580,"Albany-Schenectady-Troy, NY",55,242,15,-31,30.10033445,7.692307692,52.5083612,54,0.227272727,10,-0.044247788,-2.5,11.5,-0.056006744,-0.107599485,1.189306531,351950,0.005571429,0.020884699,0.81311989,0
202208,22500,"Florence, SC",224,242,8,-6,30.10033445,7.357859532,52.84280937,54.25,0.232954545,10.25,0.212290503,9.5,11.75,-0.023662846,-0.132887046,1.190678515,250950,-0.052432449,0.156451613,0.579776776,0
202208,12020,"Athens-Clarke County, GA",219,244,64,-18,29.93311037,32.10702341,27.75919732,45.5,0.4,13,0.070588235,3,3,-0.045778879,-0.219443336,0.923280045,380925,-0.007749414,0.088668191,0.88006164,0
202208,12420,"Austin-Round Rock-Georgetown, TX",27,245,55,150,29.76588629,56.18729097,3.344481605,39.5,0.316666667,9.5,0.755555556,17,-3,-0.125518199,-0.54405566,0.588342918,575000,-0.040066778,0.058859709,1.328438519,1
202208,11260,"Anchorage, AK",143,246,89,30,29.59866221,42.14046823,17.05685619,43,0.482758621,14,0.303030303,10,0.5,0.000656554,-0.137111999,0.777563099,429000,0.009411765,0.210667419,0.991130651,0
202208,45500,"Texarkana, TX-AR",291,246,-3,12,29.59866221,21.73913044,37.45819398,48.5,0.127906977,5.5,0.077777778,3.5,6,-0.087398452,-0.302081325,1.04130613,225975,-0.046518987,0.333185841,0.522076338,0
202208,21060,"Elizabethtown-Fort Knox, KY",282,248,142,183,29.09698997,25.4180602,32.77591973,47.5,0.637931034,18.5,0.637931034,18.5,5,-0.06715598,-0.429191885,0.999596406,292300,0.062909091,0.062909091,0.675308833,1
202208,17020,"Chico, CA",215,249,5,-7,28.92976589,29.09698997,28.76254181,46.5,0.192307692,7.5,0.016393443,0.75,4,-0.087877319,-0.327496327,0.932504898,457450,0.005384615,0.054639769,1.056859479,0
202208,15180,"Brownsville-Harlingen, TX",161,250,18,21,28.09364549,18.39464883,37.79264214,49.75,0.081521739,3.75,-0.043269231,-2.25,7.25,-0.189299963,-0.389670034,1.046182851,326625,0.005,0.138066202,0.754610837,0
202208,39100,"Poughkeepsie-Newburgh-Middletown, NY",92,251,-7,-15,27.42474916,21.73913044,33.11036789,48.5,0.2125,8.5,0.077777778,3.5,6,-0.008456009,-0.202828693,1.004141219,455450,-0.009891304,0.097205493,1.052238823,0
202208,29820,"Las Vegas-Henderson-Paradise, NV",33,251,29,100,27.42474916,53.51170569,1.337792642,40,0.290322581,9,0.379310345,11,-2.5,-0.133983766,-0.559164885,0.486700418,469950,-0.03003096,0.112439342,1.085738577,0
202208,23540,"Gainesville, FL",151,253,-3,-7,25.75250836,12.37458194,39.13043478,52,0.268292683,11,0.155555556,7,9.5,0.013179487,-0.187881338,1.054724806,354500,-0.015277778,0.235213157,0.819011226,0
202208,27980,"Kahului-Wailuku-Lahaina, HI",274,254,16,28,25.08361204,0,50.16722408,68,0.32038835,16.5,0.018726592,1.25,25.5,-0.131240028,-0.351930351,1.151759465,1323250,-0.037636364,0.091340206,3.057141339,0
202208,18580,"Corpus Christi, TX",133,255,8,-2,25.08361204,13.04347826,37.12374582,51.5,0.144444444,6.5,-0.028301887,-1.5,9,-0.141002441,-0.34528751,1.039362645,313225,-0.021171875,0.049769585,0.723652444,0
202208,46180,"Tupelo, MS",269,256,19,-12,24.41471572,13.04347826,35.78595318,51.5,0.197674419,8.5,0.03,1.5,9,-0.12572623,-0.227204017,1.027697848,250625,0.00280084,0.126531071,0.57902592,0
202208,28140,"Kansas City, MO-KS",30,257,-17,11,23.57859532,20.73578595,26.42140468,49,0.139534884,6,0.209876543,8.5,6.5,0.008481455,-0.236049658,0.907365033,386975,-0.011556847,0.219010868,0.894039123,0
202208,23580,"Gainesville, GA",241,258,19,8,23.41137124,28.76254181,18.06020067,46.75,0.298611111,10.75,0.106508876,4.5,4.25,-0.04697634,-0.336775377,0.802192548,499900,-0.004014624,0.201682692,1.154932897,0
202208,12940,"Baton Rouge, LA",69,259,18,-21,22.74247492,15.05016722,30.43478261,50.5,0.294871795,11.5,0.01,0.5,8,-0.082591102,-0.202964452,0.942869277,323437.5,-0.004807692,0.080123228,0.747246667,0
202208,22020,"Fargo, ND-MN",175,260,-29,-21,22.40802676,21.73913044,23.07692308,48.5,0.077777778,3.5,0.08988764,4,6,0.022976608,-0.072044869,0.862585336,362570,-0.006657534,0.142335033,0.837655572,0
202208,12260,"Augusta-Richmond County, GA-SC",95,261,-13,63,22.40802676,29.09698997,15.71906355,46.5,0.1625,6.5,0.347826087,12,4,-0.035135156,-0.362393133,0.766316328,313700,-0.003810734,0.101088101,0.724749849,0
202208,16060,"Carbondale-Marion, IL",298,262,8,-29,22.0735786,11.70568562,32.44147157,52.5,0.193181818,8.5,-0.078947368,-4.5,10,-0.126345705,-0.051609913,0.99821944,126950,-0.022709777,0.270770771,0.293296122,0
202208,31420,"Macon-Bibb County, GA",207,263,-17,-26,21.40468227,24.08026756,18.72909699,48,0.11627907,5,-0.04,-2,5.5,-0.048114063,-0.102139773,0.829961163,229700,-0.042517716,0.175732914,0.530682309,0
202208,47580,"Warner Robins, GA",232,263,-14,-22,21.40468227,16.72240803,26.08695652,50,0.111111111,5,-0.019607843,-1,7.5,-0.060458554,-0.231780532,0.90182612,324018,0.004783309,0.27382966,0.748587812,0
202208,18880,"Crestview-Fort Walton Beach-Destin, FL",170,265,19,180,21.23745819,9.030100334,33.44481605,53.5,0.244186047,10.5,0.507042254,18,11,-0.121627439,-0.47949666,1.004639769,665725,-0.034131302,0.11055968,1.538043014,1
202208,16820,"Charlottesville, VA",210,266,-10,-17,21.23745819,5.685618729,36.78929766,56.25,0.196808511,9.25,0.09223301,4.75,13.75,0.012369715,-0.137652561,1.037440639,499912.5,-0.015320358,0.094020133,1.154961776,0
202208,13140,"Beaumont-Port Arthur, TX",145,267,-18,-4,21.07023411,27.090301,15.05016722,47,0.068181818,3,0.02173913,1,4.5,-0.122666604,-0.361430799,0.760410967,219675,-0.044475859,0.071258763,0.507521272,0
202208,27100,"Jackson, MI",276,268,4,206,20.90301003,3.678929766,38.1270903,58,0.126213592,6.5,1.468085106,34.5,15.5,-0.11399775,-0.363684473,1.047894965,197600,-0.056576749,0.066954644,0.456520785,1
202208,39900,"Reno, NV",117,269,17,155,20.90301003,20.73578595,21.07023411,49,0.324324324,12,0.661016949,19.5,6.5,-0.021583735,-0.405771705,0.846534111,632499.5,-0.01086563,0.055165163,1.461281215,1
202208,40140,"Riverside-San Bernardino-Ontario, CA",16,270,7,68,20.56856187,35.45150502,5.685618729,44.5,0.236111111,8.5,0.348484848,11.5,2,-0.058610103,-0.431565397,0.619767241,585000,-0.016806723,0.083586672,1.351541797,0
202208,41100,"St. George, UT",263,271,3,163,19.23076923,32.10702341,6.35451505,45.5,0.197368421,7.5,0.838383838,20.75,3,-0.086971903,-0.507708759,0.633676021,667400,-0.046435205,0.06784,1.541912813,1
202208,32580,"McAllen-Edinburg-Mission, TX",91,272,-16,-6,19.06354515,25.4180602,12.7090301,47.5,0.055555556,2.5,-0.04040404,-2,5,-0.146170418,-0.381713227,0.731133158,274975,0.018425926,0.050124117,0.635282403,0
202208,21340,"El Paso, TX",82,273,32,9,19.06354515,20.73578595,17.39130435,49,0.361111111,13,0.139534884,6,6.5,-0.041036612,-0.321801788,0.800050678,285475,0.001842428,0.151573215,0.659540845,0
202208,39820,"Redding, CA",237,273,20,52,19.06354515,14.3812709,23.7458194,51,0.307692308,12,0.36,13.5,8.5,-0.087862493,-0.271399462,0.87989975,439000,0.020930233,0.019389295,1.01423393,0
202208,19300,"Daphne-Fairhope-Foley, AL",191,275,8,121,18.56187291,6.02006689,31.10367893,55.5,0.261363636,11.5,0.574468085,20.25,13,-0.103477772,-0.330963795,0.956488008,530550,-0.017318022,0.198983051,1.225744445,1
202208,34940,"Naples-Marco Island, FL",124,275,-8,36,18.56187291,0.668896321,36.4548495,62,0.192307692,10,0.117117117,6.5,19.5,0.022461477,-0.391435319,1.036880795,765000,-0.031522978,0.160849772,1.767400812,0
202208,33100,"Miami-Fort Lauderdale-Pompano Beach, FL",8,277,-5,-19,17.89297659,15.05016722,20.73578595,50.5,0.174418605,7.5,-0.144067797,-8.5,8,-0.028465911,-0.093268302,0.845526167,600000,-0.027481745,0.31148616,1.386196715,0
202208,32900,"Merced, CA",218,278,13,94,17.05685619,20.40133779,13.71237458,49.25,0.296052632,11.25,0.459259259,15.5,6.75,-0.038114914,-0.385435331,0.747409433,432625.25,-0.029986054,0.079330261,0.999506167,0
202208,28740,"Kingston, NY",231,279,9,-5,16.88963211,3.010033445,30.76923077,58.25,0.323863636,14.25,0.004310345,0.25,15.75,-0.058664739,-0.25599229,0.949471509,499575,0.001152305,0.156557472,1.15418204,0
202208,30940,"London, KY",288,280,0,16,16.72240803,9.030100334,24.41471572,53.5,0.163043478,7.5,0.169398907,7.75,11,-0.118872461,-0.307791401,0.884303294,249950,-0.034942085,0.151445353,0.577466448,0
202208,17780,"College Station-Bryan, TX",186,281,12,49,16.05351171,16.72240803,15.38461539,50,0.25,10,0.324503311,12.25,7.5,-0.128183999,-0.34286796,0.761467144,352450,0.023225432,0.186700337,0.814275054,0
202208,14260,"Boise City, ID",75,281,15,122,16.05351171,29.09698997,3.010033445,46.5,0.291666667,10.5,0.603448276,17.5,4,-0.035655104,-0.451300816,0.575125154,552500,-0.028998243,0.039385662,1.276456142,1
202208,43340,"Shreveport-Bossier City, LA",136,283,12,-8,15.88628763,21.73913044,10.03344482,48.5,0.243589744,9.5,0,0,6,-0.098064399,-0.016184788,0.70452407,225000,-0.042553191,0.328609389,0.519823768,0
202208,29740,"Las Cruces, NM",216,284,-8,6,14.71571906,18.39464883,11.0367893,49.75,0.058510638,2.75,0.16374269,7,7.25,-0.079797005,-0.138154172,0.713250907,360750,0.013436639,0.265900518,0.833450775,0
202208,46520,"Urban Honolulu, HI",70,285,-6,-8,14.21404682,21.73913044,6.688963211,48.5,0.102272727,4.5,-0.02020202,-1,6,-0.061621673,-0.131240402,0.633881911,850000,0.001177856,0.198068995,1.96377868,0
202208,46220,"Tuscaloosa, AL",185,286,7,-2,11.8729097,10.36789298,13.37792642,53.25,0.33125,13.25,0.075757576,3.75,10.75,-0.056112995,-0.197269221,0.745729051,307922.5,-0.006140563,0.162190979,0.71140193,0
202208,19780,"Des Moines-West Des Moines, IA",79,287,-6,-3,11.0367893,10.70234114,11.37123746,53,0.081632653,4,0,0,10.5,-0.049034785,-0.247063011,0.714771442,350500,0.001428571,0.160318434,0.809769914,0
202208,39340,"Provo-Orem, UT",115,287,0,151,11.0367893,21.73913044,0.334448161,48.5,0.243589744,9.5,1.552631579,29.5,6,-0.003979822,-0.5162173,0.392793625,567797.5,-0.037468215,0.035182315,1.311798382,1
202208,29180,"Lafayette, LA",114,289,-1,-5,10.70234114,1.672240803,19.73244147,59,0.156862745,8,-0.024793388,-1.5,16.5,-0.074460828,-0.205508246,0.837721993,286975,-0.018888889,0.066821561,0.663006337,0
