data/RDC_Inventory_Hotness_Metrics_Metro_History.csv
month_date_yyyymm,cbsa_code,cbsa_title,nielsen_hh_rank,hotness_rank,hotness_rank_mm,hotness_rank_yy,hotness_score,supply_score,demand_score,median_days_on_market,median_days_on_market_mm,median_dom_mm_day,median_days_on_market_yy,median_dom_yy_day,median_dom_vs_us,ldp_unique_viewers_per_property_mm,ldp_unique_viewers_per_property_yy,ldp_unique_viewers_per_property_vs_us,median_listing_price,median_listing_price_mm,median_listing_price_yy,median_listing_price_vs_us,quality_flag
202208,37460,"Panama City, FL",247,290,4,127,10.53511706,6.688963211,14.3812709,55,0.222222222,10,0.594202899,20.5,12.5,-0.134036002,-0.458493681,0.753734988,484900,-0.02040404,0.212856428,1.120277979,1
202208,13460,"Bend, OR",212,291,19,48,10.03344482,13.04347826,7.023411371,51.5,0.355263158,13.5,0.410958904,15,9,-0.019066377,-0.265811916,0.634049347,722400,-0.029032258,0.03211427,1.668980845,0
202208,10780,"Alexandria, LA",295,292,19,16,9.531772575,1.337792642,17.72575251,59.5,0.525641026,20.5,0.279569892,13,17,0.04493025,-0.306726869,0.800569338,224100,-0.00044603,0.30309638,0.517744473,0
202208,29420,"Lake Havasu City-Kingman, AZ",211,293,-2,51,9.030100334,13.04347826,5.016722408,51.5,0.119565217,5.5,0.320512821,12.5,9,-0.096037116,-0.483875992,0.605113092,422450,-0.006,0.056389097,0.975998004,0
202208,35620,"New York-Newark-Jersey City, NY-NJ-PA",1,294,-2,-3,6.688963211,4.013377926,9.364548495,57.5,0.25,11.5,0,0,15,0.042030133,-0.165241474,0.692203286,650000,-0.013657056,0.057770545,1.501713108,0
202208,26980,"Iowa City, IA",234,295,-4,0,6.35451505,4.347826087,8.361204013,57,0.117647059,6,0.14,7,14.5,0.124968412,-0.077031025,0.671755202,339900,0,0.140891164,0.785280439,0
202208,12220,"Auburn-Opelika, AL",255,296,12,38,6.18729097,1.672240803,10.70234114,59,0.421686747,17.5,0.573333333,21.5,16.5,-0.029155584,-0.183131393,0.711179021,384043.5,0.009485195,0.121458607,0.887266397,1
202208,32780,"Medford, OR",200,297,3,23,5.183946488,2.341137124,8.026755853,58.5,0.193877551,9.5,0.344827586,15,16,-0.086925255,-0.27885238,0.670173892,528000,-0.013084112,0.043994068,1.219853109,0
202208,26380,"Houma-Thibodaux, LA",227,298,1,0,4.682274247,0.334448161,9.030100334,62.75,0.307291667,14.75,-0.195512821,-15.25,20.25,0.016671211,-0.232582786,0.679673813,270950,0.00389033,0.221320712,0.625983333,0
202208,36220,"Odessa, TX",281,299,1,-1,3.177257525,4.682274247,1.672240803,56.5,0.255555556,11.5,-0.066115702,-4,14,-0.040116608,-0.057982459,0.503944558,256750,-0.012120046,0.085623679,0.593176678,0
202208,29340,"Lake Charles, LA",217,300,0,1,1.003344482,1.003344482,1.003344482,60.5,0.061403509,3.5,0.105022831,5.75,18,-0.094097466,-0.344605409,0.45840474,233075,-0.025606187,-0.000536021,0.538479666,0
202207,31700,"Manchester-Nashua, NH",123,1,0,-1,99.33110368,99.66555184,98.99665552,18,0.6,6.75,0.125,2,-18,-0.060843782,-0.182550611,2.561488036,499000,0.040179269,0.226194864,1.128959276,0
202207,40380,"Rochester, NY",49,2,-1,-2,99.1638796,100,98.3277592,17,0.416666667,5,0.0625,1,-19,-0.027105268,-0.142262056,2.371826803,233638.5,0.018503099,-0.005793617,0.528593891,0
202207,38860,"Portland-South Portland, ME",97,3,-2,-7,98.16053512,96.6555184,99.66555184,23.5,0.342857143,6,0.02173913,0.5,-12.5,-0.035312069,-0.099166226,2.900282237,549450,0.013745387,0.147077244,1.243099548,0
202207,18140,"Columbus, OH",31,4,0,1,97.99331104,98.66220736,97.32441472,22,0.375,6,0.375,6,-14,-0.090231547,-0.247738214,2.197585629,345000,-0.014004001,0.15,0.780542986,0
202207,29100,"La Crosse-Onalaska, WI-MN",294,4,-3,-7,97.99331104,99.33110368,96.6555184,19,0.101449275,1.75,0.055555556,1,-17,-0.053683751,-0.069895506,2.171183938,324450,-0.022299232,0.128521739,0.734049774,0
202207,27740,"Johnson City, TN",209,6,-23,-3,97.65886288,95.31772575,100,24,-0.157894737,-4.5,0.021276596,0.5,-12,0.004952358,-0.220856209,3.075290189,359950,0.028575511,0.308909091,0.814366516,0
202207,18180,"Concord, NH",279,7,6,-16,96.6555184,95.31772575,97.99331104,24,0.846153846,11,-0.076923077,-2,-12,-0.166601726,-0.091071983,2.344719906,495000,0.088151242,0.223733004,1.119909502,0
202207,25540,"Hartford-East Hartford-Middletown, CT",48,8,0,-30,95.65217391,92.64214047,98.66220736,25,0.388888889,7,-0.166666667,-5,-11,-0.085948535,0.002374218,2.447668886,377000,0.019126187,0.125373134,0.852941177,0
202207,29200,"Lafayette-West Lafayette, IN",205,9,-4,-8,94.98327759,96.98996656,92.97658863,23,0.12195122,2.5,0,0,-13,-0.02158489,-0.195868815,1.877266733,279900,-0.008062373,0.301860465,0.633257919,0
202207,23060,"Fort Wayne, IN",125,10,1,9,94.48160535,92.64214047,96.32107023,25,0.219512195,4.5,0.5625,9,-11,-0.019315722,-0.371540991,2.149196657,288250,0.002870314,0.153461385,0.652149321,1
202207,49340,"Worcester, MA-CT",59,11,0,-5,93.81270903,96.98996656,90.63545151,23,0.4375,7,0,0,-13,-0.045072853,-0.240403037,1.77866733,449900,0.000889878,0.084096386,1.017873303,0
202207,44140,"Springfield, MA",81,12,2,-12,92.64214047,91.63879599,93.64548495,26,0.368421053,7,-0.071428571,-2,-10,-0.059771051,-0.268236347,1.941416729,349000,-0.002643424,0.011594203,0.78959276,0
202207,35300,"New Haven-Milford, CT",64,13,-2,-30,92.47491639,90.63545151,94.31438127,27,0.2,4.5,-0.068965517,-2,-9,-0.066915071,-0.082949654,1.981311032,355000,-0.00983195,0.060017916,0.803167421,0
202207,15540,"Burlington-South Burlington, VT",201,14,8,-61,89.13043478,80.60200669,97.65886288,29,0.784615385,12.75,-0.033333333,-1,-7,0.043956832,0.202878587,2.254720797,475000,-0.01144641,0.132300358,1.074660633,0
202207,21140,"Elkhart-Goshen, IN",233,15,3,8,88.9632107,94.98327759,82.94314381,24.5,0.462686567,7.75,0.441176471,7.5,-11.5,-0.112540613,-0.331424312,1.640527042,264900,-0.056707914,0.06002401,0.599321267,0
202207,45820,"Topeka, KS",198,16,0,8,87.95986622,80.60200669,95.31772575,29,0.318181818,7,0.526315789,10,-7,-0.013101465,-0.205609443,2.013048325,210000,-0.045237554,0.200686106,0.475113122,1
202207,47380,"Waco, TX",184,17,-1,11,85.6187291,80.26755853,90.96989967,29.5,0.229166667,5.5,0.404761905,8.5,-6.5,-0.141668453,-0.400969409,1.78451174,353500,0.01014575,0.333962264,0.799773756,0
202207,43780,"South Bend-Mishawaka, IN-MI",160,18,-12,-61,84.94983278,90.30100334,79.59866221,27.5,0.12244898,3,-0.140625,-4.5,-8.5,-0.061366778,-0.190162892,1.562857946,264900,-0.062134891,0.132535272,0.599321267,0
202207,35980,"Norwich-New London, CT",183,19,-4,-55,84.7826087,73.57859532,95.98662207,30,0.176470588,4.5,-0.090909091,-3,-6,0.038991645,0.026846844,2.141233283,400000,0.001252818,0.143183767,0.904977376,0
202207,31140,"Louisville/Jefferson County, KY-IN",44,20,-3,-1,84.11371238,92.64214047,75.58528428,25,0.136363636,3,0.136363636,3,-11,-0.089910264,-0.291923485,1.505387434,299900,0,0.090942161,0.678506787,0
202207,42200,"Santa Maria-Santa Barbara, CA",142,21,-35,-42,83.61204013,80.60200669,86.62207358,29,-0.016949153,-0.5,-0.09375,-3,-7,-0.017002955,-0.221345047,1.693294246,1200000,-0.120073327,0.00041684,2.714932127,0
202207,28700,"Kingsport-Bristol, TN-VA",156,22,3,-11,82.10702341,64.88294314,99.33110368,31,0.24,6,0.033333333,1,-5,-0.021213853,-0.119558094,2.691784805,288450,0.043313139,0.20237599,0.65260181,0
202207,39300,"Providence-Warwick, RI-MA",38,22,0,-29,82.10702341,80.60200669,83.61204013,29,0.260869565,6,0,0,-7,-0.063088668,-0.198625669,1.649073815,479900,0.006079665,0.118648019,1.085746606,0
202207,19430,"Dayton-Kettering, OH",63,24,-13,11,81.93979933,80.60200669,83.27759197,29,0.115384615,3,0.318181818,7,-7,-0.006618097,-0.292362262,1.647602866,219900,0.022790698,0.070333414,0.497511312,0
202207,17140,"Cincinnati, OH-KY-IN",28,25,-18,-57,80.76923077,87.95986622,73.57859532,28,0.191489362,4.5,0.076923077,2,-8,0.011668519,-0.125593269,1.478815627,315000,-0.026651217,-0.030470914,0.712669683,0
202207,15500,"Burlington, NC",256,26,0,6,80.43478261,80.60200669,80.26755853,29,0.318181818,7,0.208333333,5,-7,0.010067438,-0.339599594,1.58037997,385000,0.026940517,0.350877193,0.871040724,0
202207,14460,"Boston-Cambridge-Newton, MA-NH",10,27,2,-61,80.26755853,87.95986622,72.57525084,28,0.555555556,10,-0.096774194,-3,-8,-0.019447996,-0.208120358,1.465029099,739000,-0.01466601,0.104633782,1.671945701,0
202207,47940,"Waterloo-Cedar Falls, IA",244,28,-16,-139,80.10033445,95.31772575,64.88294314,24,0,0,-0.25,-8,-12,-0.088937516,0.024122338,1.339729826,199000,-0.105617978,0.206791995,0.450226244,0
202207,40420,"Rockford, IL",157,29,12,0,79.76588629,73.57859532,85.95317726,30,0.463414634,9.5,0.2,5,-6,-0.068956757,-0.201375489,1.683439486,199900,0.080540541,0.230153846,0.452262443,0
202207,39540,"Racine, WI",223,30,10,-64,79.09698997,73.57859532,84.61538462,30,0.379310345,8.25,-0.0625,-2,-6,0.000692402,-0.109023846,1.666057031,329900,0.090848971,0.208424908,0.746380091,0
202207,17860,"Columbia, MO",214,30,-2,-1,79.09698997,91.30434783,66.88963211,26.5,0.308641975,6.25,0.204545455,4.5,-9.5,-0.04560728,-0.279259904,1.374466189,334900,-0.003866746,0.217818182,0.757692308,0
202207,17900,"Columbia, SC",68,32,-2,11,77.59197324,95.31772575,59.86622074,24,0.043478261,1,0.411764706,7,-12,-0.147282385,-0.371540051,1.27148146,317365.5,0.007589491,0.197650855,0.718021493,0
202207,33780,"Monroe, MI",285,33,-15,-16,77.59197324,63.87959866,91.30434783,31.5,0.06779661,2,0.016129032,0.5,-4.5,-0.055420387,-0.200726653,1.811315851,275000,0.000181851,0.124744376,0.622171946,0
202207,15940,"Canton-Massillon, OH",128,34,-76,-23,77.42474916,80.60200669,74.24749164,29,-0.033333333,-1,0.115384615,3,-7,0.136228414,-0.195182029,1.483487237,199000,0.140564551,0.021036429,0.450226244,0
202207,30140,"Lebanon, PA",296,35,-4,-32,76.92307692,64.88294314,88.9632107,31,0.158878505,4.25,-0.015873016,-0.5,-5,0.013016659,-0.127572657,1.723333634,291450,-0.028336437,0.365105386,0.65938914,0
202207,33340,"Milwaukee-Waukesha, WI",39,36,-15,-30,76.2541806,73.57859532,78.92976589,30,0.132075472,3.5,0.2,5,-6,-0.005408268,-0.102357686,1.554342081,359900,-0.027165833,0.24532872,0.814253394,0
202207,29620,"Lansing-East Lansing, MI",101,37,-8,-19,76.08695652,87.95986622,64.21404682,28,0.191489362,4.5,0.12,3,-8,-0.081032378,-0.265864363,1.337156882,209000,0.045522761,0.130340725,0.472850679,0
202207,36780,"Oshkosh-Neenah, WI",235,38,25,-86,75.91973244,58.52842809,93.31103679,32,0.406593407,9.25,-0.288888889,-13,-4,-0.186399662,-0.157483825,1.920730593,254950,-0.112908838,0.108960418,0.576809955,0
202207,44180,"Springfield, MO",113,38,2,-16,75.91973244,80.60200669,71.23745819,29,0.260869565,6,0.16,4,-7,-0.026493186,-0.212357979,1.440102954,344975,-0.005835735,0.254910877,0.780486425,0
202207,21780,"Evansville, IN-KY",158,40,1,-7,75.91973244,87.95986622,63.87959866,28,0.217391304,5,0.166666667,4,-8,-0.088065694,-0.272073901,1.335826956,224450,-0.081064483,0.181937862,0.50780543,0
202207,20740,"Eau Claire, WI",243,41,3,-19,75.58528428,64.88294314,86.28762542,31,0.107142857,3,0.033333333,1,-5,-0.062527228,-0.175594991,1.68997089,346000,-0.023150762,0.214035088,0.78280543,0
202207,48660,"Wichita Falls, TX",290,42,-26,12,74.08026756,92.64214047,55.51839465,25,-0.019607843,-0.5,0.136363636,3,-11,-0.096332538,-0.365209989,1.215650481,179000,-0.069888283,0.122608968,0.404977376,0
202207,42540,"Scranton--Wilkes-Barre, PA",99,43,-2,-2,73.7458194,52.5083612,94.98327759,34,0.133333333,4,0.096774194,3,-2,-0.042862748,-0.16064566,2.012662994,227800,0.012669482,0.140711067,0.515384615,0
202207,10900,"Allentown-Bethlehem-Easton, PA-NJ",65,44,13,-51,73.24414716,80.60200669,65.88628763,29,0.318181818,7,0.074074074,2,-7,-0.07754625,-0.160007051,1.371103659,349900,-0.007375887,0.170234114,0.791628959,0
202207,27180,"Jackson, TN",245,45,-51,-31,72.57525084,55.51839465,89.63210702,33,-0.057142857,-2,-0.083333333,-3,-3,-0.054525972,-0.282081027,1.747432941,240000,0.067378252,0.231084894,0.542986425,0
202207,20260,"Duluth, MN-WI",164,45,-18,-89,72.57525084,48.16053512,96.98996656,35,0.09375,3,-0.204545455,-9,-1,0.073373679,0.060381102,2.197582232,259900,-0.004786521,0.237619048,0.58800905,0
202207,13740,"Billings, MT",221,47,5,28,72.40802676,55.51839465,89.29765886,33,0.118644068,3.5,0.32,8,-3,-0.120940692,-0.312572386,1.735501347,499203,-0.023563814,0.110573971,1.129418552,0
202207,30780,"Little Rock-North Little Rock-Conway, AR",73,48,-32,11,72.24080268,73.57859532,70.90301003,30,0.016949153,0.5,0.2,5,-6,-0.036092008,-0.28301593,1.432506954,279186.5,-0.028915677,0.139536735,0.631643665,0
202207,16700,"Charleston-North Charleston, SC",67,49,14,-41,71.73913044,80.60200669,62.87625418,29,0.380952381,8,0.115384615,3,-7,-0.072847472,-0.197626736,1.321305886,524990,-0.04034117,0.067074534,1.187760181,0
202207,16860,"Chattanooga, TN-GA",98,50,-9,19,71.57190636,64.88294314,78.26086957,31,0.068965517,2,0.192307692,5,-5,-0.055130035,-0.283230236,1.544360703,399000,-0.05,0.189447012,0.902714932,0
202207,42340,"Savannah, GA",139,51,2,-106,70.90301003,64.88294314,76.92307692,31,0.180952381,4.75,-0.162162162,-6,-5,-0.029153517,-0.068969721,1.511864039,404110,0.010527632,0.228297872,0.914276018,0
202207,20500,"Durham-Chapel Hill, NC",89,52,-16,0,70.73578595,92.64214047,48.82943144,25,0.315789474,6,0.041666667,1,-11,0.00728576,-0.36242285,1.153908417,499000,0.004006469,0.130271107,1.128959276,0
202207,45300,"Tampa-St. Petersburg-Clearwater, FL",17,53,-9,-31,70.40133779,80.60200669,60.2006689,29,0.094339623,2.5,-0.121212121,-4,-7,-0.122962602,-0.361306274,1.287087016,444200,-0.011680943,0.269142857,1.004977376,0
202207,10420,"Akron, OH",76,53,-1,4,70.40133779,58.52842809,82.27424749,32,0.103448276,3,0.103448276,3,-4,-0.033497489,-0.213812933,1.618501212,199900,0,0.052659294,0.452262443,0
202207,47300,"Visalia, CA",149,53,0,19,70.40133779,64.88294314,75.91973244,31,0.050847458,1.5,0.033333333,1,-5,-0.15628728,-0.460550172,1.505569847,399990,-0.018429448,0.212092746,0.904954751,0
202207,45900,"Traverse City, MI",266,56,-18,-60,69.89966555,48.16053512,91.63879599,35,0.111111111,3.5,-0.166666667,-7,-1,0.045410812,-0.191514441,1.826616084,531950,0.065098236,0.182113738,1.203506787,0
202207,11100,"Amarillo, TX",190,57,2,-32,69.06354515,64.88294314,73.24414716,31,0.137614679,3.75,-0.03125,-1,-5,-0.045946475,-0.230337275,1.473269992,320000,-0.031622811,0.068447412,0.723981901,0
202207,28940,"Knoxville, TN",61,58,0,-27,68.39464883,55.51839465,81.27090301,33,0.137931034,4,-0.083333333,-3,-3,-0.029212337,-0.317337538,1.598098929,415000,0.037629704,0.276923077,0.938914027,0
202207,30100,"Lebanon, NH-VT",197,59,38,-112,68.06020067,42.14046823,93.97993311,36,0.44,11,-0.2,-9,0,-0.081250217,0.059540947,1.972105996,399000,0,0.17699115,0.902714932,0
202207,39060,"Pottsville, PA",289,60,-28,18,67.72575251,72.909699,62.54180602,30.5,0.025210084,0.75,0.150943396,4,-5.5,-0.094781602,-0.326215013,1.319172213,129900,-0.053379486,0.0825,0.293891403,0
202207,40980,"Saginaw, MI",226,60,10,1,67.72575251,64.88294314,70.56856187,31,0.203883495,5.25,0.291666667,7,-5,-0.061041563,-0.194625706,1.414890703,164000,0.112618725,0.173944166,0.371040724,0
202207,11460,"Ann Arbor, MI",141,62,10,-134,67.72575251,73.57859532,61.8729097,30,0.224489796,5.5,-0.210526316,-8,-6,-0.101844685,-0.138097686,1.311323346,450890,0.002116961,0.071124837,1.020113122,0
202207,39660,"Rapid City, SD",280,63,18,49,67.55852843,58.52842809,76.58862876,32,0.292929293,7.25,0.882352941,15,-4,0.01897275,-0.283183915,1.511479947,399900,0.032133178,0.176522507,0.904751131,1
202207,27500,"Janesville-Beloit, WI",264,64,-66,-1,67.39130435,42.14046823,92.64214047,36,-0.076923077,-3,0.028571429,1,0,-0.017236194,-0.227642783,1.871411022,290000,-0.016865836,0.263891915,0.656108597,0
202207,25860,"Hickory-Lenoir-Morganton, NC",146,65,-22,29,66.88963211,48.16053512,85.6187291,35,0.044776119,1.5,0.166666667,5,-1,-0.02466986,-0.368081933,1.683423334,339900,0.045846154,0.236224768,0.769004525,0
202207,39580,"Raleigh-Cary, NC",42,66,-5,54,66.72240803,96.98996656,36.4548495,23,0.393939394,6.5,0.210526316,4,-13,-0.056627985,-0.53899014,1.041788578,494900,-0.01010101,0.21346309,1.119683258,0
202207,32820,"Memphis, TN-MS-AR",46,67,-24,-35,66.38795987,64.88294314,67.89297659,31,0,0,-0.138888889,-5,-5,-0.083262471,-0.314636693,1.389717342,318400,0.043934426,0.299591837,0.720361991,0
202207,37860,"Pensacola-Ferry Pass-Brent, FL",109,68,7,41,66.05351171,73.57859532,58.52842809,30,0.2,5,0.25,6,-6,-0.095983698,-0.406746898,1.258583068,394900,0.008169517,0.17880597,0.893438914,0
202207,13780,"Binghamton, NY",189,69,-1,-42,65.88628763,41.80602007,89.96655518,36.5,0.106060606,3.5,0.013888889,0.5,0.5,-0.100495302,-0.077598533,1.749401748,189950,0.01333689,0.014419226,0.429751131,0
202207,22660,"Fort Collins, CO",140,70,-2,-155,65.71906355,80.60200669,50.8361204,29,0.260869565,6,-0.236842105,-9,-7,-0.020409627,-0.137208697,1.179008504,635000,0.012032831,0.160532749,1.436651584,0
202207,17820,"Colorado Springs, CO",74,71,5,56,65.38461539,92.64214047,38.1270903,25,0.428571429,7.5,0.785714286,11,-11,-0.070322399,-0.478216471,1.05642277,520000,-0.026842309,0.094736842,1.176470588,1
202207,44100,"Springfield, IL",208,72,-100,-99,65.05016722,55.51839465,74.5819398,33,-0.131578947,-5,-0.153846154,-6,-3,0.00614304,-0.120456195,1.484815923,169000,0.01076555,0.30100077,0.382352941,0
202207,30980,"Longview, TX",181,73,-3,5,64.88294314,42.14046823,87.62541806,36,0.066666667,2.25,0.090909091,3,0,-0.109744483,-0.213547695,1.712515014,299000,-0.014404852,0.150221196,0.676470588,0
202207,48620,"Wichita, KS",90,73,-28,-75,64.88294314,48.16053512,81.60535117,35,0.060606061,2,-0.186046512,-8,-1,0.019273195,-0.145770328,1.600016821,280000,0.000178603,0.272727273,0.633484163,0
202207,11540,"Appleton, WI",193,75,-60,27,64.71571906,33.77926421,95.65217391,38,-0.073170732,-3,0.1875,6,2,0.039676622,-0.160731183,2.094599709,365000,0.003567476,0.259054847,0.825791855,0
202207,12620,"Bangor, ME",268,75,47,-31,64.71571906,42.14046823,87.2909699,36,0.469387755,11.5,0.090909091,3,0,-0.023439188,-0.051207229,1.703583837,249900,-0.017881706,0.04604437,0.565384615,0
