data/RDC_Inventory_Hotness_Metrics_Metro_History.csv
month_date_yyyymm,cbsa_code,cbsa_title,nielsen_hh_rank,hotness_rank,hotness_rank_mm,hotness_rank_yy,hotness_score,supply_score,demand_score,median_days_on_market,median_days_on_market_mm,median_dom_mm_day,median_days_on_market_yy,median_dom_yy_day,median_dom_vs_us,ldp_unique_viewers_per_property_mm,ldp_unique_viewers_per_property_yy,ldp_unique_viewers_per_property_vs_us,median_listing_price,median_listing_price_mm,median_listing_price_yy,median_listing_price_vs_us,quality_flag
202207,45780,"Toledo, OH",87,77,36,7,63.71237458,52.5083612,74.91638796,34,0.307692308,8,0.133333333,4,-2,-0.075791098,-0.22196431,1.488139923,184900,-0.018968033,0,0.418325792,0
202207,15380,"Buffalo-Cheektowaga, NY",47,78,45,1,63.04347826,64.88294314,61.20401338,31,0.476190476,10,0.148148148,4,-5,-0.102161727,-0.244614156,1.29867908,249900,0.021354858,0.041684035,0.565384615,0
202207,19820,"Detroit-Warren-Dearborn, MI",13,78,-5,20,63.04347826,80.60200669,45.48494983,29,0.208333333,5,0.260869565,6,-7,-0.071280211,-0.360065406,1.113898464,279900,0,0.017818182,0.633257919,0
202207,46340,"Tyler, TX",206,78,12,-21,63.04347826,42.14046823,83.94648829,36,0.107692308,3.5,-0.076923077,-3,0,-0.144004352,-0.320528033,1.653694589,394700,-0.004853451,0.096388889,0.892986425,0
202207,41500,"Salinas, CA",154,81,1,-41,62.87625418,37.12374582,88.62876254,37,0.174603175,5.5,-0.139534884,-6,1,0.0233439,-0.233639449,1.720413303,998800,-5.01E-05,-0.092,2.259728507,0
202207,19100,"Dallas-Fort Worth-Arlington, TX",4,81,24,-2,62.87625418,80.60200669,45.15050167,29,0.318181818,7,0.035714286,1,-7,-0.119227486,-0.353487499,1.111883437,479900,-0.018169189,0.214936709,1.085746606,0
202207,48900,"Wilmington, NC",162,83,-11,-35,62.54180602,37.12374582,87.95986622,37,0.072463768,2.5,-0.108433735,-4.5,1,-0.046571446,-0.203255819,1.715878774,529900,0.01570227,0.177707349,1.198868778,0
202207,29540,"Lancaster, PA",106,84,-22,-96,62.37458194,42.14046823,82.60869565,36,0.043478261,1.5,-0.162790698,-7,0,-0.013190815,-0.09052828,1.628947734,359950,0.000277894,0.136205808,0.814366516,0
202207,27900,"Joplin, MO",254,85,13,0,62.04013378,58.52842809,65.55183947,32,0.185185185,5,0.103448276,3,-4,-0.05948136,-0.228484176,1.362749917,199950,-0.036384381,0.111450806,0.452375566,0
202207,34100,"Morristown, TN",300,86,-61,26,62.04013378,37.12374582,86.95652174,37,-0.038961039,-1.5,0.121212121,4,1,0.017803518,-0.2999877,1.697632855,374950,-0.023440552,0.121094334,0.848303167,0
202207,24300,"Grand Junction, CO",278,86,-40,22,62.04013378,73.57859532,50.50167224,30,0,0,0.304347826,7,-6,-0.064286172,-0.298285769,1.177191935,465000,-0.02351953,0.033344815,1.052036199,0
202207,31180,"Lubbock, TX",165,88,-14,-31,61.8729097,87.95986622,35.78595318,28,0.12,3,-0.034482759,-1,-8,-0.101110807,-0.303231981,1.036280225,320000,-0.058823529,0.105736006,0.723981901,0
202207,14860,"Bridgeport-Stamford-Norwalk, CT",62,89,25,-131,61.70568562,48.16053512,75.25083612,35,0.186440678,5.5,-0.125,-5,-1,-0.082765204,0.017610009,1.500078153,821950,-0.012079327,0.095933333,1.859615385,0
202207,34980,"Nashville-Davidson--Murfreesboro--Franklin, TN",35,90,12,50,61.70568562,98.99665552,24.41471572,21,0.35483871,5.5,0.4,6,-15,-0.142613219,-0.481331093,0.890193212,549990,-0.020499318,0.234455399,1.244321267,0
202207,42140,"Santa Fe, NM",257,91,-54,-80,61.37123746,42.14046823,80.60200669,36,-0.027027027,-1,-0.162790698,-7,0,-0.025387599,-0.12317002,1.588486496,775000,-0.025157233,0.148148148,1.753393665,0
202207,22220,"Fayetteville-Springdale-Rogers, AR",107,92,-11,-8,61.37123746,52.5083612,70.23411371,34,0.079365079,2.5,-0.055555556,-2,-2,-0.048676237,-0.315288147,1.413195443,424950,-0.023103448,0.249852941,0.961425339,0
202207,39740,"Reading, PA",132,93,28,-113,60.36789298,55.51839465,65.2173913,33,0.257142857,6.75,-0.153846154,-6,-3,-0.046838757,-0.127656175,1.35083104,251000,-0.015300118,0.016214903,0.567873303,0
202207,36740,"Orlando-Kissimmee-Sanford, FL",25,94,-1,-14,60.03344482,64.88294314,55.18394649,31,0.068965517,2,-0.138888889,-5,-5,-0.113772072,-0.367850041,1.21364861,464900,-0.000215054,0.275445816,1.051809955,0
202207,17460,"Cleveland-Elyria, OH",32,94,-18,-11,60.03344482,42.14046823,77.92642141,36,0.043478261,1.5,0,0,0,-0.003899638,-0.216981494,1.539930775,224900,-0.000444444,0.046533271,0.508823529,0
202207,13820,"Birmingham-Hoover, AL",50,96,-42,-53,59.86622074,73.57859532,46.15384615,30,0,0,-0.090909091,-3,-6,-0.066405555,-0.211792031,1.120180506,299500,0.001672241,0.089090909,0.67760181,0
202207,11700,"Asheville, NC",111,97,-18,-74,59.53177258,33.77926421,85.28428094,38,0.070422535,2.5,-0.136363636,-6,2,0.050458383,-0.077976574,1.682278134,530000,-0.053571429,0.167375168,1.199095023,0
202207,44060,"Spokane-Spokane Valley, WA",96,98,23,17,59.03010033,80.60200669,37.45819398,29,0.288888889,6.5,0,0,-7,-0.106426478,-0.416306672,1.045957051,499000,-0.026716534,0.147126437,1.128959276,0
202207,37340,"Palm Bay-Melbourne-Titusville, FL",88,99,-15,-31,58.52842809,52.5083612,64.54849498,34,0.096774194,3,-0.055555556,-2,-2,-0.019696493,-0.233238758,1.339369509,399900,-0.041168149,0.142571429,0.904751131,0
202207,35840,"North Port-Sarasota-Bradenton, FL",56,100,15,9,58.36120401,48.16053512,68.56187291,35,0.147540984,4.5,-0.027777778,-1,-1,-0.088407494,-0.38866576,1.392553664,584900,-0.023539232,0.285494506,1.323303167,0
202207,12700,"Barnstable Town, MA",192,101,19,-43,58.19397993,21.73913044,94.64882943,40,0.176470588,6,-0.14893617,-7,4,0.05046389,-0.024017901,2.004199986,825000,-0.027695934,0.13480055,1.866515837,0
202207,19740,"Denver-Aurora-Lakewood, CO",18,102,3,6,58.02675585,96.98996656,19.06354515,23,0.483870968,7.5,0.4375,7,-13,-0.088015373,-0.379063284,0.818691542,650000,-0.043062201,0.083513919,1.470588235,0
202207,31540,"Madison, WI",77,103,-10,-14,57.85953177,33.77926421,81.93979933,38,0.055555556,2,0.027027027,1,2,-0.038036967,-0.149602708,1.61600404,410000,-0.012048193,0.064935065,0.92760181,0
202207,49740,"Yuma, AZ",260,104,45,65,57.69230769,73.57859532,41.80602007,30,0.276595745,6.5,0.2,5,-6,-0.173980324,-0.439461099,1.079286359,310000,0.030319648,0.108132261,0.701357466,0
202207,26140,"Homosassa Springs, FL",249,105,21,-27,57.19063545,48.16053512,66.22073579,35,0.166666667,5,-0.078947368,-3,-1,-0.090807198,-0.25232717,1.373519535,339900,0.002285293,0.236236009,0.769004525,0
202207,21060,"Elizabethtown-Fort Knox, KY",282,106,29,66,57.02341137,80.60200669,33.44481605,29,0.633802817,11.25,0.16,4,-7,-0.081578143,-0.474421118,1.007328583,275000,0.028229576,0,0.622171946,0
202207,33700,"Modesto, CA",119,107,9,36,56.85618729,73.57859532,40.13377926,30,0.2,5,0.153846154,4,-6,-0.091646723,-0.384807037,1.071909643,480000,-0.029321567,0.066903756,1.085972851,0
202207,45460,"Terre Haute, IN",240,108,-72,-63,56.68896321,37.12374582,76.2541806,37,-0.057324841,-2.25,-0.075,-3,1,0.021630487,-0.114621371,1.510028624,159000,0.051239669,0.224018476,0.359728507,0
202207,24340,"Grand Rapids-Kentwood, MI",52,108,22,-73,56.68896321,73.57859532,39.7993311,30,0.276595745,6.5,-0.090909091,-3,-6,-0.078266883,-0.199929303,1.069913558,375000,0,0.236807388,0.84841629,0
202207,19460,"Decatur, AL",275,110,-51,-10,56.02006689,91.63879599,20.40133779,26,-0.018867925,-0.5,0.019607843,0.5,-10,-0.064567803,-0.365221406,0.831029411,274866,-0.034589944,0.057583686,0.621868778,0
202207,12540,"Bakersfield, CA",83,111,8,85,55.85284281,64.88294314,46.82274248,31,0.169811321,4.5,0.409090909,9,-5,-0.058532743,-0.438394345,1.128314065,390000,-0.023657529,0.21875,0.882352941,0
202207,37900,"Peoria, IL",130,111,-56,-96,55.85284281,42.14046823,69.56521739,36,-0.006896552,-0.25,-0.052631579,-2,0,0.021047414,-0.048535236,1.397542016,149000,0.022473838,0.354545455,0.337104072,0
202207,37100,"Oxnard-Thousand Oaks-Ventura, CA",85,111,23,-28,55.85284281,55.51839465,56.18729097,33,0.2,5.5,-0.070422535,-2.5,-3,-0.055655525,-0.227214598,1.233191282,899900,-0.031728927,0.022729856,2.035972851,0
202207,40220,"Roanoke, VA",155,114,9,-46,55.68561873,19.39799331,91.97324415,42.5,0.180555556,6.5,-0.055555556,-2.5,6.5,0.013655457,-0.036034365,1.827692343,344250,0.016236162,0.187478441,0.778846154,0
202207,17300,"Clarksville, TN-KY",169,115,-7,38,55.51839465,96.98996656,14.04682274,23,0.069767442,1.5,0.179487179,3.5,-13,-0.115186423,-0.499942868,0.745772434,357950,0.022860409,0.255964912,0.809841629,0
202207,28660,"Killeen-Temple, TX",121,116,24,24,55.35117057,73.57859532,37.12374582,30,0.153846154,4,-0.0625,-2,-6,-0.133008908,-0.447324328,1.045257623,312950,0.00144,0.256827309,0.708031674,0
202207,26900,"Indianapolis-Carmel-Anderson, IN",34,116,7,-39,55.35117057,64.88294314,45.81939799,31,0.107142857,3,-0.088235294,-3,-5,-0.068573751,-0.229772267,1.114973874,324900,0.017060573,0.162432916,0.735067873,0
202207,16300,"Cedar Rapids, IA",171,116,-55,-72,55.35117057,92.64214047,18.06020067,25,-0.056603774,-1.5,-0.166666667,-5,-11,-0.042799267,-0.236590571,0.817739315,275000,-0.083027676,0.294117647,0.622171946,0
202207,21500,"Erie, PA",177,119,26,12,55.01672241,21.73913044,88.29431438,40,0.142857143,5,0.025641026,1,4,-0.071630389,-0.218103427,1.716563426,189900,0.023443816,0.179503106,0.429638009,0
202207,40900,"Sacramento-Roseville-Folsom, CA",29,120,3,52,53.84615385,58.52842809,49.1638796,32,0.122807018,3.5,0.142857143,4,-4,-0.012123404,-0.356510078,1.156802759,629900,-0.02086358,0.05707784,1.425113122,0
202207,19660,"Deltona-Daytona Beach-Ormond Beach, FL",78,121,10,17,53.51170569,58.52842809,48.49498328,32,0.066666667,2,0,0,-4,-0.114920312,-0.351681963,1.153075949,402235,-0.032620949,0.218893939,0.910033937,0
202207,48140,"Wausau-Weston, WI",258,122,22,-23,53.51170569,14.71571906,92.30769231,43.5,0.251798561,8.75,0.175675676,6.5,7.5,0.077050372,0.109370627,1.862561268,292300,-0.008564403,0.223012552,0.661312217,0
202207,42020,"San Luis Obispo-Paso Robles, CA",180,123,-31,-37,53.34448161,27.42474916,79.26421405,39,0.04,1.5,-0.025,-1,3,0.026961984,-0.103462145,1.562135125,925000,-0.07011812,0.040494938,2.092760181,0
202207,16740,"Charlotte-Concord-Gastonia, NC-SC",22,123,-20,68,53.34448161,72.909699,33.77926421,30.5,0.12962963,3.5,0.173076923,4.5,-5.5,-0.034379297,-0.455467861,1.011731126,429900,-0.025178357,0.116623377,0.972624434,0
202207,49420,"Yakima, WA",213,125,46,63,53.01003345,58.52842809,47.4916388,32,0.20754717,5.5,0.454545455,10,-4,-0.161557556,-0.321503047,1.141247854,429950,0.011647059,0.211126761,0.972737557,0
202207,25940,"Hilton Head Island-Bluffton, SC",203,126,36,-51,52.84280937,15.38461539,90.30100334,43,0.264705882,9,-0.14,-7,7,-0.0009459,-0.094449088,1.756791307,625000,-0.023055881,0.25250501,1.414027149,0
202207,24660,"Greensboro-High Point, NC",72,127,-30,-77,52.67558528,48.16053512,57.19063545,35,0.111111111,3.5,-0.156626506,-6.5,-1,0.046702092,-0.232200683,1.245233226,320000,-0.044633527,0.28,0.723981901,0
202207,49660,"Youngstown-Warren-Boardman, OH-PA",103,128,1,14,52.34113712,27.42474916,77.25752508,39,0.083333333,3,0.083333333,3,3,-0.036793204,-0.193790874,1.523947919,148000,-0.004205214,0.064748201,0.334841629,0
202207,21660,"Eugene-Springfield, OR",127,128,-15,-73,52.34113712,73.57859532,31.10367893,30,0.121495327,3.25,-0.117647059,-4,-6,-0.056864795,-0.198995026,0.976314395,512450,0.015003714,0.139030896,1.15938914,0
202207,46140,"Tulsa, OK",54,130,-88,-92,51.6722408,64.88294314,38.46153846,31,-0.126760563,-4.5,-0.162162162,-6,-5,-0.067806798,-0.204718498,1.058298062,312950,0.044036697,0.227254902,0.708031674,0
202207,29700,"Laredo, TX",228,130,-62,-120,51.6722408,55.51839465,47.82608696,33,-0.095890411,-3.5,-0.365384615,-19,-3,-0.112766188,-0.285132472,1.144872932,240000,0.00041684,0.067140952,0.542986425,0
202207,28020,"Kalamazoo-Portage, MI",174,132,-18,-54,51.33779264,64.88294314,37.79264214,31,0.087719298,2.5,-0.060606061,-2,-5,-0.011679221,-0.196345398,1.050614763,305000,-0.062259079,0.023874745,0.690045249,0
202207,47260,"Virginia Beach-Norfolk-Newport News, VA-NC",36,133,-30,-49,51.33779264,90.63545151,12.04013378,27,0.125,3,0,0,-9,0.011025738,-0.083853636,0.72936191,350000,7.14E-07,0.147540984,0.791855204,0
202207,25620,"Hattiesburg, MS",262,134,16,-12,50.50167224,42.14046823,58.86287625,36,0.142857143,4.5,-0.027027027,-1,0,-0.089785249,-0.244757065,1.258896229,294450,-0.014887922,0.230721003,0.666176471,0
202207,24860,"Greenville-Anderson, SC",60,134,-34,-5,50.50167224,48.16053512,52.84280937,35,0.052631579,1.75,0,0,-1,3.92708E-06,-0.240221982,1.194122616,351673,-0.006966172,0.108783933,0.795640272,0
202207,22420,"Flint, MI",126,136,-62,26,50.33444816,58.52842809,42.14046823,32,-0.065693431,-2.25,0.032258065,1,-4,-0.049355366,-0.345002092,1.082138637,219980,-0.061318541,0.100450225,0.497692308,0
202207,40340,"Rochester, MN",202,136,-71,-61,50.33444816,37.12374582,63.5451505,37,0,0,0.027777778,1,1,0.0516401,-0.051857822,1.335434579,365000,-0.039220848,0.078286558,0.825791855,0
202207,27620,"Jefferson City, MO",287,138,111,133,50.16722408,21.73913044,78.59531773,40,0.739130435,17,1.105263158,21,4,-0.066751875,-0.5050933,1.553065325,217900,-0.082429729,0.147143985,0.492986425,1
202207,42680,"Sebastian-Vero Beach, FL",238,139,-34,-73,50,32.77591973,67.22408027,38.5,0.040540541,1.5,-0.214285714,-10.5,2.5,-0.045894205,-0.210408297,1.383878564,424950,-0.002739855,0.181319063,0.961425339,0
202207,31340,"Lynchburg, VA",182,140,33,-72,49.83277592,27.42474916,72.24080268,39,0.181818182,6,-0.025,-1,3,-0.02676784,-0.047990461,1.453947053,329900,-0.001664397,0.178635227,0.746380091,0
202207,35660,"Niles, MI",270,141,5,-83,49.66555184,19.39799331,79.93311037,42.5,0.231884058,8,-0.011627907,-0.5,6.5,0.071429679,-0.025201862,1.567936417,394950,-0.010150376,0.128428571,0.893552036,0
202207,10740,"Albuquerque, NM",58,142,-21,-73,49.49832776,52.5083612,46.48829431,34,0.133333333,4,-0.081081081,-3,-2,0.015771884,-0.174407213,1.121209929,390000,-0.006116208,0.148748159,0.882352941,0
202207,44300,"State College, PA",273,143,20,-83,49.33110368,37.12374582,61.53846154,37,0.04964539,1.75,-0.139534884,-6,1,-0.14028389,-0.165032043,1.310342914,372400,-0.004278075,0.163023111,0.842533937,0
202207,23420,"Fresno, CA",71,144,36,126,48.82943144,58.52842809,39.13043478,32,0.230769231,6,0.454545455,10,-4,-0.068075192,-0.51519625,1.068255237,439900,-0.002494331,0.102506266,0.995248869,0
202207,19340,"Davenport-Moline-Rock Island, IA-IL",134,145,-68,-56,48.49498328,33.77926421,63.21070234,38,0,0,0.055555556,2,2,0.040766099,-0.038952329,1.329996279,190000,0.078014184,0.461538462,0.429864253,0
202207,28420,"Kennewick-Richland, WA",178,146,15,122,48.3277592,63.87959866,32.77591973,31.5,0.125,3.5,0.369565217,8.5,-4.5,-0.109518462,-0.518629207,1.002596035,525000,-0.020476701,0.117140121,1.187782805,0
202207,45860,"Torrington, CT",229,147,8,-97,48.16053512,15.38461539,80.93645485,43,0.146666667,5.5,-0.085106383,-4,7,-0.06552065,0.027305075,1.594926932,535000,-0.026166098,0.072144289,1.21040724,0
202207,39380,"Pueblo, CO",252,148,-34,63,48.16053512,73.57859532,22.74247492,30,0.043478261,1.25,0.304347826,7,-6,-0.014297993,-0.439265322,0.870195233,399900,0.001126549,0.190532897,0.904751131,0
202207,17660,"Coeur d'Alene, ID",239,148,51,95,48.16053512,63.87959866,32.44147157,31.5,0.369565217,8.5,0.369565217,8.5,-4.5,-0.113181467,-0.431455977,0.996557306,749900,-0.054246213,0.013789374,1.696606335,0
202207,14500,"Boulder, CO",152,150,31,-44,47.99331104,73.57859532,22.40802676,30,0.363636364,8,-0.0625,-2,-6,-0.014400839,-0.27335288,0.86567178,859000,-0.029378531,0.094267516,1.943438914,0
202207,26620,"Huntsville, AL",108,151,27,123,47.82608696,80.60200669,15.05016722,29,0.348837209,7.5,1.9,19,-7,-0.092717074,-0.586539435,0.762991467,398900,-0.022883486,0.2465625,0.902488688,1
202207,41740,"San Diego-Chula Vista-Carlsbad, CA",19,152,4,-8,47.82608696,73.57859532,22.0735786,30,0.2,5,0.034482759,1,-6,-0.043056099,-0.231863197,0.857087726,899900,-0.050988663,0.104171779,2.035972851,0
